[2021-02-07T19:31:25.044-0800][gc,heap] Heap region size: 1M
[2021-02-07T19:31:25.044-0800][gc,heap,coops] Heap address: 0x00000000c0000000, size: 1024 MB, Compressed Oops mode: 32-bit
[2021-02-07T19:31:25.051-0800][gc           ] Using G1
[2021-02-07T19:31:25.051-0800][gc,cds       ] Mark closed archive regions in map: [0x00000000fff00000, 0x00000000fff7eff8]
[2021-02-07T19:31:25.051-0800][gc,cds       ] Mark open archive regions in map: [0x00000000ffe00000, 0x00000000ffe51ff8]
[2021-02-07T19:31:25.065-0800][gc           ] Periodic GC disabled
[2021-02-07T19:31:25.694-0800][gc,start     ] GC(0) Pause Young (Normal) (G1 Evacuation Pause)
[2021-02-07T19:31:25.695-0800][gc,task      ] GC(0) Using 8 workers of 8 for evacuation
[2021-02-07T19:31:25.701-0800][gc,phases    ] GC(0)   Pre Evacuate Collection Set: 0.2ms
[2021-02-07T19:31:25.701-0800][gc,phases    ] GC(0)   Merge Heap Roots: 0.2ms
[2021-02-07T19:31:25.701-0800][gc,phases    ] GC(0)   Evacuate Collection Set: 4.7ms
[2021-02-07T19:31:25.701-0800][gc,phases    ] GC(0)   Post Evacuate Collection Set: 0.8ms
[2021-02-07T19:31:25.701-0800][gc,phases    ] GC(0)   Other: 1.6ms
[2021-02-07T19:31:25.701-0800][gc,heap      ] GC(0) Eden regions: 51->0(44)
[2021-02-07T19:31:25.701-0800][gc,heap      ] GC(0) Survivor regions: 0->7(7)
[2021-02-07T19:31:25.701-0800][gc,heap      ] GC(0) Old regions: 0->0
[2021-02-07T19:31:25.701-0800][gc,heap      ] GC(0) Archive regions: 2->2
[2021-02-07T19:31:25.701-0800][gc,heap      ] GC(0) Humongous regions: 0->0
[2021-02-07T19:31:25.701-0800][gc,metaspace ] GC(0) Metaspace: 14441K(14976K)->14441K(14976K) NonClass: 12658K(13056K)->12658K(13056K) Class: 1783K(1920K)->1783K(1920K)
[2021-02-07T19:31:25.701-0800][gc           ] GC(0) Pause Young (Normal) (G1 Evacuation Pause) 51M->7M(1024M) 7.577ms
[2021-02-07T19:31:25.701-0800][gc,cpu       ] GC(0) User=0.03s Sys=0.02s Real=0.01s
[2021-02-07T19:31:26.011-0800][gc,start     ] GC(1) Pause Young (Concurrent Start) (Metadata GC Threshold)
[2021-02-07T19:31:26.011-0800][gc,task      ] GC(1) Using 8 workers of 8 for evacuation
[2021-02-07T19:31:26.018-0800][gc,phases    ] GC(1)   Pre Evacuate Collection Set: 0.3ms
[2021-02-07T19:31:26.018-0800][gc,phases    ] GC(1)   Merge Heap Roots: 0.1ms
[2021-02-07T19:31:26.018-0800][gc,phases    ] GC(1)   Evacuate Collection Set: 5.2ms
[2021-02-07T19:31:26.018-0800][gc,phases    ] GC(1)   Post Evacuate Collection Set: 0.9ms
[2021-02-07T19:31:26.018-0800][gc,phases    ] GC(1)   Other: 0.1ms
[2021-02-07T19:31:26.018-0800][gc,heap      ] GC(1) Eden regions: 27->0(49)
[2021-02-07T19:31:26.018-0800][gc,heap      ] GC(1) Survivor regions: 7->2(7)
[2021-02-07T19:31:26.018-0800][gc,heap      ] GC(1) Old regions: 0->7
[2021-02-07T19:31:26.018-0800][gc,heap      ] GC(1) Archive regions: 2->2
[2021-02-07T19:31:26.018-0800][gc,heap      ] GC(1) Humongous regions: 0->0
[2021-02-07T19:31:26.018-0800][gc,metaspace ] GC(1) Metaspace: 20571K(21248K)->20571K(21248K) NonClass: 18030K(18432K)->18030K(18432K) Class: 2541K(2816K)->2541K(2816K)
[2021-02-07T19:31:26.018-0800][gc           ] GC(1) Pause Young (Concurrent Start) (Metadata GC Threshold) 33M->7M(1024M) 6.668ms
[2021-02-07T19:31:26.018-0800][gc,cpu       ] GC(1) User=0.00s Sys=0.04s Real=0.01s
[2021-02-07T19:31:26.018-0800][gc           ] GC(2) Concurrent Cycle
[2021-02-07T19:31:26.018-0800][gc,marking   ] GC(2) Concurrent Clear Claimed Marks
[2021-02-07T19:31:26.018-0800][gc,marking   ] GC(2) Concurrent Clear Claimed Marks 0.048ms
[2021-02-07T19:31:26.018-0800][gc,marking   ] GC(2) Concurrent Scan Root Regions
[2021-02-07T19:31:26.020-0800][gc,marking   ] GC(2) Concurrent Scan Root Regions 2.180ms
[2021-02-07T19:31:26.020-0800][gc,marking   ] GC(2) Concurrent Mark (0.978s)
[2021-02-07T19:31:26.020-0800][gc,marking   ] GC(2) Concurrent Mark From Roots
[2021-02-07T19:31:26.020-0800][gc,task      ] GC(2) Using 2 workers of 2 for marking
[2021-02-07T19:31:26.022-0800][gc,marking   ] GC(2) Concurrent Mark From Roots 1.758ms
[2021-02-07T19:31:26.022-0800][gc,marking   ] GC(2) Concurrent Preclean
[2021-02-07T19:31:26.022-0800][gc,marking   ] GC(2) Concurrent Preclean 0.104ms
[2021-02-07T19:31:26.022-0800][gc,marking   ] GC(2) Concurrent Mark (0.978s, 0.980s) 1.978ms
[2021-02-07T19:31:26.023-0800][gc,start     ] GC(2) Pause Remark
[2021-02-07T19:31:26.024-0800][gc           ] GC(2) Pause Remark 8M->8M(1024M) 1.417ms
[2021-02-07T19:31:26.024-0800][gc,cpu       ] GC(2) User=0.00s Sys=0.00s Real=0.00s
[2021-02-07T19:31:26.024-0800][gc,marking   ] GC(2) Concurrent Rebuild Remembered Sets
[2021-02-07T19:31:26.026-0800][gc,marking   ] GC(2) Concurrent Rebuild Remembered Sets 1.852ms
[2021-02-07T19:31:26.027-0800][gc,start     ] GC(2) Pause Cleanup
[2021-02-07T19:31:26.027-0800][gc           ] GC(2) Pause Cleanup 8M->8M(1024M) 0.229ms
[2021-02-07T19:31:26.027-0800][gc,cpu       ] GC(2) User=0.00s Sys=0.00s Real=0.00s
[2021-02-07T19:31:26.027-0800][gc,marking   ] GC(2) Concurrent Cleanup for Next Mark
[2021-02-07T19:31:26.028-0800][gc,marking   ] GC(2) Concurrent Cleanup for Next Mark 1.280ms
[2021-02-07T19:31:26.028-0800][gc           ] GC(2) Concurrent Cycle 10.647ms
[2021-02-07T19:31:26.780-0800][gc,start     ] GC(3) Pause Young (Normal) (G1 Evacuation Pause)
[2021-02-07T19:31:26.780-0800][gc,task      ] GC(3) Using 8 workers of 8 for evacuation
[2021-02-07T19:31:26.783-0800][gc,phases    ] GC(3)   Pre Evacuate Collection Set: 0.2ms
[2021-02-07T19:31:26.783-0800][gc,phases    ] GC(3)   Merge Heap Roots: 0.1ms
[2021-02-07T19:31:26.783-0800][gc,phases    ] GC(3)   Evacuate Collection Set: 2.4ms
[2021-02-07T19:31:26.783-0800][gc,phases    ] GC(3)   Post Evacuate Collection Set: 0.8ms
[2021-02-07T19:31:26.783-0800][gc,phases    ] GC(3)   Other: 0.1ms
[2021-02-07T19:31:26.783-0800][gc,heap      ] GC(3) Eden regions: 49->0(47)
[2021-02-07T19:31:26.783-0800][gc,heap      ] GC(3) Survivor regions: 2->4(7)
[2021-02-07T19:31:26.783-0800][gc,heap      ] GC(3) Old regions: 7->7
[2021-02-07T19:31:26.783-0800][gc,heap      ] GC(3) Archive regions: 2->2
[2021-02-07T19:31:26.783-0800][gc,heap      ] GC(3) Humongous regions: 129->129
[2021-02-07T19:31:26.783-0800][gc,metaspace ] GC(3) Metaspace: 28819K(29824K)->28819K(29824K) NonClass: 25485K(26112K)->25485K(26112K) Class: 3334K(3712K)->3334K(3712K)
[2021-02-07T19:31:26.783-0800][gc           ] GC(3) Pause Young (Normal) (G1 Evacuation Pause) 185M->139M(1024M) 3.725ms
[2021-02-07T19:31:26.783-0800][gc,cpu       ] GC(3) User=0.02s Sys=0.00s Real=0.00s
[2021-02-07T19:31:27.082-0800][gc,start     ] GC(4) Pause Young (Concurrent Start) (Metadata GC Threshold)
[2021-02-07T19:31:27.082-0800][gc,task      ] GC(4) Using 8 workers of 8 for evacuation
[2021-02-07T19:31:27.090-0800][gc,phases    ] GC(4)   Pre Evacuate Collection Set: 0.3ms
[2021-02-07T19:31:27.090-0800][gc,phases    ] GC(4)   Merge Heap Roots: 0.2ms
[2021-02-07T19:31:27.090-0800][gc,phases    ] GC(4)   Evacuate Collection Set: 6.4ms
[2021-02-07T19:31:27.090-0800][gc,phases    ] GC(4)   Post Evacuate Collection Set: 1.1ms
[2021-02-07T19:31:27.090-0800][gc,phases    ] GC(4)   Other: 0.2ms
[2021-02-07T19:31:27.090-0800][gc,heap      ] GC(4) Eden regions: 29->0(45)
[2021-02-07T19:31:27.090-0800][gc,heap      ] GC(4) Survivor regions: 4->6(7)
[2021-02-07T19:31:27.090-0800][gc,heap      ] GC(4) Old regions: 7->7
[2021-02-07T19:31:27.090-0800][gc,heap      ] GC(4) Archive regions: 2->2
[2021-02-07T19:31:27.090-0800][gc,heap      ] GC(4) Humongous regions: 129->129
[2021-02-07T19:31:27.090-0800][gc,metaspace ] GC(4) Metaspace: 34624K(35840K)->34624K(35840K) NonClass: 30678K(31360K)->30678K(31360K) Class: 3945K(4480K)->3945K(4480K)
[2021-02-07T19:31:27.090-0800][gc           ] GC(4) Pause Young (Concurrent Start) (Metadata GC Threshold) 168M->142M(1024M) 8.308ms
[2021-02-07T19:31:27.090-0800][gc,cpu       ] GC(4) User=0.03s Sys=0.02s Real=0.01s
[2021-02-07T19:31:27.090-0800][gc           ] GC(5) Concurrent Cycle
[2021-02-07T19:31:27.090-0800][gc,marking   ] GC(5) Concurrent Clear Claimed Marks
[2021-02-07T19:31:27.090-0800][gc,marking   ] GC(5) Concurrent Clear Claimed Marks 0.079ms
[2021-02-07T19:31:27.090-0800][gc,marking   ] GC(5) Concurrent Scan Root Regions
[2021-02-07T19:31:27.094-0800][gc,marking   ] GC(5) Concurrent Scan Root Regions 3.038ms
[2021-02-07T19:31:27.094-0800][gc,marking   ] GC(5) Concurrent Mark (2.052s)
[2021-02-07T19:31:27.094-0800][gc,marking   ] GC(5) Concurrent Mark From Roots
[2021-02-07T19:31:27.094-0800][gc,task      ] GC(5) Using 2 workers of 2 for marking
[2021-02-07T19:31:27.103-0800][gc,marking   ] GC(5) Concurrent Mark From Roots 9.439ms
[2021-02-07T19:31:27.103-0800][gc,marking   ] GC(5) Concurrent Preclean
[2021-02-07T19:31:27.103-0800][gc,marking   ] GC(5) Concurrent Preclean 0.193ms
[2021-02-07T19:31:27.103-0800][gc,marking   ] GC(5) Concurrent Mark (2.052s, 2.061s) 9.690ms
[2021-02-07T19:31:27.104-0800][gc,start     ] GC(5) Pause Remark
[2021-02-07T19:31:27.106-0800][gc           ] GC(5) Pause Remark 143M->143M(1024M) 2.433ms
[2021-02-07T19:31:27.106-0800][gc,cpu       ] GC(5) User=0.03s Sys=0.00s Real=0.01s
[2021-02-07T19:31:27.106-0800][gc,marking   ] GC(5) Concurrent Rebuild Remembered Sets
[2021-02-07T19:31:27.111-0800][gc,marking   ] GC(5) Concurrent Rebuild Remembered Sets 4.956ms
[2021-02-07T19:31:27.112-0800][gc,start     ] GC(5) Pause Cleanup
[2021-02-07T19:31:27.112-0800][gc           ] GC(5) Pause Cleanup 143M->143M(1024M) 0.251ms
[2021-02-07T19:31:27.112-0800][gc,cpu       ] GC(5) User=0.00s Sys=0.00s Real=0.00s
[2021-02-07T19:31:27.112-0800][gc,marking   ] GC(5) Concurrent Cleanup for Next Mark
[2021-02-07T19:31:27.117-0800][gc,marking   ] GC(5) Concurrent Cleanup for Next Mark 4.429ms
[2021-02-07T19:31:27.117-0800][gc           ] GC(5) Concurrent Cycle 26.392ms
[2021-02-07T19:31:27.811-0800][gc,start     ] GC(6) Pause Young (Normal) (G1 Evacuation Pause)
[2021-02-07T19:31:27.811-0800][gc,task      ] GC(6) Using 8 workers of 8 for evacuation
[2021-02-07T19:31:27.818-0800][gc,phases    ] GC(6)   Pre Evacuate Collection Set: 0.2ms
[2021-02-07T19:31:27.818-0800][gc,phases    ] GC(6)   Merge Heap Roots: 0.1ms
[2021-02-07T19:31:27.818-0800][gc,phases    ] GC(6)   Evacuate Collection Set: 6.1ms
[2021-02-07T19:31:27.818-0800][gc,phases    ] GC(6)   Post Evacuate Collection Set: 0.9ms
[2021-02-07T19:31:27.818-0800][gc,phases    ] GC(6)   Other: 0.1ms
[2021-02-07T19:31:27.818-0800][gc,heap      ] GC(6) Eden regions: 45->0(47)
[2021-02-07T19:31:27.818-0800][gc,heap      ] GC(6) Survivor regions: 6->4(7)
[2021-02-07T19:31:27.818-0800][gc,heap      ] GC(6) Old regions: 7->10
[2021-02-07T19:31:27.818-0800][gc,heap      ] GC(6) Archive regions: 2->2
[2021-02-07T19:31:27.818-0800][gc,heap      ] GC(6) Humongous regions: 213->135
[2021-02-07T19:31:27.818-0800][gc,metaspace ] GC(6) Metaspace: 37335K(38912K)->37335K(38912K) NonClass: 32917K(33792K)->32917K(33792K) Class: 4418K(5120K)->4418K(5120K)
[2021-02-07T19:31:27.818-0800][gc           ] GC(6) Pause Young (Normal) (G1 Evacuation Pause) 271M->149M(1024M) 7.622ms
[2021-02-07T19:31:27.818-0800][gc,cpu       ] GC(6) User=0.04s Sys=0.01s Real=0.01s
[2021-02-07T19:34:14.812-0800][gc,start     ] GC(7) Pause Young (Normal) (G1 Evacuation Pause)
[2021-02-07T19:34:14.812-0800][gc,task      ] GC(7) Using 8 workers of 8 for evacuation
[2021-02-07T19:34:14.817-0800][gc,phases    ] GC(7)   Pre Evacuate Collection Set: 0.3ms
[2021-02-07T19:34:14.817-0800][gc,phases    ] GC(7)   Merge Heap Roots: 0.2ms
[2021-02-07T19:34:14.817-0800][gc,phases    ] GC(7)   Evacuate Collection Set: 2.8ms
[2021-02-07T19:34:14.817-0800][gc,phases    ] GC(7)   Post Evacuate Collection Set: 1.4ms
[2021-02-07T19:34:14.817-0800][gc,phases    ] GC(7)   Other: 0.2ms
[2021-02-07T19:34:14.817-0800][gc,heap      ] GC(7) Eden regions: 47->0(46)
[2021-02-07T19:34:14.817-0800][gc,heap      ] GC(7) Survivor regions: 4->5(7)
[2021-02-07T19:34:14.817-0800][gc,heap      ] GC(7) Old regions: 10->10
[2021-02-07T19:34:14.817-0800][gc,heap      ] GC(7) Archive regions: 2->2
[2021-02-07T19:34:14.817-0800][gc,heap      ] GC(7) Humongous regions: 147->129
[2021-02-07T19:34:14.817-0800][gc,metaspace ] GC(7) Metaspace: 40073K(42240K)->40073K(42240K) NonClass: 35192K(36352K)->35192K(36352K) Class: 4881K(5888K)->4881K(5888K)
[2021-02-07T19:34:14.817-0800][gc           ] GC(7) Pause Young (Normal) (G1 Evacuation Pause) 208M->143M(1024M) 4.892ms
[2021-02-07T19:34:14.817-0800][gc,cpu       ] GC(7) User=0.02s Sys=0.00s Real=0.01s
[2021-02-07T19:37:37.139-0800][gc,start     ] GC(8) Pause Young (Normal) (G1 Evacuation Pause)
[2021-02-07T19:37:37.139-0800][gc,task      ] GC(8) Using 8 workers of 8 for evacuation
[2021-02-07T19:37:37.144-0800][gc,phases    ] GC(8)   Pre Evacuate Collection Set: 0.2ms
[2021-02-07T19:37:37.144-0800][gc,phases    ] GC(8)   Merge Heap Roots: 0.2ms
[2021-02-07T19:37:37.144-0800][gc,phases    ] GC(8)   Evacuate Collection Set: 3.2ms
[2021-02-07T19:37:37.144-0800][gc,phases    ] GC(8)   Post Evacuate Collection Set: 1.0ms
[2021-02-07T19:37:37.144-0800][gc,phases    ] GC(8)   Other: 0.2ms
[2021-02-07T19:37:37.144-0800][gc,heap      ] GC(8) Eden regions: 46->0(66)
[2021-02-07T19:37:37.144-0800][gc,heap      ] GC(8) Survivor regions: 5->4(7)
[2021-02-07T19:37:37.144-0800][gc,heap      ] GC(8) Old regions: 10->13
[2021-02-07T19:37:37.144-0800][gc,heap      ] GC(8) Archive regions: 2->2
[2021-02-07T19:37:37.144-0800][gc,heap      ] GC(8) Humongous regions: 129->129
[2021-02-07T19:37:37.144-0800][gc,metaspace ] GC(8) Metaspace: 40833K(43008K)->40833K(43008K) NonClass: 35949K(37120K)->35949K(37120K) Class: 4883K(5888K)->4883K(5888K)
[2021-02-07T19:37:37.144-0800][gc           ] GC(8) Pause Young (Normal) (G1 Evacuation Pause) 189M->145M(1024M) 4.933ms
[2021-02-07T19:37:37.144-0800][gc,cpu       ] GC(8) User=0.01s Sys=0.02s Real=0.01s
[2021-02-07T19:42:49.564-0800][gc,start     ] GC(9) Pause Young (Normal) (G1 Evacuation Pause)
[2021-02-07T19:42:49.564-0800][gc,task      ] GC(9) Using 8 workers of 8 for evacuation
[2021-02-07T19:42:49.570-0800][gc,phases    ] GC(9)   Pre Evacuate Collection Set: 0.2ms
[2021-02-07T19:42:49.570-0800][gc,phases    ] GC(9)   Merge Heap Roots: 0.3ms
[2021-02-07T19:42:49.570-0800][gc,phases    ] GC(9)   Evacuate Collection Set: 4.3ms
[2021-02-07T19:42:49.570-0800][gc,phases    ] GC(9)   Post Evacuate Collection Set: 0.9ms
[2021-02-07T19:42:49.570-0800][gc,phases    ] GC(9)   Other: 0.2ms
[2021-02-07T19:42:49.570-0800][gc,heap      ] GC(9) Eden regions: 66->0(422)
[2021-02-07T19:42:49.570-0800][gc,heap      ] GC(9) Survivor regions: 4->4(9)
[2021-02-07T19:42:49.570-0800][gc,heap      ] GC(9) Old regions: 13->13
[2021-02-07T19:42:49.570-0800][gc,heap      ] GC(9) Archive regions: 2->2
[2021-02-07T19:42:49.570-0800][gc,heap      ] GC(9) Humongous regions: 129->129
[2021-02-07T19:42:49.570-0800][gc,metaspace ] GC(9) Metaspace: 41244K(43520K)->41244K(43520K) NonClass: 36332K(37632K)->36332K(37632K) Class: 4911K(5888K)->4911K(5888K)
[2021-02-07T19:42:49.570-0800][gc           ] GC(9) Pause Young (Normal) (G1 Evacuation Pause) 211M->145M(1024M) 6.106ms
[2021-02-07T19:42:49.570-0800][gc,cpu       ] GC(9) User=0.02s Sys=0.01s Real=0.01s
[2021-02-07T20:15:50.428-0800][gc,start     ] GC(10) Pause Young (Normal) (G1 Evacuation Pause)
[2021-02-07T20:15:50.428-0800][gc,task      ] GC(10) Using 8 workers of 8 for evacuation
[2021-02-07T20:15:50.436-0800][gc,phases    ] GC(10)   Pre Evacuate Collection Set: 0.3ms
[2021-02-07T20:15:50.436-0800][gc,phases    ] GC(10)   Merge Heap Roots: 0.2ms
[2021-02-07T20:15:50.436-0800][gc,phases    ] GC(10)   Evacuate Collection Set: 6.2ms
[2021-02-07T20:15:50.436-0800][gc,phases    ] GC(10)   Post Evacuate Collection Set: 1.4ms
[2021-02-07T20:15:50.436-0800][gc,phases    ] GC(10)   Other: 0.2ms
[2021-02-07T20:15:50.436-0800][gc,heap      ] GC(10) Eden regions: 422->0(357)
[2021-02-07T20:15:50.436-0800][gc,heap      ] GC(10) Survivor regions: 4->5(54)
[2021-02-07T20:15:50.436-0800][gc,heap      ] GC(10) Old regions: 13->13
[2021-02-07T20:15:50.436-0800][gc,heap      ] GC(10) Archive regions: 2->2
[2021-02-07T20:15:50.436-0800][gc,heap      ] GC(10) Humongous regions: 129->129
[2021-02-07T20:15:50.436-0800][gc,metaspace ] GC(10) Metaspace: 41770K(44032K)->41770K(44032K) NonClass: 36842K(38144K)->36842K(38144K) Class: 4927K(5888K)->4927K(5888K)
[2021-02-07T20:15:50.436-0800][gc           ] GC(10) Pause Young (Normal) (G1 Evacuation Pause) 567M->146M(1024M) 8.289ms
[2021-02-07T20:15:50.436-0800][gc,cpu       ] GC(10) User=0.04s Sys=0.01s Real=0.01s
[2021-02-07T20:42:19.787-0800][gc,start     ] GC(11) Pause Young (Normal) (G1 Evacuation Pause)
[2021-02-07T20:42:19.787-0800][gc,task      ] GC(11) Using 8 workers of 8 for evacuation
[2021-02-07T20:42:19.792-0800][gc,phases    ] GC(11)   Pre Evacuate Collection Set: 0.2ms
[2021-02-07T20:42:19.792-0800][gc,phases    ] GC(11)   Merge Heap Roots: 0.2ms
[2021-02-07T20:42:19.792-0800][gc,phases    ] GC(11)   Evacuate Collection Set: 3.1ms
[2021-02-07T20:42:19.792-0800][gc,phases    ] GC(11)   Post Evacuate Collection Set: 1.6ms
[2021-02-07T20:42:19.792-0800][gc,phases    ] GC(11)   Other: 0.1ms
[2021-02-07T20:42:19.792-0800][gc,heap      ] GC(11) Eden regions: 357->0(601)
[2021-02-07T20:42:19.792-0800][gc,heap      ] GC(11) Survivor regions: 5->5(46)
[2021-02-07T20:42:19.792-0800][gc,heap      ] GC(11) Old regions: 13->13
[2021-02-07T20:42:19.792-0800][gc,heap      ] GC(11) Archive regions: 2->2
[2021-02-07T20:42:19.792-0800][gc,heap      ] GC(11) Humongous regions: 129->129
[2021-02-07T20:42:19.792-0800][gc,metaspace ] GC(11) Metaspace: 41943K(44288K)->41943K(44288K) NonClass: 37000K(38400K)->37000K(38400K) Class: 4942K(5888K)->4942K(5888K)
[2021-02-07T20:42:19.792-0800][gc           ] GC(11) Pause Young (Normal) (G1 Evacuation Pause) 503M->146M(1024M) 5.255ms
[2021-02-07T20:42:19.792-0800][gc,cpu       ] GC(11) User=0.02s Sys=0.01s Real=0.00s
[2021-02-07T21:06:26.429-0800][gc,heap,exit ] Heap
[2021-02-07T21:06:26.429-0800][gc,heap,exit ]  garbage-first heap   total 1048576K, used 498420K [0x00000000c0000000, 0x0000000100000000)
[2021-02-07T21:06:26.429-0800][gc,heap,exit ]   region size 1024K, 347 young (355328K), 5 survivors (5120K)
[2021-02-07T21:06:26.429-0800][gc,heap,exit ]  Metaspace       used 42734K, capacity 45002K, committed 45056K, reserved 1087488K
[2021-02-07T21:06:26.429-0800][gc,heap,exit ]   class space    used 5121K, capacity 6104K, committed 6144K, reserved 1048576K
