[2021-02-01T21:30:11.353-0800][gc,heap] Heap region size: 1M
[2021-02-01T21:30:11.353-0800][gc,heap,coops] Heap address: 0x00000000c0000000, size: 1024 MB, Compressed Oops mode: 32-bit
[2021-02-01T21:30:11.360-0800][gc           ] Using G1
[2021-02-01T21:30:11.360-0800][gc,cds       ] Mark closed archive regions in map: [0x00000000fff00000, 0x00000000fff7eff8]
[2021-02-01T21:30:11.360-0800][gc,cds       ] Mark open archive regions in map: [0x00000000ffe00000, 0x00000000ffe51ff8]
[2021-02-01T21:30:11.374-0800][gc           ] Periodic GC disabled
[2021-02-01T21:30:12.120-0800][gc,start     ] GC(0) Pause Young (Normal) (G1 Evacuation Pause)
[2021-02-01T21:30:12.121-0800][gc,task      ] GC(0) Using 8 workers of 8 for evacuation
[2021-02-01T21:30:12.128-0800][gc,phases    ] GC(0)   Pre Evacuate Collection Set: 0.2ms
[2021-02-01T21:30:12.128-0800][gc,phases    ] GC(0)   Merge Heap Roots: 0.2ms
[2021-02-01T21:30:12.128-0800][gc,phases    ] GC(0)   Evacuate Collection Set: 5.1ms
[2021-02-01T21:30:12.128-0800][gc,phases    ] GC(0)   Post Evacuate Collection Set: 1.0ms
[2021-02-01T21:30:12.128-0800][gc,phases    ] GC(0)   Other: 1.6ms
[2021-02-01T21:30:12.128-0800][gc,heap      ] GC(0) Eden regions: 51->0(44)
[2021-02-01T21:30:12.128-0800][gc,heap      ] GC(0) Survivor regions: 0->7(7)
[2021-02-01T21:30:12.128-0800][gc,heap      ] GC(0) Old regions: 0->0
[2021-02-01T21:30:12.128-0800][gc,heap      ] GC(0) Archive regions: 2->2
[2021-02-01T21:30:12.128-0800][gc,heap      ] GC(0) Humongous regions: 0->0
[2021-02-01T21:30:12.128-0800][gc,metaspace ] GC(0) Metaspace: 15039K(15616K)->15039K(15616K) NonClass: 13154K(13568K)->13154K(13568K) Class: 1885K(2048K)->1885K(2048K)
[2021-02-01T21:30:12.128-0800][gc           ] GC(0) Pause Young (Normal) (G1 Evacuation Pause) 51M->6M(1024M) 8.080ms
[2021-02-01T21:30:12.128-0800][gc,cpu       ] GC(0) User=0.00s Sys=0.05s Real=0.01s
[2021-02-01T21:30:12.356-0800][gc,start     ] GC(1) Pause Young (Concurrent Start) (Metadata GC Threshold)
[2021-02-01T21:30:12.356-0800][gc,task      ] GC(1) Using 8 workers of 8 for evacuation
[2021-02-01T21:30:12.362-0800][gc,phases    ] GC(1)   Pre Evacuate Collection Set: 0.2ms
[2021-02-01T21:30:12.362-0800][gc,phases    ] GC(1)   Merge Heap Roots: 0.1ms
[2021-02-01T21:30:12.363-0800][gc,phases    ] GC(1)   Evacuate Collection Set: 5.3ms
[2021-02-01T21:30:12.363-0800][gc,phases    ] GC(1)   Post Evacuate Collection Set: 0.8ms
[2021-02-01T21:30:12.363-0800][gc,phases    ] GC(1)   Other: 0.2ms
[2021-02-01T21:30:12.363-0800][gc,heap      ] GC(1) Eden regions: 24->0(49)
[2021-02-01T21:30:12.363-0800][gc,heap      ] GC(1) Survivor regions: 7->2(7)
[2021-02-01T21:30:12.363-0800][gc,heap      ] GC(1) Old regions: 0->7
[2021-02-01T21:30:12.363-0800][gc,heap      ] GC(1) Archive regions: 2->2
[2021-02-01T21:30:12.363-0800][gc,heap      ] GC(1) Humongous regions: 0->0
[2021-02-01T21:30:12.363-0800][gc,metaspace ] GC(1) Metaspace: 20578K(21248K)->20578K(21248K) NonClass: 18037K(18432K)->18037K(18432K) Class: 2541K(2816K)->2541K(2816K)
[2021-02-01T21:30:12.363-0800][gc           ] GC(1) Pause Young (Concurrent Start) (Metadata GC Threshold) 30M->8M(1024M) 6.658ms
[2021-02-01T21:30:12.363-0800][gc,cpu       ] GC(1) User=0.04s Sys=0.00s Real=0.00s
[2021-02-01T21:30:12.363-0800][gc           ] GC(2) Concurrent Cycle
[2021-02-01T21:30:12.363-0800][gc,marking   ] GC(2) Concurrent Clear Claimed Marks
[2021-02-01T21:30:12.363-0800][gc,marking   ] GC(2) Concurrent Clear Claimed Marks 0.031ms
[2021-02-01T21:30:12.363-0800][gc,marking   ] GC(2) Concurrent Scan Root Regions
[2021-02-01T21:30:12.365-0800][gc,marking   ] GC(2) Concurrent Scan Root Regions 2.334ms
[2021-02-01T21:30:12.365-0800][gc,marking   ] GC(2) Concurrent Mark (1.014s)
[2021-02-01T21:30:12.365-0800][gc,marking   ] GC(2) Concurrent Mark From Roots
[2021-02-01T21:30:12.365-0800][gc,task      ] GC(2) Using 2 workers of 2 for marking
[2021-02-01T21:30:12.366-0800][gc,marking   ] GC(2) Concurrent Mark From Roots 1.293ms
[2021-02-01T21:30:12.366-0800][gc,marking   ] GC(2) Concurrent Preclean
[2021-02-01T21:30:12.366-0800][gc,marking   ] GC(2) Concurrent Preclean 0.112ms
[2021-02-01T21:30:12.366-0800][gc,marking   ] GC(2) Concurrent Mark (1.014s, 1.015s) 1.446ms
[2021-02-01T21:30:12.367-0800][gc,start     ] GC(2) Pause Remark
[2021-02-01T21:30:12.368-0800][gc           ] GC(2) Pause Remark 8M->8M(1024M) 1.241ms
[2021-02-01T21:30:12.368-0800][gc,cpu       ] GC(2) User=0.00s Sys=0.00s Real=0.00s
[2021-02-01T21:30:12.368-0800][gc,marking   ] GC(2) Concurrent Rebuild Remembered Sets
[2021-02-01T21:30:12.370-0800][gc,marking   ] GC(2) Concurrent Rebuild Remembered Sets 2.089ms
[2021-02-01T21:30:12.371-0800][gc,start     ] GC(2) Pause Cleanup
[2021-02-01T21:30:12.371-0800][gc           ] GC(2) Pause Cleanup 8M->8M(1024M) 0.242ms
[2021-02-01T21:30:12.371-0800][gc,cpu       ] GC(2) User=0.00s Sys=0.00s Real=0.00s
[2021-02-01T21:30:12.371-0800][gc,marking   ] GC(2) Concurrent Cleanup for Next Mark
[2021-02-01T21:30:12.373-0800][gc,marking   ] GC(2) Concurrent Cleanup for Next Mark 1.324ms
[2021-02-01T21:30:12.373-0800][gc           ] GC(2) Concurrent Cycle 9.956ms
[2021-02-01T21:30:13.375-0800][gc,start     ] GC(3) Pause Young (Normal) (G1 Evacuation Pause)
[2021-02-01T21:30:13.375-0800][gc,task      ] GC(3) Using 8 workers of 8 for evacuation
[2021-02-01T21:30:13.378-0800][gc,phases    ] GC(3)   Pre Evacuate Collection Set: 0.2ms
[2021-02-01T21:30:13.379-0800][gc,phases    ] GC(3)   Merge Heap Roots: 0.1ms
[2021-02-01T21:30:13.379-0800][gc,phases    ] GC(3)   Evacuate Collection Set: 2.7ms
[2021-02-01T21:30:13.379-0800][gc,phases    ] GC(3)   Post Evacuate Collection Set: 0.8ms
[2021-02-01T21:30:13.379-0800][gc,phases    ] GC(3)   Other: 0.1ms
[2021-02-01T21:30:13.379-0800][gc,heap      ] GC(3) Eden regions: 49->0(47)
[2021-02-01T21:30:13.379-0800][gc,heap      ] GC(3) Survivor regions: 2->4(7)
[2021-02-01T21:30:13.379-0800][gc,heap      ] GC(3) Old regions: 7->7
[2021-02-01T21:30:13.379-0800][gc,heap      ] GC(3) Archive regions: 2->2
[2021-02-01T21:30:13.379-0800][gc,heap      ] GC(3) Humongous regions: 129->129
[2021-02-01T21:30:13.379-0800][gc,metaspace ] GC(3) Metaspace: 28573K(29568K)->28573K(29568K) NonClass: 25263K(25856K)->25263K(25856K) Class: 3309K(3712K)->3309K(3712K)
[2021-02-01T21:30:13.379-0800][gc           ] GC(3) Pause Young (Normal) (G1 Evacuation Pause) 186M->139M(1024M) 4.011ms
[2021-02-01T21:30:13.379-0800][gc,cpu       ] GC(3) User=0.02s Sys=0.00s Real=0.00s
[2021-02-01T21:30:13.664-0800][gc,start     ] GC(4) Pause Young (Concurrent Start) (Metadata GC Threshold)
[2021-02-01T21:30:13.664-0800][gc,task      ] GC(4) Using 8 workers of 8 for evacuation
[2021-02-01T21:30:13.670-0800][gc,phases    ] GC(4)   Pre Evacuate Collection Set: 0.3ms
[2021-02-01T21:30:13.670-0800][gc,phases    ] GC(4)   Merge Heap Roots: 0.1ms
[2021-02-01T21:30:13.670-0800][gc,phases    ] GC(4)   Evacuate Collection Set: 4.4ms
[2021-02-01T21:30:13.670-0800][gc,phases    ] GC(4)   Post Evacuate Collection Set: 1.1ms
[2021-02-01T21:30:13.670-0800][gc,phases    ] GC(4)   Other: 0.1ms
[2021-02-01T21:30:13.670-0800][gc,heap      ] GC(4) Eden regions: 30->0(45)
[2021-02-01T21:30:13.670-0800][gc,heap      ] GC(4) Survivor regions: 4->6(7)
[2021-02-01T21:30:13.670-0800][gc,heap      ] GC(4) Old regions: 7->7
[2021-02-01T21:30:13.670-0800][gc,heap      ] GC(4) Archive regions: 2->2
[2021-02-01T21:30:13.670-0800][gc,heap      ] GC(4) Humongous regions: 129->129
[2021-02-01T21:30:13.670-0800][gc,metaspace ] GC(4) Metaspace: 34601K(35840K)->34601K(35840K) NonClass: 30666K(31360K)->30666K(31360K) Class: 3934K(4480K)->3934K(4480K)
[2021-02-01T21:30:13.670-0800][gc           ] GC(4) Pause Young (Concurrent Start) (Metadata GC Threshold) 169M->142M(1024M) 6.112ms
[2021-02-01T21:30:13.670-0800][gc,cpu       ] GC(4) User=0.03s Sys=0.01s Real=0.00s
[2021-02-01T21:30:13.670-0800][gc           ] GC(5) Concurrent Cycle
[2021-02-01T21:30:13.670-0800][gc,marking   ] GC(5) Concurrent Clear Claimed Marks
[2021-02-01T21:30:13.670-0800][gc,marking   ] GC(5) Concurrent Clear Claimed Marks 0.080ms
[2021-02-01T21:30:13.670-0800][gc,marking   ] GC(5) Concurrent Scan Root Regions
[2021-02-01T21:30:13.674-0800][gc,marking   ] GC(5) Concurrent Scan Root Regions 3.365ms
[2021-02-01T21:30:13.674-0800][gc,marking   ] GC(5) Concurrent Mark (2.322s)
[2021-02-01T21:30:13.674-0800][gc,marking   ] GC(5) Concurrent Mark From Roots
[2021-02-01T21:30:13.674-0800][gc,task      ] GC(5) Using 2 workers of 2 for marking
[2021-02-01T21:30:13.681-0800][gc,marking   ] GC(5) Concurrent Mark From Roots 7.157ms
[2021-02-01T21:30:13.681-0800][gc,marking   ] GC(5) Concurrent Preclean
[2021-02-01T21:30:13.681-0800][gc,marking   ] GC(5) Concurrent Preclean 0.167ms
[2021-02-01T21:30:13.681-0800][gc,marking   ] GC(5) Concurrent Mark (2.322s, 2.330s) 7.378ms
[2021-02-01T21:30:13.681-0800][gc,start     ] GC(5) Pause Remark
[2021-02-01T21:30:13.683-0800][gc           ] GC(5) Pause Remark 143M->143M(1024M) 2.094ms
[2021-02-01T21:30:13.683-0800][gc,cpu       ] GC(5) User=0.02s Sys=0.00s Real=0.01s
[2021-02-01T21:30:13.683-0800][gc,marking   ] GC(5) Concurrent Rebuild Remembered Sets
[2021-02-01T21:30:13.688-0800][gc,marking   ] GC(5) Concurrent Rebuild Remembered Sets 4.672ms
[2021-02-01T21:30:13.689-0800][gc,start     ] GC(5) Pause Cleanup
[2021-02-01T21:30:13.689-0800][gc           ] GC(5) Pause Cleanup 144M->144M(1024M) 0.186ms
[2021-02-01T21:30:13.689-0800][gc,cpu       ] GC(5) User=0.00s Sys=0.00s Real=0.00s
[2021-02-01T21:30:13.689-0800][gc,marking   ] GC(5) Concurrent Cleanup for Next Mark
[2021-02-01T21:30:13.692-0800][gc,marking   ] GC(5) Concurrent Cleanup for Next Mark 2.916ms
[2021-02-01T21:30:13.692-0800][gc           ] GC(5) Concurrent Cycle 21.976ms
[2021-02-01T21:30:14.397-0800][gc,start     ] GC(6) Pause Young (Normal) (G1 Evacuation Pause)
[2021-02-01T21:30:14.397-0800][gc,task      ] GC(6) Using 8 workers of 8 for evacuation
[2021-02-01T21:30:14.404-0800][gc,phases    ] GC(6)   Pre Evacuate Collection Set: 0.2ms
[2021-02-01T21:30:14.404-0800][gc,phases    ] GC(6)   Merge Heap Roots: 0.2ms
[2021-02-01T21:30:14.404-0800][gc,phases    ] GC(6)   Evacuate Collection Set: 5.6ms
[2021-02-01T21:30:14.404-0800][gc,phases    ] GC(6)   Post Evacuate Collection Set: 0.9ms
[2021-02-01T21:30:14.404-0800][gc,phases    ] GC(6)   Other: 0.2ms
[2021-02-01T21:30:14.404-0800][gc,heap      ] GC(6) Eden regions: 45->0(47)
[2021-02-01T21:30:14.404-0800][gc,heap      ] GC(6) Survivor regions: 6->4(7)
[2021-02-01T21:30:14.404-0800][gc,heap      ] GC(6) Old regions: 7->10
[2021-02-01T21:30:14.404-0800][gc,heap      ] GC(6) Archive regions: 2->2
[2021-02-01T21:30:14.404-0800][gc,heap      ] GC(6) Humongous regions: 255->135
[2021-02-01T21:30:14.404-0800][gc,metaspace ] GC(6) Metaspace: 37376K(38988K)->37376K(38988K) NonClass: 32955K(33792K)->32955K(33792K) Class: 4420K(5196K)->4420K(5196K)
[2021-02-01T21:30:14.404-0800][gc           ] GC(6) Pause Young (Normal) (G1 Evacuation Pause) 313M->149M(1024M) 7.164ms
[2021-02-01T21:30:14.404-0800][gc,cpu       ] GC(6) User=0.03s Sys=0.02s Real=0.01s
[2021-02-01T21:30:14.614-0800][gc,start     ] GC(7) Pause Young (Normal) (G1 Evacuation Pause)
[2021-02-01T21:30:14.614-0800][gc,task      ] GC(7) Using 8 workers of 8 for evacuation
[2021-02-01T21:30:14.618-0800][gc,phases    ] GC(7)   Pre Evacuate Collection Set: 0.2ms
[2021-02-01T21:30:14.618-0800][gc,phases    ] GC(7)   Merge Heap Roots: 0.2ms
[2021-02-01T21:30:14.618-0800][gc,phases    ] GC(7)   Evacuate Collection Set: 2.6ms
[2021-02-01T21:30:14.618-0800][gc,phases    ] GC(7)   Post Evacuate Collection Set: 0.7ms
[2021-02-01T21:30:14.618-0800][gc,phases    ] GC(7)   Other: 0.1ms
[2021-02-01T21:30:14.618-0800][gc,heap      ] GC(7) Eden regions: 47->0(47)
[2021-02-01T21:30:14.618-0800][gc,heap      ] GC(7) Survivor regions: 4->4(7)
[2021-02-01T21:30:14.618-0800][gc,heap      ] GC(7) Old regions: 10->10
[2021-02-01T21:30:14.618-0800][gc,heap      ] GC(7) Archive regions: 2->2
[2021-02-01T21:30:14.618-0800][gc,heap      ] GC(7) Humongous regions: 135->135
[2021-02-01T21:30:14.618-0800][gc,metaspace ] GC(7) Metaspace: 37376K(38988K)->37376K(38988K) NonClass: 32955K(33792K)->32955K(33792K) Class: 4420K(5196K)->4420K(5196K)
[2021-02-01T21:30:14.618-0800][gc           ] GC(7) Pause Young (Normal) (G1 Evacuation Pause) 196M->149M(1024M) 3.898ms
[2021-02-01T21:30:14.618-0800][gc,cpu       ] GC(7) User=0.01s Sys=0.00s Real=0.00s
[2021-02-01T21:53:14.069-0800][gc,start     ] GC(8) Pause Young (Normal) (G1 Evacuation Pause)
[2021-02-01T21:53:14.069-0800][gc,task      ] GC(8) Using 8 workers of 8 for evacuation
[2021-02-01T21:53:14.073-0800][gc,phases    ] GC(8)   Pre Evacuate Collection Set: 0.3ms
[2021-02-01T21:53:14.073-0800][gc,phases    ] GC(8)   Merge Heap Roots: 0.2ms
[2021-02-01T21:53:14.073-0800][gc,phases    ] GC(8)   Evacuate Collection Set: 1.8ms
[2021-02-01T21:53:14.073-0800][gc,phases    ] GC(8)   Post Evacuate Collection Set: 1.0ms
[2021-02-01T21:53:14.073-0800][gc,phases    ] GC(8)   Other: 0.1ms
[2021-02-01T21:53:14.073-0800][gc,heap      ] GC(8) Eden regions: 47->0(67)
[2021-02-01T21:53:14.073-0800][gc,heap      ] GC(8) Survivor regions: 4->4(7)
[2021-02-01T21:53:14.073-0800][gc,heap      ] GC(8) Old regions: 10->10
[2021-02-01T21:53:14.073-0800][gc,heap      ] GC(8) Archive regions: 2->2
[2021-02-01T21:53:14.073-0800][gc,heap      ] GC(8) Humongous regions: 159->129
[2021-02-01T21:53:14.073-0800][gc,metaspace ] GC(8) Metaspace: 38409K(40140K)->38409K(40140K) NonClass: 33849K(34816K)->33849K(34816K) Class: 4559K(5324K)->4559K(5324K)
[2021-02-01T21:53:14.073-0800][gc           ] GC(8) Pause Young (Normal) (G1 Evacuation Pause) 220M->143M(1024M) 3.468ms
[2021-02-01T21:53:14.073-0800][gc,cpu       ] GC(8) User=0.02s Sys=0.00s Real=0.01s
[2021-02-01T22:36:39.611-0800][gc,start     ] GC(9) Pause Young (Normal) (G1 Evacuation Pause)
[2021-02-01T22:36:39.611-0800][gc,task      ] GC(9) Using 8 workers of 8 for evacuation
[2021-02-01T22:36:39.627-0800][gc,phases    ] GC(9)   Pre Evacuate Collection Set: 2.0ms
[2021-02-01T22:36:39.627-0800][gc,phases    ] GC(9)   Merge Heap Roots: 0.4ms
[2021-02-01T22:36:39.627-0800][gc,phases    ] GC(9)   Evacuate Collection Set: 10.7ms
[2021-02-01T22:36:39.627-0800][gc,phases    ] GC(9)   Post Evacuate Collection Set: 2.2ms
[2021-02-01T22:36:39.628-0800][gc,phases    ] GC(9)   Other: 1.2ms
[2021-02-01T22:36:39.628-0800][gc,heap      ] GC(9) Eden regions: 67->0(352)
[2021-02-01T22:36:39.628-0800][gc,heap      ] GC(9) Survivor regions: 4->4(9)
[2021-02-01T22:36:39.628-0800][gc,heap      ] GC(9) Old regions: 10->10
[2021-02-01T22:36:39.628-0800][gc,heap      ] GC(9) Archive regions: 2->2
[2021-02-01T22:36:39.628-0800][gc,heap      ] GC(9) Humongous regions: 129->129
[2021-02-01T22:36:39.628-0800][gc,metaspace ] GC(9) Metaspace: 39128K(41036K)->39128K(41036K) NonClass: 34460K(35584K)->34460K(35584K) Class: 4668K(5452K)->4668K(5452K)
[2021-02-01T22:36:39.628-0800][gc           ] GC(9) Pause Young (Normal) (G1 Evacuation Pause) 210M->143M(1024M) 16.387ms
[2021-02-01T22:36:39.628-0800][gc,cpu       ] GC(9) User=0.08s Sys=0.00s Real=0.02s
[2021-02-01T22:36:43.601-0800][gc,heap,exit ] Heap
[2021-02-01T22:36:43.601-0800][gc,heap,exit ]  garbage-first heap   total 1048576K, used 156753K [0x00000000c0000000, 0x0000000100000000)
[2021-02-01T22:36:43.601-0800][gc,heap,exit ]   region size 1024K, 15 young (15360K), 4 survivors (4096K)
[2021-02-01T22:36:43.601-0800][gc,heap,exit ]  Metaspace       used 39433K, capacity 41165K, committed 41420K, reserved 1085440K
[2021-02-01T22:36:43.601-0800][gc,heap,exit ]   class space    used 4756K, capacity 5546K, committed 5580K, reserved 1048576K
