[2021-02-01T22:36:45.978-0800][gc,heap] Heap region size: 1M
[2021-02-01T22:36:45.978-0800][gc,heap,coops] Heap address: 0x00000000c0000000, size: 1024 MB, Compressed Oops mode: 32-bit
[2021-02-01T22:36:45.986-0800][gc           ] Using G1
[2021-02-01T22:36:45.986-0800][gc,cds       ] Mark closed archive regions in map: [0x00000000fff00000, 0x00000000fff7eff8]
[2021-02-01T22:36:45.986-0800][gc,cds       ] Mark open archive regions in map: [0x00000000ffe00000, 0x00000000ffe51ff8]
[2021-02-01T22:36:46.010-0800][gc           ] Periodic GC disabled
[2021-02-01T22:36:46.862-0800][gc,start     ] GC(0) Pause Young (Normal) (G1 Evacuation Pause)
[2021-02-01T22:36:46.864-0800][gc,task      ] GC(0) Using 8 workers of 8 for evacuation
[2021-02-01T22:36:46.871-0800][gc,phases    ] GC(0)   Pre Evacuate Collection Set: 0.2ms
[2021-02-01T22:36:46.871-0800][gc,phases    ] GC(0)   Merge Heap Roots: 0.1ms
[2021-02-01T22:36:46.871-0800][gc,phases    ] GC(0)   Evacuate Collection Set: 6.0ms
[2021-02-01T22:36:46.871-0800][gc,phases    ] GC(0)   Post Evacuate Collection Set: 1.0ms
[2021-02-01T22:36:46.871-0800][gc,phases    ] GC(0)   Other: 1.5ms
[2021-02-01T22:36:46.871-0800][gc,heap      ] GC(0) Eden regions: 51->0(44)
[2021-02-01T22:36:46.871-0800][gc,heap      ] GC(0) Survivor regions: 0->7(7)
[2021-02-01T22:36:46.871-0800][gc,heap      ] GC(0) Old regions: 0->0
[2021-02-01T22:36:46.871-0800][gc,heap      ] GC(0) Archive regions: 2->2
[2021-02-01T22:36:46.871-0800][gc,heap      ] GC(0) Humongous regions: 0->0
[2021-02-01T22:36:46.871-0800][gc,metaspace ] GC(0) Metaspace: 15049K(15616K)->15049K(15616K) NonClass: 13164K(13568K)->13164K(13568K) Class: 1885K(2048K)->1885K(2048K)
[2021-02-01T22:36:46.871-0800][gc           ] GC(0) Pause Young (Normal) (G1 Evacuation Pause) 51M->7M(1024M) 8.938ms
[2021-02-01T22:36:46.871-0800][gc,cpu       ] GC(0) User=0.04s Sys=0.02s Real=0.01s
[2021-02-01T22:36:47.132-0800][gc,start     ] GC(1) Pause Young (Concurrent Start) (Metadata GC Threshold)
[2021-02-01T22:36:47.132-0800][gc,task      ] GC(1) Using 8 workers of 8 for evacuation
[2021-02-01T22:36:47.140-0800][gc,phases    ] GC(1)   Pre Evacuate Collection Set: 0.2ms
[2021-02-01T22:36:47.140-0800][gc,phases    ] GC(1)   Merge Heap Roots: 0.1ms
[2021-02-01T22:36:47.140-0800][gc,phases    ] GC(1)   Evacuate Collection Set: 6.0ms
[2021-02-01T22:36:47.140-0800][gc,phases    ] GC(1)   Post Evacuate Collection Set: 1.1ms
[2021-02-01T22:36:47.140-0800][gc,phases    ] GC(1)   Other: 0.2ms
[2021-02-01T22:36:47.140-0800][gc,heap      ] GC(1) Eden regions: 23->0(50)
[2021-02-01T22:36:47.140-0800][gc,heap      ] GC(1) Survivor regions: 7->1(7)
[2021-02-01T22:36:47.140-0800][gc,heap      ] GC(1) Old regions: 0->7
[2021-02-01T22:36:47.140-0800][gc,heap      ] GC(1) Archive regions: 2->2
[2021-02-01T22:36:47.140-0800][gc,heap      ] GC(1) Humongous regions: 0->0
[2021-02-01T22:36:47.140-0800][gc,metaspace ] GC(1) Metaspace: 20565K(21248K)->20565K(21248K) NonClass: 18024K(18432K)->18024K(18432K) Class: 2541K(2816K)->2541K(2816K)
[2021-02-01T22:36:47.140-0800][gc           ] GC(1) Pause Young (Concurrent Start) (Metadata GC Threshold) 29M->8M(1024M) 7.738ms
[2021-02-01T22:36:47.140-0800][gc,cpu       ] GC(1) User=0.04s Sys=0.02s Real=0.01s
[2021-02-01T22:36:47.140-0800][gc           ] GC(2) Concurrent Cycle
[2021-02-01T22:36:47.140-0800][gc,marking   ] GC(2) Concurrent Clear Claimed Marks
[2021-02-01T22:36:47.140-0800][gc,marking   ] GC(2) Concurrent Clear Claimed Marks 0.075ms
[2021-02-01T22:36:47.140-0800][gc,marking   ] GC(2) Concurrent Scan Root Regions
[2021-02-01T22:36:47.142-0800][gc,marking   ] GC(2) Concurrent Scan Root Regions 2.063ms
[2021-02-01T22:36:47.142-0800][gc,marking   ] GC(2) Concurrent Mark (1.167s)
[2021-02-01T22:36:47.142-0800][gc,marking   ] GC(2) Concurrent Mark From Roots
[2021-02-01T22:36:47.142-0800][gc,task      ] GC(2) Using 2 workers of 2 for marking
[2021-02-01T22:36:47.144-0800][gc,marking   ] GC(2) Concurrent Mark From Roots 1.340ms
[2021-02-01T22:36:47.144-0800][gc,marking   ] GC(2) Concurrent Preclean
[2021-02-01T22:36:47.144-0800][gc,marking   ] GC(2) Concurrent Preclean 0.117ms
[2021-02-01T22:36:47.144-0800][gc,marking   ] GC(2) Concurrent Mark (1.167s, 1.169s) 1.519ms
[2021-02-01T22:36:47.144-0800][gc,start     ] GC(2) Pause Remark
[2021-02-01T22:36:47.146-0800][gc           ] GC(2) Pause Remark 8M->8M(1024M) 1.447ms
[2021-02-01T22:36:47.146-0800][gc,cpu       ] GC(2) User=0.00s Sys=0.00s Real=0.00s
[2021-02-01T22:36:47.146-0800][gc,marking   ] GC(2) Concurrent Rebuild Remembered Sets
[2021-02-01T22:36:47.148-0800][gc,marking   ] GC(2) Concurrent Rebuild Remembered Sets 2.049ms
[2021-02-01T22:36:47.149-0800][gc,start     ] GC(2) Pause Cleanup
[2021-02-01T22:36:47.149-0800][gc           ] GC(2) Pause Cleanup 8M->8M(1024M) 0.282ms
[2021-02-01T22:36:47.149-0800][gc,cpu       ] GC(2) User=0.00s Sys=0.00s Real=0.00s
[2021-02-01T22:36:47.149-0800][gc,marking   ] GC(2) Concurrent Cleanup for Next Mark
[2021-02-01T22:36:47.151-0800][gc,marking   ] GC(2) Concurrent Cleanup for Next Mark 1.318ms
[2021-02-01T22:36:47.151-0800][gc           ] GC(2) Concurrent Cycle 10.347ms
[2021-02-01T22:36:48.261-0800][gc,start     ] GC(3) Pause Young (Normal) (G1 Evacuation Pause)
[2021-02-01T22:36:48.261-0800][gc,task      ] GC(3) Using 8 workers of 8 for evacuation
[2021-02-01T22:36:48.265-0800][gc,phases    ] GC(3)   Pre Evacuate Collection Set: 0.2ms
[2021-02-01T22:36:48.265-0800][gc,phases    ] GC(3)   Merge Heap Roots: 0.1ms
[2021-02-01T22:36:48.265-0800][gc,phases    ] GC(3)   Evacuate Collection Set: 2.7ms
[2021-02-01T22:36:48.265-0800][gc,phases    ] GC(3)   Post Evacuate Collection Set: 0.8ms
[2021-02-01T22:36:48.265-0800][gc,phases    ] GC(3)   Other: 0.1ms
[2021-02-01T22:36:48.265-0800][gc,heap      ] GC(3) Eden regions: 50->0(46)
[2021-02-01T22:36:48.265-0800][gc,heap      ] GC(3) Survivor regions: 1->5(7)
[2021-02-01T22:36:48.265-0800][gc,heap      ] GC(3) Old regions: 7->7
[2021-02-01T22:36:48.265-0800][gc,heap      ] GC(3) Archive regions: 2->2
[2021-02-01T22:36:48.265-0800][gc,heap      ] GC(3) Humongous regions: 129->129
[2021-02-01T22:36:48.265-0800][gc,metaspace ] GC(3) Metaspace: 28677K(29568K)->28677K(29568K) NonClass: 25354K(25856K)->25354K(25856K) Class: 3322K(3712K)->3322K(3712K)
[2021-02-01T22:36:48.265-0800][gc           ] GC(3) Pause Young (Normal) (G1 Evacuation Pause) 187M->140M(1024M) 4.002ms
[2021-02-01T22:36:48.265-0800][gc,cpu       ] GC(3) User=0.02s Sys=0.00s Real=0.01s
[2021-02-01T22:36:48.587-0800][gc,start     ] GC(4) Pause Young (Concurrent Start) (Metadata GC Threshold)
[2021-02-01T22:36:48.587-0800][gc,task      ] GC(4) Using 8 workers of 8 for evacuation
[2021-02-01T22:36:48.593-0800][gc,phases    ] GC(4)   Pre Evacuate Collection Set: 0.5ms
[2021-02-01T22:36:48.593-0800][gc,phases    ] GC(4)   Merge Heap Roots: 0.1ms
[2021-02-01T22:36:48.593-0800][gc,phases    ] GC(4)   Evacuate Collection Set: 4.5ms
[2021-02-01T22:36:48.593-0800][gc,phases    ] GC(4)   Post Evacuate Collection Set: 0.9ms
[2021-02-01T22:36:48.593-0800][gc,phases    ] GC(4)   Other: 0.3ms
[2021-02-01T22:36:48.593-0800][gc,heap      ] GC(4) Eden regions: 30->0(45)
[2021-02-01T22:36:48.593-0800][gc,heap      ] GC(4) Survivor regions: 5->6(7)
[2021-02-01T22:36:48.593-0800][gc,heap      ] GC(4) Old regions: 7->7
[2021-02-01T22:36:48.593-0800][gc,heap      ] GC(4) Archive regions: 2->2
[2021-02-01T22:36:48.593-0800][gc,heap      ] GC(4) Humongous regions: 129->129
[2021-02-01T22:36:48.593-0800][gc,metaspace ] GC(4) Metaspace: 34730K(35840K)->34730K(35840K) NonClass: 30772K(31360K)->30772K(31360K) Class: 3958K(4480K)->3958K(4480K)
[2021-02-01T22:36:48.593-0800][gc           ] GC(4) Pause Young (Concurrent Start) (Metadata GC Threshold) 169M->142M(1024M) 6.288ms
[2021-02-01T22:36:48.593-0800][gc,cpu       ] GC(4) User=0.04s Sys=0.00s Real=0.01s
[2021-02-01T22:36:48.593-0800][gc           ] GC(5) Concurrent Cycle
[2021-02-01T22:36:48.594-0800][gc,marking   ] GC(5) Concurrent Clear Claimed Marks
[2021-02-01T22:36:48.594-0800][gc,marking   ] GC(5) Concurrent Clear Claimed Marks 0.090ms
[2021-02-01T22:36:48.594-0800][gc,marking   ] GC(5) Concurrent Scan Root Regions
[2021-02-01T22:36:48.597-0800][gc,marking   ] GC(5) Concurrent Scan Root Regions 3.360ms
[2021-02-01T22:36:48.597-0800][gc,marking   ] GC(5) Concurrent Mark (2.622s)
[2021-02-01T22:36:48.597-0800][gc,marking   ] GC(5) Concurrent Mark From Roots
[2021-02-01T22:36:48.597-0800][gc,task      ] GC(5) Using 2 workers of 2 for marking
[2021-02-01T22:36:48.606-0800][gc,marking   ] GC(5) Concurrent Mark From Roots 8.826ms
[2021-02-01T22:36:48.606-0800][gc,marking   ] GC(5) Concurrent Preclean
[2021-02-01T22:36:48.606-0800][gc,marking   ] GC(5) Concurrent Preclean 0.155ms
[2021-02-01T22:36:48.606-0800][gc,marking   ] GC(5) Concurrent Mark (2.622s, 2.631s) 9.044ms
[2021-02-01T22:36:48.607-0800][gc,start     ] GC(5) Pause Remark
[2021-02-01T22:36:48.609-0800][gc           ] GC(5) Pause Remark 143M->143M(1024M) 2.244ms
[2021-02-01T22:36:48.609-0800][gc,cpu       ] GC(5) User=0.01s Sys=0.00s Real=0.00s
[2021-02-01T22:36:48.609-0800][gc,marking   ] GC(5) Concurrent Rebuild Remembered Sets
[2021-02-01T22:36:48.613-0800][gc,marking   ] GC(5) Concurrent Rebuild Remembered Sets 4.265ms
[2021-02-01T22:36:48.614-0800][gc,start     ] GC(5) Pause Cleanup
[2021-02-01T22:36:48.614-0800][gc           ] GC(5) Pause Cleanup 144M->144M(1024M) 0.300ms
[2021-02-01T22:36:48.614-0800][gc,cpu       ] GC(5) User=0.00s Sys=0.00s Real=0.00s
[2021-02-01T22:36:48.614-0800][gc,marking   ] GC(5) Concurrent Cleanup for Next Mark
[2021-02-01T22:36:48.618-0800][gc,marking   ] GC(5) Concurrent Cleanup for Next Mark 4.077ms
[2021-02-01T22:36:48.618-0800][gc           ] GC(5) Concurrent Cycle 24.836ms
[2021-02-01T22:36:49.344-0800][gc,start     ] GC(6) Pause Young (Normal) (G1 Evacuation Pause)
[2021-02-01T22:36:49.344-0800][gc,task      ] GC(6) Using 8 workers of 8 for evacuation
[2021-02-01T22:36:49.352-0800][gc,phases    ] GC(6)   Pre Evacuate Collection Set: 0.2ms
[2021-02-01T22:36:49.352-0800][gc,phases    ] GC(6)   Merge Heap Roots: 0.2ms
[2021-02-01T22:36:49.352-0800][gc,phases    ] GC(6)   Evacuate Collection Set: 6.1ms
[2021-02-01T22:36:49.352-0800][gc,phases    ] GC(6)   Post Evacuate Collection Set: 1.1ms
[2021-02-01T22:36:49.352-0800][gc,phases    ] GC(6)   Other: 0.2ms
[2021-02-01T22:36:49.352-0800][gc,heap      ] GC(6) Eden regions: 45->0(47)
[2021-02-01T22:36:49.352-0800][gc,heap      ] GC(6) Survivor regions: 6->4(7)
[2021-02-01T22:36:49.352-0800][gc,heap      ] GC(6) Old regions: 7->10
[2021-02-01T22:36:49.352-0800][gc,heap      ] GC(6) Archive regions: 2->2
[2021-02-01T22:36:49.352-0800][gc,heap      ] GC(6) Humongous regions: 255->135
[2021-02-01T22:36:49.352-0800][gc,metaspace ] GC(6) Metaspace: 37367K(38988K)->37367K(38988K) NonClass: 32948K(33792K)->32948K(33792K) Class: 4419K(5196K)->4419K(5196K)
[2021-02-01T22:36:49.352-0800][gc           ] GC(6) Pause Young (Normal) (G1 Evacuation Pause) 313M->149M(1024M) 7.893ms
[2021-02-01T22:36:49.352-0800][gc,cpu       ] GC(6) User=0.04s Sys=0.00s Real=0.00s
[2021-02-01T22:36:49.597-0800][gc,start     ] GC(7) Pause Young (Normal) (G1 Evacuation Pause)
[2021-02-01T22:36:49.597-0800][gc,task      ] GC(7) Using 8 workers of 8 for evacuation
[2021-02-01T22:36:49.602-0800][gc,phases    ] GC(7)   Pre Evacuate Collection Set: 0.2ms
[2021-02-01T22:36:49.602-0800][gc,phases    ] GC(7)   Merge Heap Roots: 0.1ms
[2021-02-01T22:36:49.602-0800][gc,phases    ] GC(7)   Evacuate Collection Set: 3.4ms
[2021-02-01T22:36:49.602-0800][gc,phases    ] GC(7)   Post Evacuate Collection Set: 0.9ms
[2021-02-01T22:36:49.602-0800][gc,phases    ] GC(7)   Other: 0.1ms
[2021-02-01T22:36:49.602-0800][gc,heap      ] GC(7) Eden regions: 47->0(47)
[2021-02-01T22:36:49.602-0800][gc,heap      ] GC(7) Survivor regions: 4->4(7)
[2021-02-01T22:36:49.602-0800][gc,heap      ] GC(7) Old regions: 10->10
[2021-02-01T22:36:49.602-0800][gc,heap      ] GC(7) Archive regions: 2->2
[2021-02-01T22:36:49.602-0800][gc,heap      ] GC(7) Humongous regions: 135->135
[2021-02-01T22:36:49.602-0800][gc,metaspace ] GC(7) Metaspace: 37369K(38988K)->37369K(38988K) NonClass: 32949K(33792K)->32949K(33792K) Class: 4419K(5196K)->4419K(5196K)
[2021-02-01T22:36:49.602-0800][gc           ] GC(7) Pause Young (Normal) (G1 Evacuation Pause) 196M->149M(1024M) 4.830ms
[2021-02-01T22:36:49.602-0800][gc,cpu       ] GC(7) User=0.01s Sys=0.00s Real=0.00s
[2021-02-01T22:37:49.151-0800][gc,heap,exit ] Heap
[2021-02-01T22:37:49.151-0800][gc,heap,exit ]  garbage-first heap   total 1048576K, used 196747K [0x00000000c0000000, 0x0000000100000000)
[2021-02-01T22:37:49.151-0800][gc,heap,exit ]   region size 1024K, 24 young (24576K), 4 survivors (4096K)
[2021-02-01T22:37:49.151-0800][gc,heap,exit ]  Metaspace       used 38665K, capacity 40398K, committed 40652K, reserved 1085440K
[2021-02-01T22:37:49.151-0800][gc,heap,exit ]   class space    used 4694K, capacity 5484K, committed 5580K, reserved 1048576K
