[2021-02-06T21:29:09.184-0800][gc,heap] Heap region size: 1M
[2021-02-06T21:29:09.184-0800][gc,heap,coops] Heap address: 0x00000000c0000000, size: 1024 MB, Compressed Oops mode: 32-bit
[2021-02-06T21:29:09.191-0800][gc           ] Using G1
[2021-02-06T21:29:09.191-0800][gc,cds       ] Mark closed archive regions in map: [0x00000000fff00000, 0x00000000fff7eff8]
[2021-02-06T21:29:09.191-0800][gc,cds       ] Mark open archive regions in map: [0x00000000ffe00000, 0x00000000ffe51ff8]
[2021-02-06T21:29:09.206-0800][gc           ] Periodic GC disabled
[2021-02-06T21:29:09.947-0800][gc,start     ] GC(0) Pause Young (Normal) (G1 Evacuation Pause)
[2021-02-06T21:29:09.948-0800][gc,task      ] GC(0) Using 8 workers of 8 for evacuation
[2021-02-06T21:29:09.955-0800][gc,phases    ] GC(0)   Pre Evacuate Collection Set: 0.2ms
[2021-02-06T21:29:09.955-0800][gc,phases    ] GC(0)   Merge Heap Roots: 0.2ms
[2021-02-06T21:29:09.955-0800][gc,phases    ] GC(0)   Evacuate Collection Set: 5.1ms
[2021-02-06T21:29:09.955-0800][gc,phases    ] GC(0)   Post Evacuate Collection Set: 1.2ms
[2021-02-06T21:29:09.955-0800][gc,phases    ] GC(0)   Other: 1.2ms
[2021-02-06T21:29:09.955-0800][gc,heap      ] GC(0) Eden regions: 51->0(44)
[2021-02-06T21:29:09.955-0800][gc,heap      ] GC(0) Survivor regions: 0->7(7)
[2021-02-06T21:29:09.955-0800][gc,heap      ] GC(0) Old regions: 0->0
[2021-02-06T21:29:09.955-0800][gc,heap      ] GC(0) Archive regions: 2->2
[2021-02-06T21:29:09.955-0800][gc,heap      ] GC(0) Humongous regions: 0->0
[2021-02-06T21:29:09.955-0800][gc,metaspace ] GC(0) Metaspace: 15046K(15616K)->15046K(15616K) NonClass: 13163K(13568K)->13163K(13568K) Class: 1883K(2048K)->1883K(2048K)
[2021-02-06T21:29:09.955-0800][gc           ] GC(0) Pause Young (Normal) (G1 Evacuation Pause) 51M->7M(1024M) 7.917ms
[2021-02-06T21:29:09.955-0800][gc,cpu       ] GC(0) User=0.04s Sys=0.00s Real=0.01s
[2021-02-06T21:29:10.187-0800][gc,start     ] GC(1) Pause Young (Concurrent Start) (Metadata GC Threshold)
[2021-02-06T21:29:10.187-0800][gc,task      ] GC(1) Using 8 workers of 8 for evacuation
[2021-02-06T21:29:10.194-0800][gc,phases    ] GC(1)   Pre Evacuate Collection Set: 0.2ms
[2021-02-06T21:29:10.194-0800][gc,phases    ] GC(1)   Merge Heap Roots: 0.1ms
[2021-02-06T21:29:10.194-0800][gc,phases    ] GC(1)   Evacuate Collection Set: 5.6ms
[2021-02-06T21:29:10.194-0800][gc,phases    ] GC(1)   Post Evacuate Collection Set: 1.1ms
[2021-02-06T21:29:10.194-0800][gc,phases    ] GC(1)   Other: 0.2ms
[2021-02-06T21:29:10.194-0800][gc,heap      ] GC(1) Eden regions: 23->0(49)
[2021-02-06T21:29:10.194-0800][gc,heap      ] GC(1) Survivor regions: 7->2(7)
[2021-02-06T21:29:10.194-0800][gc,heap      ] GC(1) Old regions: 0->7
[2021-02-06T21:29:10.194-0800][gc,heap      ] GC(1) Archive regions: 2->2
[2021-02-06T21:29:10.194-0800][gc,heap      ] GC(1) Humongous regions: 0->0
[2021-02-06T21:29:10.194-0800][gc,metaspace ] GC(1) Metaspace: 20675K(21248K)->20675K(21248K) NonClass: 18122K(18432K)->18122K(18432K) Class: 2553K(2816K)->2553K(2816K)
[2021-02-06T21:29:10.194-0800][gc           ] GC(1) Pause Young (Concurrent Start) (Metadata GC Threshold) 30M->8M(1024M) 7.367ms
[2021-02-06T21:29:10.194-0800][gc,cpu       ] GC(1) User=0.04s Sys=0.01s Real=0.01s
[2021-02-06T21:29:10.194-0800][gc           ] GC(2) Concurrent Cycle
[2021-02-06T21:29:10.194-0800][gc,marking   ] GC(2) Concurrent Clear Claimed Marks
[2021-02-06T21:29:10.194-0800][gc,marking   ] GC(2) Concurrent Clear Claimed Marks 0.035ms
[2021-02-06T21:29:10.194-0800][gc,marking   ] GC(2) Concurrent Scan Root Regions
[2021-02-06T21:29:10.197-0800][gc,marking   ] GC(2) Concurrent Scan Root Regions 2.450ms
[2021-02-06T21:29:10.197-0800][gc,marking   ] GC(2) Concurrent Mark (1.015s)
[2021-02-06T21:29:10.197-0800][gc,marking   ] GC(2) Concurrent Mark From Roots
[2021-02-06T21:29:10.197-0800][gc,task      ] GC(2) Using 2 workers of 2 for marking
[2021-02-06T21:29:10.198-0800][gc,marking   ] GC(2) Concurrent Mark From Roots 1.429ms
[2021-02-06T21:29:10.198-0800][gc,marking   ] GC(2) Concurrent Preclean
[2021-02-06T21:29:10.198-0800][gc,marking   ] GC(2) Concurrent Preclean 0.080ms
[2021-02-06T21:29:10.198-0800][gc,marking   ] GC(2) Concurrent Mark (1.015s, 1.017s) 1.564ms
[2021-02-06T21:29:10.198-0800][gc,start     ] GC(2) Pause Remark
[2021-02-06T21:29:10.200-0800][gc           ] GC(2) Pause Remark 8M->8M(1024M) 1.813ms
[2021-02-06T21:29:10.200-0800][gc,cpu       ] GC(2) User=0.01s Sys=0.00s Real=0.00s
[2021-02-06T21:29:10.200-0800][gc,marking   ] GC(2) Concurrent Rebuild Remembered Sets
[2021-02-06T21:29:10.203-0800][gc,marking   ] GC(2) Concurrent Rebuild Remembered Sets 2.112ms
[2021-02-06T21:29:10.203-0800][gc,start     ] GC(2) Pause Cleanup
[2021-02-06T21:29:10.204-0800][gc           ] GC(2) Pause Cleanup 8M->8M(1024M) 0.338ms
[2021-02-06T21:29:10.204-0800][gc,cpu       ] GC(2) User=0.00s Sys=0.00s Real=0.00s
[2021-02-06T21:29:10.204-0800][gc,marking   ] GC(2) Concurrent Cleanup for Next Mark
[2021-02-06T21:29:10.206-0800][gc,marking   ] GC(2) Concurrent Cleanup for Next Mark 2.284ms
[2021-02-06T21:29:10.206-0800][gc           ] GC(2) Concurrent Cycle 12.293ms
[2021-02-06T21:29:11.009-0800][gc,start     ] GC(3) Pause Young (Normal) (G1 Evacuation Pause)
[2021-02-06T21:29:11.009-0800][gc,task      ] GC(3) Using 8 workers of 8 for evacuation
[2021-02-06T21:29:11.013-0800][gc,phases    ] GC(3)   Pre Evacuate Collection Set: 0.2ms
[2021-02-06T21:29:11.013-0800][gc,phases    ] GC(3)   Merge Heap Roots: 0.1ms
[2021-02-06T21:29:11.013-0800][gc,phases    ] GC(3)   Evacuate Collection Set: 2.5ms
[2021-02-06T21:29:11.013-0800][gc,phases    ] GC(3)   Post Evacuate Collection Set: 0.9ms
[2021-02-06T21:29:11.013-0800][gc,phases    ] GC(3)   Other: 0.1ms
[2021-02-06T21:29:11.013-0800][gc,heap      ] GC(3) Eden regions: 49->0(47)
[2021-02-06T21:29:11.013-0800][gc,heap      ] GC(3) Survivor regions: 2->4(7)
[2021-02-06T21:29:11.013-0800][gc,heap      ] GC(3) Old regions: 7->7
[2021-02-06T21:29:11.013-0800][gc,heap      ] GC(3) Archive regions: 2->2
[2021-02-06T21:29:11.013-0800][gc,heap      ] GC(3) Humongous regions: 129->129
[2021-02-06T21:29:11.013-0800][gc,metaspace ] GC(3) Metaspace: 28798K(29824K)->28798K(29824K) NonClass: 25470K(26112K)->25470K(26112K) Class: 3327K(3712K)->3327K(3712K)
[2021-02-06T21:29:11.013-0800][gc           ] GC(3) Pause Young (Normal) (G1 Evacuation Pause) 186M->139M(1024M) 3.947ms
[2021-02-06T21:29:11.013-0800][gc,cpu       ] GC(3) User=0.01s Sys=0.00s Real=0.00s
[2021-02-06T21:29:11.310-0800][gc,start     ] GC(4) Pause Young (Concurrent Start) (Metadata GC Threshold)
[2021-02-06T21:29:11.310-0800][gc,task      ] GC(4) Using 8 workers of 8 for evacuation
[2021-02-06T21:29:11.316-0800][gc,phases    ] GC(4)   Pre Evacuate Collection Set: 0.3ms
[2021-02-06T21:29:11.316-0800][gc,phases    ] GC(4)   Merge Heap Roots: 0.1ms
[2021-02-06T21:29:11.316-0800][gc,phases    ] GC(4)   Evacuate Collection Set: 3.8ms
[2021-02-06T21:29:11.316-0800][gc,phases    ] GC(4)   Post Evacuate Collection Set: 1.0ms
[2021-02-06T21:29:11.316-0800][gc,phases    ] GC(4)   Other: 0.2ms
[2021-02-06T21:29:11.316-0800][gc,heap      ] GC(4) Eden regions: 30->0(45)
[2021-02-06T21:29:11.316-0800][gc,heap      ] GC(4) Survivor regions: 4->6(7)
[2021-02-06T21:29:11.316-0800][gc,heap      ] GC(4) Old regions: 7->7
[2021-02-06T21:29:11.316-0800][gc,heap      ] GC(4) Archive regions: 2->2
[2021-02-06T21:29:11.316-0800][gc,heap      ] GC(4) Humongous regions: 129->129
[2021-02-06T21:29:11.316-0800][gc,metaspace ] GC(4) Metaspace: 34630K(35840K)->34630K(35840K) NonClass: 30685K(31360K)->30685K(31360K) Class: 3944K(4480K)->3944K(4480K)
[2021-02-06T21:29:11.316-0800][gc           ] GC(4) Pause Young (Concurrent Start) (Metadata GC Threshold) 168M->142M(1024M) 5.481ms
[2021-02-06T21:29:11.316-0800][gc,cpu       ] GC(4) User=0.04s Sys=0.00s Real=0.00s
[2021-02-06T21:29:11.316-0800][gc           ] GC(5) Concurrent Cycle
[2021-02-06T21:29:11.316-0800][gc,marking   ] GC(5) Concurrent Clear Claimed Marks
[2021-02-06T21:29:11.316-0800][gc,marking   ] GC(5) Concurrent Clear Claimed Marks 0.075ms
[2021-02-06T21:29:11.316-0800][gc,marking   ] GC(5) Concurrent Scan Root Regions
[2021-02-06T21:29:11.319-0800][gc,marking   ] GC(5) Concurrent Scan Root Regions 3.069ms
[2021-02-06T21:29:11.319-0800][gc,marking   ] GC(5) Concurrent Mark (2.138s)
[2021-02-06T21:29:11.319-0800][gc,marking   ] GC(5) Concurrent Mark From Roots
[2021-02-06T21:29:11.319-0800][gc,task      ] GC(5) Using 2 workers of 2 for marking
[2021-02-06T21:29:11.328-0800][gc,marking   ] GC(5) Concurrent Mark From Roots 9.361ms
[2021-02-06T21:29:11.328-0800][gc,marking   ] GC(5) Concurrent Preclean
[2021-02-06T21:29:11.329-0800][gc,marking   ] GC(5) Concurrent Preclean 0.193ms
[2021-02-06T21:29:11.329-0800][gc,marking   ] GC(5) Concurrent Mark (2.138s, 2.147s) 9.616ms
[2021-02-06T21:29:11.329-0800][gc,start     ] GC(5) Pause Remark
[2021-02-06T21:29:11.331-0800][gc           ] GC(5) Pause Remark 143M->143M(1024M) 1.948ms
[2021-02-06T21:29:11.331-0800][gc,cpu       ] GC(5) User=0.01s Sys=0.00s Real=0.00s
[2021-02-06T21:29:11.331-0800][gc,marking   ] GC(5) Concurrent Rebuild Remembered Sets
[2021-02-06T21:29:11.336-0800][gc,marking   ] GC(5) Concurrent Rebuild Remembered Sets 4.839ms
[2021-02-06T21:29:11.338-0800][gc,start     ] GC(5) Pause Cleanup
[2021-02-06T21:29:11.338-0800][gc           ] GC(5) Pause Cleanup 144M->144M(1024M) 0.218ms
[2021-02-06T21:29:11.338-0800][gc,cpu       ] GC(5) User=0.00s Sys=0.00s Real=0.00s
[2021-02-06T21:29:11.339-0800][gc,marking   ] GC(5) Concurrent Cleanup for Next Mark
[2021-02-06T21:29:11.344-0800][gc,marking   ] GC(5) Concurrent Cleanup for Next Mark 5.407ms
[2021-02-06T21:29:11.344-0800][gc           ] GC(5) Concurrent Cycle 28.302ms
[2021-02-06T21:29:11.933-0800][gc,start     ] GC(6) Pause Young (Normal) (G1 Evacuation Pause)
[2021-02-06T21:29:11.933-0800][gc,task      ] GC(6) Using 8 workers of 8 for evacuation
[2021-02-06T21:29:11.940-0800][gc,phases    ] GC(6)   Pre Evacuate Collection Set: 0.2ms
[2021-02-06T21:29:11.940-0800][gc,phases    ] GC(6)   Merge Heap Roots: 0.2ms
[2021-02-06T21:29:11.940-0800][gc,phases    ] GC(6)   Evacuate Collection Set: 6.1ms
[2021-02-06T21:29:11.940-0800][gc,phases    ] GC(6)   Post Evacuate Collection Set: 1.0ms
[2021-02-06T21:29:11.940-0800][gc,phases    ] GC(6)   Other: 0.2ms
[2021-02-06T21:29:11.940-0800][gc,heap      ] GC(6) Eden regions: 45->0(47)
[2021-02-06T21:29:11.940-0800][gc,heap      ] GC(6) Survivor regions: 6->4(7)
[2021-02-06T21:29:11.940-0800][gc,heap      ] GC(6) Old regions: 7->10
[2021-02-06T21:29:11.940-0800][gc,heap      ] GC(6) Archive regions: 2->2
[2021-02-06T21:29:11.940-0800][gc,heap      ] GC(6) Humongous regions: 201->135
[2021-02-06T21:29:11.940-0800][gc,metaspace ] GC(6) Metaspace: 37346K(38860K)->37346K(38860K) NonClass: 32929K(33792K)->32929K(33792K) Class: 4416K(5068K)->4416K(5068K)
[2021-02-06T21:29:11.940-0800][gc           ] GC(6) Pause Young (Normal) (G1 Evacuation Pause) 259M->149M(1024M) 7.629ms
[2021-02-06T21:29:11.940-0800][gc,cpu       ] GC(6) User=0.05s Sys=0.01s Real=0.01s
[2021-02-06T21:30:13.892-0800][gc,start     ] GC(7) Pause Young (Normal) (G1 Evacuation Pause)
[2021-02-06T21:30:13.892-0800][gc,task      ] GC(7) Using 8 workers of 8 for evacuation
[2021-02-06T21:30:13.897-0800][gc,phases    ] GC(7)   Pre Evacuate Collection Set: 0.3ms
[2021-02-06T21:30:13.897-0800][gc,phases    ] GC(7)   Merge Heap Roots: 0.3ms
[2021-02-06T21:30:13.897-0800][gc,phases    ] GC(7)   Evacuate Collection Set: 2.6ms
[2021-02-06T21:30:13.897-0800][gc,phases    ] GC(7)   Post Evacuate Collection Set: 1.1ms
[2021-02-06T21:30:13.897-0800][gc,phases    ] GC(7)   Other: 0.1ms
[2021-02-06T21:30:13.897-0800][gc,heap      ] GC(7) Eden regions: 47->0(46)
[2021-02-06T21:30:13.897-0800][gc,heap      ] GC(7) Survivor regions: 4->5(7)
[2021-02-06T21:30:13.897-0800][gc,heap      ] GC(7) Old regions: 10->10
[2021-02-06T21:30:13.897-0800][gc,heap      ] GC(7) Archive regions: 2->2
[2021-02-06T21:30:13.897-0800][gc,heap      ] GC(7) Humongous regions: 147->129
[2021-02-06T21:30:13.897-0800][gc,metaspace ] GC(7) Metaspace: 40589K(42700K)->40589K(42700K) NonClass: 35695K(36864K)->35695K(36864K) Class: 4893K(5836K)->4893K(5836K)
[2021-02-06T21:30:13.897-0800][gc           ] GC(7) Pause Young (Normal) (G1 Evacuation Pause) 208M->144M(1024M) 4.622ms
[2021-02-06T21:30:13.897-0800][gc,cpu       ] GC(7) User=0.01s Sys=0.01s Real=0.01s
[2021-02-06T21:33:36.640-0800][gc,start     ] GC(8) Pause Young (Normal) (G1 Evacuation Pause)
[2021-02-06T21:33:36.640-0800][gc,task      ] GC(8) Using 8 workers of 8 for evacuation
[2021-02-06T21:33:36.645-0800][gc,phases    ] GC(8)   Pre Evacuate Collection Set: 0.2ms
[2021-02-06T21:33:36.645-0800][gc,phases    ] GC(8)   Merge Heap Roots: 0.2ms
[2021-02-06T21:33:36.645-0800][gc,phases    ] GC(8)   Evacuate Collection Set: 3.1ms
[2021-02-06T21:33:36.645-0800][gc,phases    ] GC(8)   Post Evacuate Collection Set: 1.0ms
[2021-02-06T21:33:36.645-0800][gc,phases    ] GC(8)   Other: 0.1ms
[2021-02-06T21:33:36.645-0800][gc,heap      ] GC(8) Eden regions: 46->0(64)
[2021-02-06T21:33:36.645-0800][gc,heap      ] GC(8) Survivor regions: 5->4(7)
[2021-02-06T21:33:36.645-0800][gc,heap      ] GC(8) Old regions: 10->13
[2021-02-06T21:33:36.645-0800][gc,heap      ] GC(8) Archive regions: 2->2
[2021-02-06T21:33:36.645-0800][gc,heap      ] GC(8) Humongous regions: 129->129
[2021-02-06T21:33:36.645-0800][gc,metaspace ] GC(8) Metaspace: 40936K(42956K)->40936K(42956K) NonClass: 36035K(37120K)->36035K(37120K) Class: 4901K(5836K)->4901K(5836K)
[2021-02-06T21:33:36.645-0800][gc           ] GC(8) Pause Young (Normal) (G1 Evacuation Pause) 190M->145M(1024M) 4.814ms
[2021-02-06T21:33:36.645-0800][gc,cpu       ] GC(8) User=0.03s Sys=0.00s Real=0.00s
[2021-02-06T21:38:41.988-0800][gc,start     ] GC(9) Pause Young (Normal) (G1 Evacuation Pause)
[2021-02-06T21:38:41.988-0800][gc,task      ] GC(9) Using 8 workers of 8 for evacuation
[2021-02-06T21:38:41.993-0800][gc,phases    ] GC(9)   Pre Evacuate Collection Set: 0.2ms
[2021-02-06T21:38:41.993-0800][gc,phases    ] GC(9)   Merge Heap Roots: 0.1ms
[2021-02-06T21:38:41.993-0800][gc,phases    ] GC(9)   Evacuate Collection Set: 3.5ms
[2021-02-06T21:38:41.993-0800][gc,phases    ] GC(9)   Post Evacuate Collection Set: 1.1ms
[2021-02-06T21:38:41.993-0800][gc,phases    ] GC(9)   Other: 0.2ms
[2021-02-06T21:38:41.993-0800][gc,heap      ] GC(9) Eden regions: 64->0(285)
[2021-02-06T21:38:41.993-0800][gc,heap      ] GC(9) Survivor regions: 4->4(9)
[2021-02-06T21:38:41.993-0800][gc,heap      ] GC(9) Old regions: 13->13
[2021-02-06T21:38:41.993-0800][gc,heap      ] GC(9) Archive regions: 2->2
[2021-02-06T21:38:41.993-0800][gc,heap      ] GC(9) Humongous regions: 129->129
[2021-02-06T21:38:41.993-0800][gc,metaspace ] GC(9) Metaspace: 41256K(43468K)->41256K(43468K) NonClass: 36355K(37632K)->36355K(37632K) Class: 4901K(5836K)->4901K(5836K)
[2021-02-06T21:38:41.993-0800][gc           ] GC(9) Pause Young (Normal) (G1 Evacuation Pause) 209M->145M(1024M) 5.278ms
[2021-02-06T21:38:41.993-0800][gc,cpu       ] GC(9) User=0.02s Sys=0.01s Real=0.00s
[2021-02-06T22:02:31.679-0800][gc,start     ] GC(10) Pause Young (Normal) (G1 Evacuation Pause)
[2021-02-06T22:02:31.679-0800][gc,task      ] GC(10) Using 8 workers of 8 for evacuation
[2021-02-06T22:02:31.699-0800][gc,mmu       ] GC(10) MMU target violated: 20.3ms (20.0ms/21.0ms)
[2021-02-06T22:02:31.699-0800][gc,phases    ] GC(10)   Pre Evacuate Collection Set: 0.2ms
[2021-02-06T22:02:31.699-0800][gc,phases    ] GC(10)   Merge Heap Roots: 0.2ms
[2021-02-06T22:02:31.699-0800][gc,phases    ] GC(10)   Evacuate Collection Set: 18.7ms
[2021-02-06T22:02:31.699-0800][gc,phases    ] GC(10)   Post Evacuate Collection Set: 1.2ms
[2021-02-06T22:02:31.699-0800][gc,phases    ] GC(10)   Other: 0.2ms
[2021-02-06T22:02:31.699-0800][gc,heap      ] GC(10) Eden regions: 285->0(150)
[2021-02-06T22:02:31.699-0800][gc,heap      ] GC(10) Survivor regions: 4->5(37)
[2021-02-06T22:02:31.699-0800][gc,heap      ] GC(10) Old regions: 13->13
[2021-02-06T22:02:31.699-0800][gc,heap      ] GC(10) Archive regions: 2->2
[2021-02-06T22:02:31.699-0800][gc,heap      ] GC(10) Humongous regions: 129->129
[2021-02-06T22:02:31.699-0800][gc,metaspace ] GC(10) Metaspace: 41697K(44108K)->41697K(44108K) NonClass: 36764K(38144K)->36764K(38144K) Class: 4933K(5964K)->4933K(5964K)
[2021-02-06T22:02:31.699-0800][gc           ] GC(10) Pause Young (Normal) (G1 Evacuation Pause) 430M->146M(1024M) 20.523ms
[2021-02-06T22:02:31.699-0800][gc,cpu       ] GC(10) User=0.02s Sys=0.08s Real=0.02s
[2021-02-06T22:15:11.641-0800][gc,start     ] GC(11) Pause Young (Normal) (G1 Evacuation Pause)
[2021-02-06T22:15:11.641-0800][gc,task      ] GC(11) Using 8 workers of 8 for evacuation
[2021-02-06T22:15:11.646-0800][gc,phases    ] GC(11)   Pre Evacuate Collection Set: 0.3ms
[2021-02-06T22:15:11.646-0800][gc,phases    ] GC(11)   Merge Heap Roots: 0.2ms
[2021-02-06T22:15:11.646-0800][gc,phases    ] GC(11)   Evacuate Collection Set: 3.0ms
[2021-02-06T22:15:11.646-0800][gc,phases    ] GC(11)   Post Evacuate Collection Set: 1.3ms
[2021-02-06T22:15:11.646-0800][gc,phases    ] GC(11)   Other: 0.2ms
[2021-02-06T22:15:11.646-0800][gc,heap      ] GC(11) Eden regions: 150->0(469)
[2021-02-06T22:15:11.646-0800][gc,heap      ] GC(11) Survivor regions: 5->5(20)
[2021-02-06T22:15:11.646-0800][gc,heap      ] GC(11) Old regions: 13->13
[2021-02-06T22:15:11.646-0800][gc,heap      ] GC(11) Archive regions: 2->2
[2021-02-06T22:15:11.646-0800][gc,heap      ] GC(11) Humongous regions: 129->129
[2021-02-06T22:15:11.646-0800][gc,metaspace ] GC(11) Metaspace: 41828K(44108K)->41828K(44108K) NonClass: 36894K(38144K)->36894K(38144K) Class: 4933K(5964K)->4933K(5964K)
[2021-02-06T22:15:11.646-0800][gc           ] GC(11) Pause Young (Normal) (G1 Evacuation Pause) 296M->146M(1024M) 5.085ms
[2021-02-06T22:15:11.646-0800][gc,cpu       ] GC(11) User=0.02s Sys=0.01s Real=0.00s
[2021-02-06T22:54:40.130-0800][gc,start     ] GC(12) Pause Young (Normal) (G1 Evacuation Pause)
[2021-02-06T22:54:40.130-0800][gc,task      ] GC(12) Using 8 workers of 8 for evacuation
[2021-02-06T22:54:40.138-0800][gc,phases    ] GC(12)   Pre Evacuate Collection Set: 0.3ms
[2021-02-06T22:54:40.138-0800][gc,phases    ] GC(12)   Merge Heap Roots: 0.3ms
[2021-02-06T22:54:40.138-0800][gc,phases    ] GC(12)   Evacuate Collection Set: 4.8ms
[2021-02-06T22:54:40.138-0800][gc,phases    ] GC(12)   Post Evacuate Collection Set: 2.0ms
[2021-02-06T22:54:40.138-0800][gc,phases    ] GC(12)   Other: 0.2ms
[2021-02-06T22:54:40.138-0800][gc,heap      ] GC(12) Eden regions: 469->0(609)
[2021-02-06T22:54:40.138-0800][gc,heap      ] GC(12) Survivor regions: 5->5(60)
[2021-02-06T22:54:40.138-0800][gc,heap      ] GC(12) Old regions: 13->13
[2021-02-06T22:54:40.138-0800][gc,heap      ] GC(12) Archive regions: 2->2
[2021-02-06T22:54:40.138-0800][gc,heap      ] GC(12) Humongous regions: 129->129
[2021-02-06T22:54:40.138-0800][gc,metaspace ] GC(12) Metaspace: 42024K(44364K)->42024K(44364K) NonClass: 37076K(38400K)->37076K(38400K) Class: 4948K(5964K)->4948K(5964K)
[2021-02-06T22:54:40.138-0800][gc           ] GC(12) Pause Young (Normal) (G1 Evacuation Pause) 615M->146M(1024M) 7.671ms
[2021-02-06T22:54:40.138-0800][gc,cpu       ] GC(12) User=0.03s Sys=0.01s Real=0.01s
[2021-02-07T09:08:20.328-0800][gc,start     ] GC(13) Pause Young (Normal) (G1 Evacuation Pause)
[2021-02-07T09:08:20.328-0800][gc,task      ] GC(13) Using 8 workers of 8 for evacuation
[2021-02-07T09:08:20.375-0800][gc,mmu       ] GC(13) MMU target violated: 21.0ms (20.0ms/21.0ms)
[2021-02-07T09:08:20.375-0800][gc,phases    ] GC(13)   Pre Evacuate Collection Set: 1.1ms
[2021-02-07T09:08:20.375-0800][gc,phases    ] GC(13)   Merge Heap Roots: 0.8ms
[2021-02-07T09:08:20.375-0800][gc,phases    ] GC(13)   Evacuate Collection Set: 42.8ms
[2021-02-07T09:08:20.375-0800][gc,phases    ] GC(13)   Post Evacuate Collection Set: 1.9ms
[2021-02-07T09:08:20.375-0800][gc,phases    ] GC(13)   Other: 0.6ms
[2021-02-07T09:08:20.375-0800][gc,heap      ] GC(13) Eden regions: 609->0(559)
[2021-02-07T09:08:20.375-0800][gc,heap      ] GC(13) Survivor regions: 5->5(77)
[2021-02-07T09:08:20.375-0800][gc,heap      ] GC(13) Old regions: 13->13
[2021-02-07T09:08:20.375-0800][gc,heap      ] GC(13) Archive regions: 2->2
[2021-02-07T09:08:20.375-0800][gc,heap      ] GC(13) Humongous regions: 129->129
[2021-02-07T09:08:20.375-0800][gc,metaspace ] GC(13) Metaspace: 42130K(44364K)->42130K(44364K) NonClass: 37182K(38400K)->37182K(38400K) Class: 4948K(5964K)->4948K(5964K)
[2021-02-07T09:08:20.375-0800][gc           ] GC(13) Pause Young (Normal) (G1 Evacuation Pause) 755M->146M(1024M) 47.175ms
[2021-02-07T09:08:20.375-0800][gc,cpu       ] GC(13) User=0.19s Sys=0.10s Real=0.05s
[2021-02-07T09:56:25.197-0800][gc,start     ] GC(14) Pause Young (Normal) (G1 Evacuation Pause)
[2021-02-07T09:56:25.197-0800][gc,task      ] GC(14) Using 8 workers of 8 for evacuation
[2021-02-07T09:56:25.204-0800][gc,phases    ] GC(14)   Pre Evacuate Collection Set: 0.3ms
[2021-02-07T09:56:25.204-0800][gc,phases    ] GC(14)   Merge Heap Roots: 0.2ms
[2021-02-07T09:56:25.204-0800][gc,phases    ] GC(14)   Evacuate Collection Set: 3.9ms
[2021-02-07T09:56:25.204-0800][gc,phases    ] GC(14)   Post Evacuate Collection Set: 2.0ms
[2021-02-07T09:56:25.204-0800][gc,phases    ] GC(14)   Other: 0.3ms
[2021-02-07T09:56:25.204-0800][gc,heap      ] GC(14) Eden regions: 559->0(609)
[2021-02-07T09:56:25.204-0800][gc,heap      ] GC(14) Survivor regions: 5->5(71)
[2021-02-07T09:56:25.204-0800][gc,heap      ] GC(14) Old regions: 13->13
[2021-02-07T09:56:25.204-0800][gc,heap      ] GC(14) Archive regions: 2->2
[2021-02-07T09:56:25.204-0800][gc,heap      ] GC(14) Humongous regions: 129->129
[2021-02-07T09:56:25.204-0800][gc,metaspace ] GC(14) Metaspace: 42168K(44620K)->42168K(44620K) NonClass: 37219K(38656K)->37219K(38656K) Class: 4948K(5964K)->4948K(5964K)
[2021-02-07T09:56:25.204-0800][gc           ] GC(14) Pause Young (Normal) (G1 Evacuation Pause) 705M->146M(1024M) 6.728ms
[2021-02-07T09:56:25.204-0800][gc,cpu       ] GC(14) User=0.02s Sys=0.02s Real=0.00s
[2021-02-07T10:49:21.524-0800][gc,start     ] GC(15) Pause Young (Normal) (G1 Evacuation Pause)
[2021-02-07T10:49:21.524-0800][gc,task      ] GC(15) Using 8 workers of 8 for evacuation
[2021-02-07T10:49:21.548-0800][gc,mmu       ] GC(15) MMU target violated: 21.0ms (20.0ms/21.0ms)
[2021-02-07T10:49:21.549-0800][gc,phases    ] GC(15)   Pre Evacuate Collection Set: 0.9ms
[2021-02-07T10:49:21.549-0800][gc,phases    ] GC(15)   Merge Heap Roots: 0.7ms
[2021-02-07T10:49:21.549-0800][gc,phases    ] GC(15)   Evacuate Collection Set: 18.2ms
[2021-02-07T10:49:21.549-0800][gc,phases    ] GC(15)   Post Evacuate Collection Set: 4.4ms
[2021-02-07T10:49:21.549-0800][gc,phases    ] GC(15)   Other: 0.6ms
[2021-02-07T10:49:21.549-0800][gc,heap      ] GC(15) Eden regions: 609->0(440)
[2021-02-07T10:49:21.549-0800][gc,heap      ] GC(15) Survivor regions: 5->5(77)
[2021-02-07T10:49:21.549-0800][gc,heap      ] GC(15) Old regions: 13->13
[2021-02-07T10:49:21.549-0800][gc,heap      ] GC(15) Archive regions: 2->2
[2021-02-07T10:49:21.549-0800][gc,heap      ] GC(15) Humongous regions: 129->129
[2021-02-07T10:49:21.549-0800][gc,metaspace ] GC(15) Metaspace: 42203K(44620K)->42203K(44620K) NonClass: 37254K(38656K)->37254K(38656K) Class: 4949K(5964K)->4949K(5964K)
[2021-02-07T10:49:21.549-0800][gc           ] GC(15) Pause Young (Normal) (G1 Evacuation Pause) 755M->146M(1024M) 24.914ms
[2021-02-07T10:49:21.549-0800][gc,cpu       ] GC(15) User=0.16s Sys=0.00s Real=0.03s
[2021-02-07T11:27:08.939-0800][gc,start     ] GC(16) Pause Young (Normal) (G1 Evacuation Pause)
[2021-02-07T11:27:08.939-0800][gc,task      ] GC(16) Using 8 workers of 8 for evacuation
[2021-02-07T11:27:08.959-0800][gc,phases    ] GC(16)   Pre Evacuate Collection Set: 0.8ms
[2021-02-07T11:27:08.959-0800][gc,phases    ] GC(16)   Merge Heap Roots: 0.8ms
[2021-02-07T11:27:08.959-0800][gc,phases    ] GC(16)   Evacuate Collection Set: 14.1ms
[2021-02-07T11:27:08.959-0800][gc,phases    ] GC(16)   Post Evacuate Collection Set: 4.1ms
[2021-02-07T11:27:08.959-0800][gc,phases    ] GC(16)   Other: 0.5ms
[2021-02-07T11:27:08.959-0800][gc,heap      ] GC(16) Eden regions: 440->0(450)
[2021-02-07T11:27:08.959-0800][gc,heap      ] GC(16) Survivor regions: 5->5(56)
[2021-02-07T11:27:08.959-0800][gc,heap      ] GC(16) Old regions: 13->13
[2021-02-07T11:27:08.959-0800][gc,heap      ] GC(16) Archive regions: 2->2
[2021-02-07T11:27:08.959-0800][gc,heap      ] GC(16) Humongous regions: 129->129
[2021-02-07T11:27:08.959-0800][gc,metaspace ] GC(16) Metaspace: 42238K(44620K)->42238K(44620K) NonClass: 37288K(38656K)->37288K(38656K) Class: 4949K(5964K)->4949K(5964K)
[2021-02-07T11:27:08.959-0800][gc           ] GC(16) Pause Young (Normal) (G1 Evacuation Pause) 586M->146M(1024M) 20.525ms
[2021-02-07T11:27:08.959-0800][gc,cpu       ] GC(16) User=0.11s Sys=0.00s Real=0.02s
[2021-02-07T12:05:49.127-0800][gc,start     ] GC(17) Pause Young (Normal) (G1 Evacuation Pause)
[2021-02-07T12:05:49.127-0800][gc,task      ] GC(17) Using 8 workers of 8 for evacuation
[2021-02-07T12:05:49.147-0800][gc,mmu       ] GC(17) MMU target violated: 20.0ms (20.0ms/21.0ms)
[2021-02-07T12:05:49.147-0800][gc,phases    ] GC(17)   Pre Evacuate Collection Set: 1.0ms
[2021-02-07T12:05:49.147-0800][gc,phases    ] GC(17)   Merge Heap Roots: 0.9ms
[2021-02-07T12:05:49.147-0800][gc,phases    ] GC(17)   Evacuate Collection Set: 14.2ms
[2021-02-07T12:05:49.147-0800][gc,phases    ] GC(17)   Post Evacuate Collection Set: 3.8ms
[2021-02-07T12:05:49.147-0800][gc,phases    ] GC(17)   Other: 0.7ms
[2021-02-07T12:05:49.147-0800][gc,heap      ] GC(17) Eden regions: 450->0(419)
[2021-02-07T12:05:49.147-0800][gc,heap      ] GC(17) Survivor regions: 5->5(57)
[2021-02-07T12:05:49.147-0800][gc,heap      ] GC(17) Old regions: 13->13
[2021-02-07T12:05:49.147-0800][gc,heap      ] GC(17) Archive regions: 2->2
[2021-02-07T12:05:49.147-0800][gc,heap      ] GC(17) Humongous regions: 129->129
[2021-02-07T12:05:49.147-0800][gc,metaspace ] GC(17) Metaspace: 42241K(44620K)->42241K(44620K) NonClass: 37291K(38656K)->37291K(38656K) Class: 4949K(5964K)->4949K(5964K)
[2021-02-07T12:05:49.147-0800][gc           ] GC(17) Pause Young (Normal) (G1 Evacuation Pause) 596M->146M(1024M) 20.615ms
[2021-02-07T12:05:49.147-0800][gc,cpu       ] GC(17) User=0.12s Sys=0.00s Real=0.02s
[2021-02-07T16:25:39.334-0800][gc,start     ] GC(18) Pause Young (Normal) (G1 Evacuation Pause)
[2021-02-07T16:25:39.334-0800][gc,task      ] GC(18) Using 8 workers of 8 for evacuation
[2021-02-07T16:25:39.358-0800][gc,mmu       ] GC(18) MMU target violated: 21.0ms (20.0ms/21.0ms)
[2021-02-07T16:25:39.358-0800][gc,phases    ] GC(18)   Pre Evacuate Collection Set: 0.7ms
[2021-02-07T16:25:39.358-0800][gc,phases    ] GC(18)   Merge Heap Roots: 0.6ms
[2021-02-07T16:25:39.358-0800][gc,phases    ] GC(18)   Evacuate Collection Set: 18.0ms
[2021-02-07T16:25:39.358-0800][gc,phases    ] GC(18)   Post Evacuate Collection Set: 4.5ms
[2021-02-07T16:25:39.359-0800][gc,phases    ] GC(18)   Other: 0.5ms
[2021-02-07T16:25:39.359-0800][gc,heap      ] GC(18) Eden regions: 419->0(418)
[2021-02-07T16:25:39.359-0800][gc,heap      ] GC(18) Survivor regions: 5->5(53)
[2021-02-07T16:25:39.359-0800][gc,heap      ] GC(18) Old regions: 13->13
[2021-02-07T16:25:39.359-0800][gc,heap      ] GC(18) Archive regions: 2->2
[2021-02-07T16:25:39.359-0800][gc,heap      ] GC(18) Humongous regions: 129->129
[2021-02-07T16:25:39.359-0800][gc,metaspace ] GC(18) Metaspace: 42507K(44876K)->42507K(44876K) NonClass: 37523K(38912K)->37523K(38912K) Class: 4983K(5964K)->4983K(5964K)
[2021-02-07T16:25:39.359-0800][gc           ] GC(18) Pause Young (Normal) (G1 Evacuation Pause) 565M->146M(1024M) 24.430ms
[2021-02-07T16:25:39.359-0800][gc,cpu       ] GC(18) User=0.15s Sys=0.00s Real=0.03s
[2021-02-07T17:01:30.484-0800][gc,start     ] GC(19) Pause Young (Normal) (G1 Evacuation Pause)
[2021-02-07T17:01:30.484-0800][gc,task      ] GC(19) Using 8 workers of 8 for evacuation
[2021-02-07T17:01:30.505-0800][gc,mmu       ] GC(19) MMU target violated: 21.0ms (20.0ms/21.0ms)
[2021-02-07T17:01:30.505-0800][gc,phases    ] GC(19)   Pre Evacuate Collection Set: 0.7ms
[2021-02-07T17:01:30.505-0800][gc,phases    ] GC(19)   Merge Heap Roots: 0.7ms
[2021-02-07T17:01:30.505-0800][gc,phases    ] GC(19)   Evacuate Collection Set: 15.2ms
[2021-02-07T17:01:30.505-0800][gc,phases    ] GC(19)   Post Evacuate Collection Set: 4.4ms
[2021-02-07T17:01:30.505-0800][gc,phases    ] GC(19)   Other: 0.5ms
[2021-02-07T17:01:30.505-0800][gc,heap      ] GC(19) Eden regions: 418->0(295)
[2021-02-07T17:01:30.505-0800][gc,heap      ] GC(19) Survivor regions: 5->6(53)
[2021-02-07T17:01:30.505-0800][gc,heap      ] GC(19) Old regions: 13->13
[2021-02-07T17:01:30.505-0800][gc,heap      ] GC(19) Archive regions: 2->2
[2021-02-07T17:01:30.505-0800][gc,heap      ] GC(19) Humongous regions: 129->129
[2021-02-07T17:01:30.505-0800][gc,metaspace ] GC(19) Metaspace: 42516K(44876K)->42516K(44876K) NonClass: 37532K(38912K)->37532K(38912K) Class: 4983K(5964K)->4983K(5964K)
[2021-02-07T17:01:30.505-0800][gc           ] GC(19) Pause Young (Normal) (G1 Evacuation Pause) 564M->147M(1024M) 21.625ms
[2021-02-07T17:01:30.505-0800][gc,cpu       ] GC(19) User=0.12s Sys=0.00s Real=0.02s
[2021-02-07T17:27:00.696-0800][gc,start     ] GC(20) Pause Young (Normal) (G1 Evacuation Pause)
[2021-02-07T17:27:00.696-0800][gc,task      ] GC(20) Using 8 workers of 8 for evacuation
[2021-02-07T17:27:00.711-0800][gc,phases    ] GC(20)   Pre Evacuate Collection Set: 0.5ms
[2021-02-07T17:27:00.711-0800][gc,phases    ] GC(20)   Merge Heap Roots: 0.7ms
[2021-02-07T17:27:00.711-0800][gc,phases    ] GC(20)   Evacuate Collection Set: 9.5ms
[2021-02-07T17:27:00.711-0800][gc,phases    ] GC(20)   Post Evacuate Collection Set: 3.9ms
[2021-02-07T17:27:00.711-0800][gc,phases    ] GC(20)   Other: 0.6ms
[2021-02-07T17:27:00.711-0800][gc,heap      ] GC(20) Eden regions: 295->0(519)
[2021-02-07T17:27:00.711-0800][gc,heap      ] GC(20) Survivor regions: 6->5(38)
[2021-02-07T17:27:00.711-0800][gc,heap      ] GC(20) Old regions: 13->13
[2021-02-07T17:27:00.711-0800][gc,heap      ] GC(20) Archive regions: 2->2
[2021-02-07T17:27:00.711-0800][gc,heap      ] GC(20) Humongous regions: 129->129
[2021-02-07T17:27:00.711-0800][gc,metaspace ] GC(20) Metaspace: 42521K(44876K)->42521K(44876K) NonClass: 37537K(38912K)->37537K(38912K) Class: 4983K(5964K)->4983K(5964K)
[2021-02-07T17:27:00.711-0800][gc           ] GC(20) Pause Young (Normal) (G1 Evacuation Pause) 442M->146M(1024M) 15.331ms
[2021-02-07T17:27:00.711-0800][gc,cpu       ] GC(20) User=0.08s Sys=0.00s Real=0.02s
[2021-02-07T18:11:34.695-0800][gc,start     ] GC(21) Pause Young (Normal) (G1 Evacuation Pause)
[2021-02-07T18:11:34.695-0800][gc,task      ] GC(21) Using 8 workers of 8 for evacuation
[2021-02-07T18:11:34.718-0800][gc,mmu       ] GC(21) MMU target violated: 21.0ms (20.0ms/21.0ms)
[2021-02-07T18:11:34.718-0800][gc,phases    ] GC(21)   Pre Evacuate Collection Set: 0.9ms
[2021-02-07T18:11:34.718-0800][gc,phases    ] GC(21)   Merge Heap Roots: 0.6ms
[2021-02-07T18:11:34.718-0800][gc,phases    ] GC(21)   Evacuate Collection Set: 16.2ms
[2021-02-07T18:11:34.718-0800][gc,phases    ] GC(21)   Post Evacuate Collection Set: 4.7ms
[2021-02-07T18:11:34.718-0800][gc,phases    ] GC(21)   Other: 0.6ms
[2021-02-07T18:11:34.718-0800][gc,heap      ] GC(21) Eden regions: 519->0(548)
[2021-02-07T18:11:34.718-0800][gc,heap      ] GC(21) Survivor regions: 5->5(66)
[2021-02-07T18:11:34.718-0800][gc,heap      ] GC(21) Old regions: 13->13
[2021-02-07T18:11:34.718-0800][gc,heap      ] GC(21) Archive regions: 2->2
[2021-02-07T18:11:34.718-0800][gc,heap      ] GC(21) Humongous regions: 129->129
[2021-02-07T18:11:34.718-0800][gc,metaspace ] GC(21) Metaspace: 42526K(44876K)->42526K(44876K) NonClass: 37543K(38912K)->37543K(38912K) Class: 4983K(5964K)->4983K(5964K)
[2021-02-07T18:11:34.718-0800][gc           ] GC(21) Pause Young (Normal) (G1 Evacuation Pause) 665M->146M(1024M) 23.421ms
[2021-02-07T18:11:34.718-0800][gc,cpu       ] GC(21) User=0.12s Sys=0.01s Real=0.03s
[2021-02-07T18:58:42.351-0800][gc,start     ] GC(22) Pause Young (Normal) (G1 Evacuation Pause)
[2021-02-07T18:58:42.351-0800][gc,task      ] GC(22) Using 8 workers of 8 for evacuation
[2021-02-07T18:58:42.360-0800][gc,phases    ] GC(22)   Pre Evacuate Collection Set: 0.3ms
[2021-02-07T18:58:42.360-0800][gc,phases    ] GC(22)   Merge Heap Roots: 0.3ms
[2021-02-07T18:58:42.360-0800][gc,phases    ] GC(22)   Evacuate Collection Set: 5.9ms
[2021-02-07T18:58:42.360-0800][gc,phases    ] GC(22)   Post Evacuate Collection Set: 2.3ms
[2021-02-07T18:58:42.360-0800][gc,phases    ] GC(22)   Other: 0.3ms
[2021-02-07T18:58:42.360-0800][gc,heap      ] GC(22) Eden regions: 548->0(610)
[2021-02-07T18:58:42.360-0800][gc,heap      ] GC(22) Survivor regions: 5->4(70)
[2021-02-07T18:58:42.360-0800][gc,heap      ] GC(22) Old regions: 13->14
[2021-02-07T18:58:42.360-0800][gc,heap      ] GC(22) Archive regions: 2->2
[2021-02-07T18:58:42.360-0800][gc,heap      ] GC(22) Humongous regions: 129->129
[2021-02-07T18:58:42.360-0800][gc,metaspace ] GC(22) Metaspace: 42551K(44876K)->42551K(44876K) NonClass: 37567K(38912K)->37567K(38912K) Class: 4983K(5964K)->4983K(5964K)
[2021-02-07T18:58:42.360-0800][gc           ] GC(22) Pause Young (Normal) (G1 Evacuation Pause) 694M->147M(1024M) 9.175ms
[2021-02-07T18:58:42.360-0800][gc,cpu       ] GC(22) User=0.05s Sys=0.00s Real=0.01s
[2021-02-07T19:19:02.972-0800][gc,heap,exit ] Heap
[2021-02-07T19:19:02.972-0800][gc,heap,exit ]  garbage-first heap   total 1048576K, used 395333K [0x00000000c0000000, 0x0000000100000000)
[2021-02-07T19:19:02.972-0800][gc,heap,exit ]   region size 1024K, 245 young (250880K), 4 survivors (4096K)
[2021-02-07T19:19:02.972-0800][gc,heap,exit ]  Metaspace       used 43177K, capacity 45475K, committed 45644K, reserved 1089536K
[2021-02-07T19:19:02.972-0800][gc,heap,exit ]   class space    used 5140K, capacity 6122K, committed 6220K, reserved 1048576K
