[2021-01-31T10:54:42.263-0800][gc,heap] Heap region size: 1M
[2021-01-31T10:54:42.263-0800][gc,heap,coops] Heap address: 0x00000000c0000000, size: 1024 MB, Compressed Oops mode: 32-bit
[2021-01-31T10:54:42.270-0800][gc           ] Using G1
[2021-01-31T10:54:42.270-0800][gc,cds       ] Mark closed archive regions in map: [0x00000000fff00000, 0x00000000fff7eff8]
[2021-01-31T10:54:42.270-0800][gc,cds       ] Mark open archive regions in map: [0x00000000ffe00000, 0x00000000ffe51ff8]
[2021-01-31T10:54:42.284-0800][gc           ] Periodic GC disabled
[2021-01-31T10:54:42.916-0800][gc,start     ] GC(0) Pause Young (Normal) (G1 Evacuation Pause)
[2021-01-31T10:54:42.917-0800][gc,task      ] GC(0) Using 8 workers of 8 for evacuation
[2021-01-31T10:54:42.924-0800][gc,phases    ] GC(0)   Pre Evacuate Collection Set: 0.2ms
[2021-01-31T10:54:42.924-0800][gc,phases    ] GC(0)   Merge Heap Roots: 0.2ms
[2021-01-31T10:54:42.924-0800][gc,phases    ] GC(0)   Evacuate Collection Set: 5.5ms
[2021-01-31T10:54:42.924-0800][gc,phases    ] GC(0)   Post Evacuate Collection Set: 0.9ms
[2021-01-31T10:54:42.924-0800][gc,phases    ] GC(0)   Other: 1.2ms
[2021-01-31T10:54:42.924-0800][gc,heap      ] GC(0) Eden regions: 51->0(44)
[2021-01-31T10:54:42.924-0800][gc,heap      ] GC(0) Survivor regions: 0->7(7)
[2021-01-31T10:54:42.924-0800][gc,heap      ] GC(0) Old regions: 0->0
[2021-01-31T10:54:42.924-0800][gc,heap      ] GC(0) Archive regions: 2->2
[2021-01-31T10:54:42.924-0800][gc,heap      ] GC(0) Humongous regions: 0->0
[2021-01-31T10:54:42.924-0800][gc,metaspace ] GC(0) Metaspace: 14432K(14976K)->14432K(14976K) NonClass: 12648K(13056K)->12648K(13056K) Class: 1783K(1920K)->1783K(1920K)
[2021-01-31T10:54:42.924-0800][gc           ] GC(0) Pause Young (Normal) (G1 Evacuation Pause) 51M->6M(1024M) 8.023ms
[2021-01-31T10:54:42.924-0800][gc,cpu       ] GC(0) User=0.03s Sys=0.02s Real=0.01s
[2021-01-31T10:54:43.248-0800][gc,start     ] GC(1) Pause Young (Concurrent Start) (Metadata GC Threshold)
[2021-01-31T10:54:43.248-0800][gc,task      ] GC(1) Using 8 workers of 8 for evacuation
[2021-01-31T10:54:43.254-0800][gc,phases    ] GC(1)   Pre Evacuate Collection Set: 0.2ms
[2021-01-31T10:54:43.254-0800][gc,phases    ] GC(1)   Merge Heap Roots: 0.1ms
[2021-01-31T10:54:43.254-0800][gc,phases    ] GC(1)   Evacuate Collection Set: 5.4ms
[2021-01-31T10:54:43.254-0800][gc,phases    ] GC(1)   Post Evacuate Collection Set: 0.8ms
[2021-01-31T10:54:43.255-0800][gc,phases    ] GC(1)   Other: 0.2ms
[2021-01-31T10:54:43.255-0800][gc,heap      ] GC(1) Eden regions: 27->0(49)
[2021-01-31T10:54:43.255-0800][gc,heap      ] GC(1) Survivor regions: 7->2(7)
[2021-01-31T10:54:43.255-0800][gc,heap      ] GC(1) Old regions: 0->7
[2021-01-31T10:54:43.255-0800][gc,heap      ] GC(1) Archive regions: 2->2
[2021-01-31T10:54:43.255-0800][gc,heap      ] GC(1) Humongous regions: 0->0
[2021-01-31T10:54:43.255-0800][gc,metaspace ] GC(1) Metaspace: 20677K(21248K)->20677K(21248K) NonClass: 18122K(18432K)->18122K(18432K) Class: 2555K(2816K)->2555K(2816K)
[2021-01-31T10:54:43.255-0800][gc           ] GC(1) Pause Young (Concurrent Start) (Metadata GC Threshold) 33M->8M(1024M) 6.806ms
[2021-01-31T10:54:43.255-0800][gc,cpu       ] GC(1) User=0.03s Sys=0.01s Real=0.00s
[2021-01-31T10:54:43.255-0800][gc           ] GC(2) Concurrent Cycle
[2021-01-31T10:54:43.255-0800][gc,marking   ] GC(2) Concurrent Clear Claimed Marks
[2021-01-31T10:54:43.255-0800][gc,marking   ] GC(2) Concurrent Clear Claimed Marks 0.036ms
[2021-01-31T10:54:43.255-0800][gc,marking   ] GC(2) Concurrent Scan Root Regions
[2021-01-31T10:54:43.257-0800][gc,marking   ] GC(2) Concurrent Scan Root Regions 2.364ms
[2021-01-31T10:54:43.257-0800][gc,marking   ] GC(2) Concurrent Mark (0.996s)
[2021-01-31T10:54:43.257-0800][gc,marking   ] GC(2) Concurrent Mark From Roots
[2021-01-31T10:54:43.257-0800][gc,task      ] GC(2) Using 2 workers of 2 for marking
[2021-01-31T10:54:43.259-0800][gc,marking   ] GC(2) Concurrent Mark From Roots 1.544ms
[2021-01-31T10:54:43.259-0800][gc,marking   ] GC(2) Concurrent Preclean
[2021-01-31T10:54:43.259-0800][gc,marking   ] GC(2) Concurrent Preclean 0.117ms
[2021-01-31T10:54:43.259-0800][gc,marking   ] GC(2) Concurrent Mark (0.996s, 0.998s) 1.717ms
[2021-01-31T10:54:43.259-0800][gc,start     ] GC(2) Pause Remark
[2021-01-31T10:54:43.261-0800][gc           ] GC(2) Pause Remark 8M->8M(1024M) 1.439ms
[2021-01-31T10:54:43.261-0800][gc,cpu       ] GC(2) User=0.00s Sys=0.00s Real=0.00s
[2021-01-31T10:54:43.261-0800][gc,marking   ] GC(2) Concurrent Rebuild Remembered Sets
[2021-01-31T10:54:43.263-0800][gc,marking   ] GC(2) Concurrent Rebuild Remembered Sets 2.545ms
[2021-01-31T10:54:43.264-0800][gc,start     ] GC(2) Pause Cleanup
[2021-01-31T10:54:43.264-0800][gc           ] GC(2) Pause Cleanup 8M->8M(1024M) 0.192ms
[2021-01-31T10:54:43.264-0800][gc,cpu       ] GC(2) User=0.00s Sys=0.00s Real=0.00s
[2021-01-31T10:54:43.264-0800][gc,marking   ] GC(2) Concurrent Cleanup for Next Mark
[2021-01-31T10:54:43.266-0800][gc,marking   ] GC(2) Concurrent Cleanup for Next Mark 1.903ms
[2021-01-31T10:54:43.266-0800][gc           ] GC(2) Concurrent Cycle 11.586ms
[2021-01-31T10:54:44.285-0800][gc,start     ] GC(3) Pause Young (Normal) (G1 Evacuation Pause)
[2021-01-31T10:54:44.285-0800][gc,task      ] GC(3) Using 8 workers of 8 for evacuation
[2021-01-31T10:54:44.289-0800][gc,phases    ] GC(3)   Pre Evacuate Collection Set: 0.2ms
[2021-01-31T10:54:44.289-0800][gc,phases    ] GC(3)   Merge Heap Roots: 0.1ms
[2021-01-31T10:54:44.289-0800][gc,phases    ] GC(3)   Evacuate Collection Set: 2.3ms
[2021-01-31T10:54:44.289-0800][gc,phases    ] GC(3)   Post Evacuate Collection Set: 0.9ms
[2021-01-31T10:54:44.289-0800][gc,phases    ] GC(3)   Other: 0.1ms
[2021-01-31T10:54:44.289-0800][gc,heap      ] GC(3) Eden regions: 49->0(46)
[2021-01-31T10:54:44.289-0800][gc,heap      ] GC(3) Survivor regions: 2->5(7)
[2021-01-31T10:54:44.289-0800][gc,heap      ] GC(3) Old regions: 7->7
[2021-01-31T10:54:44.289-0800][gc,heap      ] GC(3) Archive regions: 2->2
[2021-01-31T10:54:44.289-0800][gc,heap      ] GC(3) Humongous regions: 129->129
[2021-01-31T10:54:44.289-0800][gc,metaspace ] GC(3) Metaspace: 28653K(29568K)->28653K(29568K) NonClass: 25335K(25856K)->25335K(25856K) Class: 3317K(3712K)->3317K(3712K)
[2021-01-31T10:54:44.289-0800][gc           ] GC(3) Pause Young (Normal) (G1 Evacuation Pause) 186M->140M(1024M) 3.710ms
[2021-01-31T10:54:44.289-0800][gc,cpu       ] GC(3) User=0.03s Sys=0.00s Real=0.01s
[2021-01-31T10:54:44.581-0800][gc,start     ] GC(4) Pause Young (Concurrent Start) (Metadata GC Threshold)
[2021-01-31T10:54:44.581-0800][gc,task      ] GC(4) Using 8 workers of 8 for evacuation
[2021-01-31T10:54:44.586-0800][gc,phases    ] GC(4)   Pre Evacuate Collection Set: 0.3ms
[2021-01-31T10:54:44.586-0800][gc,phases    ] GC(4)   Merge Heap Roots: 0.1ms
[2021-01-31T10:54:44.586-0800][gc,phases    ] GC(4)   Evacuate Collection Set: 3.8ms
[2021-01-31T10:54:44.586-0800][gc,phases    ] GC(4)   Post Evacuate Collection Set: 1.0ms
[2021-01-31T10:54:44.586-0800][gc,phases    ] GC(4)   Other: 0.2ms
[2021-01-31T10:54:44.586-0800][gc,heap      ] GC(4) Eden regions: 30->0(45)
[2021-01-31T10:54:44.586-0800][gc,heap      ] GC(4) Survivor regions: 5->6(7)
[2021-01-31T10:54:44.586-0800][gc,heap      ] GC(4) Old regions: 7->7
[2021-01-31T10:54:44.586-0800][gc,heap      ] GC(4) Archive regions: 2->2
[2021-01-31T10:54:44.586-0800][gc,heap      ] GC(4) Humongous regions: 129->129
[2021-01-31T10:54:44.586-0800][gc,metaspace ] GC(4) Metaspace: 34673K(35840K)->34673K(35840K) NonClass: 30729K(31360K)->30729K(31360K) Class: 3944K(4480K)->3944K(4480K)
[2021-01-31T10:54:44.586-0800][gc           ] GC(4) Pause Young (Concurrent Start) (Metadata GC Threshold) 169M->142M(1024M) 5.552ms
[2021-01-31T10:54:44.586-0800][gc,cpu       ] GC(4) User=0.03s Sys=0.02s Real=0.01s
[2021-01-31T10:54:44.587-0800][gc           ] GC(5) Concurrent Cycle
[2021-01-31T10:54:44.587-0800][gc,marking   ] GC(5) Concurrent Clear Claimed Marks
[2021-01-31T10:54:44.587-0800][gc,marking   ] GC(5) Concurrent Clear Claimed Marks 0.092ms
[2021-01-31T10:54:44.587-0800][gc,marking   ] GC(5) Concurrent Scan Root Regions
[2021-01-31T10:54:44.590-0800][gc,marking   ] GC(5) Concurrent Scan Root Regions 3.728ms
[2021-01-31T10:54:44.591-0800][gc,marking   ] GC(5) Concurrent Mark (2.330s)
[2021-01-31T10:54:44.591-0800][gc,marking   ] GC(5) Concurrent Mark From Roots
[2021-01-31T10:54:44.591-0800][gc,task      ] GC(5) Using 2 workers of 2 for marking
[2021-01-31T10:54:44.599-0800][gc,marking   ] GC(5) Concurrent Mark From Roots 8.611ms
[2021-01-31T10:54:44.599-0800][gc,marking   ] GC(5) Concurrent Preclean
[2021-01-31T10:54:44.599-0800][gc,marking   ] GC(5) Concurrent Preclean 0.213ms
[2021-01-31T10:54:44.599-0800][gc,marking   ] GC(5) Concurrent Mark (2.330s, 2.339s) 8.913ms
[2021-01-31T10:54:44.600-0800][gc,start     ] GC(5) Pause Remark
[2021-01-31T10:54:44.602-0800][gc           ] GC(5) Pause Remark 143M->143M(1024M) 1.910ms
[2021-01-31T10:54:44.602-0800][gc,cpu       ] GC(5) User=0.01s Sys=0.00s Real=0.00s
[2021-01-31T10:54:44.602-0800][gc,marking   ] GC(5) Concurrent Rebuild Remembered Sets
[2021-01-31T10:54:44.608-0800][gc,marking   ] GC(5) Concurrent Rebuild Remembered Sets 5.778ms
[2021-01-31T10:54:44.608-0800][gc,start     ] GC(5) Pause Cleanup
[2021-01-31T10:54:44.608-0800][gc           ] GC(5) Pause Cleanup 144M->144M(1024M) 0.254ms
[2021-01-31T10:54:44.608-0800][gc,cpu       ] GC(5) User=0.00s Sys=0.00s Real=0.00s
[2021-01-31T10:54:44.609-0800][gc,marking   ] GC(5) Concurrent Cleanup for Next Mark
[2021-01-31T10:54:44.617-0800][gc,marking   ] GC(5) Concurrent Cleanup for Next Mark 8.400ms
[2021-01-31T10:54:44.617-0800][gc           ] GC(5) Concurrent Cycle 30.492ms
[2021-01-31T10:55:24.583-0800][gc,start     ] GC(6) Pause Young (Normal) (G1 Evacuation Pause)
[2021-01-31T10:55:24.583-0800][gc,task      ] GC(6) Using 8 workers of 8 for evacuation
[2021-01-31T10:55:24.590-0800][gc,phases    ] GC(6)   Pre Evacuate Collection Set: 0.2ms
[2021-01-31T10:55:24.590-0800][gc,phases    ] GC(6)   Merge Heap Roots: 0.2ms
[2021-01-31T10:55:24.590-0800][gc,phases    ] GC(6)   Evacuate Collection Set: 5.2ms
[2021-01-31T10:55:24.590-0800][gc,phases    ] GC(6)   Post Evacuate Collection Set: 1.4ms
[2021-01-31T10:55:24.590-0800][gc,phases    ] GC(6)   Other: 0.1ms
[2021-01-31T10:55:24.590-0800][gc,heap      ] GC(6) Eden regions: 45->0(45)
[2021-01-31T10:55:24.590-0800][gc,heap      ] GC(6) Survivor regions: 6->6(7)
[2021-01-31T10:55:24.590-0800][gc,heap      ] GC(6) Old regions: 7->11
[2021-01-31T10:55:24.590-0800][gc,heap      ] GC(6) Archive regions: 2->2
[2021-01-31T10:55:24.590-0800][gc,heap      ] GC(6) Humongous regions: 249->129
[2021-01-31T10:55:24.590-0800][gc,metaspace ] GC(6) Metaspace: 40854K(43084K)->40854K(43084K) NonClass: 35890K(37120K)->35890K(37120K) Class: 4963K(5964K)->4963K(5964K)
[2021-01-31T10:55:24.591-0800][gc           ] GC(6) Pause Young (Normal) (G1 Evacuation Pause) 307M->145M(1024M) 7.219ms
[2021-01-31T10:55:24.591-0800][gc,cpu       ] GC(6) User=0.05s Sys=0.00s Real=0.01s
[2021-01-31T10:56:53.376-0800][gc,start     ] GC(7) Pause Young (Normal) (G1 Evacuation Pause)
[2021-01-31T10:56:53.376-0800][gc,task      ] GC(7) Using 8 workers of 8 for evacuation
[2021-01-31T10:56:53.381-0800][gc,phases    ] GC(7)   Pre Evacuate Collection Set: 0.2ms
[2021-01-31T10:56:53.381-0800][gc,phases    ] GC(7)   Merge Heap Roots: 0.2ms
[2021-01-31T10:56:53.381-0800][gc,phases    ] GC(7)   Evacuate Collection Set: 3.8ms
[2021-01-31T10:56:53.381-0800][gc,phases    ] GC(7)   Post Evacuate Collection Set: 0.9ms
[2021-01-31T10:56:53.381-0800][gc,phases    ] GC(7)   Other: 0.1ms
[2021-01-31T10:56:53.381-0800][gc,heap      ] GC(7) Eden regions: 45->0(46)
[2021-01-31T10:56:53.381-0800][gc,heap      ] GC(7) Survivor regions: 6->5(7)
[2021-01-31T10:56:53.381-0800][gc,heap      ] GC(7) Old regions: 11->13
[2021-01-31T10:56:53.381-0800][gc,heap      ] GC(7) Archive regions: 2->2
[2021-01-31T10:56:53.381-0800][gc,heap      ] GC(7) Humongous regions: 129->129
[2021-01-31T10:56:53.381-0800][gc,metaspace ] GC(7) Metaspace: 41105K(43340K)->41105K(43340K) NonClass: 36123K(37376K)->36123K(37376K) Class: 4981K(5964K)->4981K(5964K)
[2021-01-31T10:56:53.381-0800][gc           ] GC(7) Pause Young (Normal) (G1 Evacuation Pause) 190M->146M(1024M) 5.356ms
[2021-01-31T10:56:53.381-0800][gc,cpu       ] GC(7) User=0.02s Sys=0.01s Real=0.01s
[2021-01-31T10:57:13.293-0800][gc,heap,exit ] Heap
[2021-01-31T10:57:13.293-0800][gc,heap,exit ]  garbage-first heap   total 1048576K, used 165505K [0x00000000c0000000, 0x0000000100000000)
[2021-01-31T10:57:13.293-0800][gc,heap,exit ]   region size 1024K, 22 young (22528K), 5 survivors (5120K)
[2021-01-31T10:57:13.293-0800][gc,heap,exit ]  Metaspace       used 41783K, capacity 43941K, committed 44108K, reserved 1087488K
[2021-01-31T10:57:13.293-0800][gc,heap,exit ]   class space    used 5148K, capacity 6133K, committed 6220K, reserved 1048576K
