[2021-02-01T22:38:29.536-0800][gc,heap] Heap region size: 1M
[2021-02-01T22:38:29.536-0800][gc,heap,coops] Heap address: 0x00000000c0000000, size: 1024 MB, Compressed Oops mode: 32-bit
[2021-02-01T22:38:29.542-0800][gc           ] Using G1
[2021-02-01T22:38:29.542-0800][gc,cds       ] Mark closed archive regions in map: [0x00000000fff00000, 0x00000000fff7eff8]
[2021-02-01T22:38:29.542-0800][gc,cds       ] Mark open archive regions in map: [0x00000000ffe00000, 0x00000000ffe51ff8]
[2021-02-01T22:38:29.555-0800][gc           ] Periodic GC disabled
[2021-02-01T22:38:30.320-0800][gc,start     ] GC(0) Pause Young (Normal) (G1 Evacuation Pause)
[2021-02-01T22:38:30.321-0800][gc,task      ] GC(0) Using 8 workers of 8 for evacuation
[2021-02-01T22:38:30.329-0800][gc,phases    ] GC(0)   Pre Evacuate Collection Set: 0.2ms
[2021-02-01T22:38:30.329-0800][gc,phases    ] GC(0)   Merge Heap Roots: 0.3ms
[2021-02-01T22:38:30.329-0800][gc,phases    ] GC(0)   Evacuate Collection Set: 6.4ms
[2021-02-01T22:38:30.329-0800][gc,phases    ] GC(0)   Post Evacuate Collection Set: 1.0ms
[2021-02-01T22:38:30.329-0800][gc,phases    ] GC(0)   Other: 1.4ms
[2021-02-01T22:38:30.329-0800][gc,heap      ] GC(0) Eden regions: 51->0(44)
[2021-02-01T22:38:30.329-0800][gc,heap      ] GC(0) Survivor regions: 0->7(7)
[2021-02-01T22:38:30.329-0800][gc,heap      ] GC(0) Old regions: 0->0
[2021-02-01T22:38:30.329-0800][gc,heap      ] GC(0) Archive regions: 2->2
[2021-02-01T22:38:30.329-0800][gc,heap      ] GC(0) Humongous regions: 0->0
[2021-02-01T22:38:30.329-0800][gc,metaspace ] GC(0) Metaspace: 15031K(15616K)->15031K(15616K) NonClass: 13146K(13568K)->13146K(13568K) Class: 1885K(2048K)->1885K(2048K)
[2021-02-01T22:38:30.329-0800][gc           ] GC(0) Pause Young (Normal) (G1 Evacuation Pause) 51M->7M(1024M) 9.298ms
[2021-02-01T22:38:30.329-0800][gc,cpu       ] GC(0) User=0.00s Sys=0.05s Real=0.01s
[2021-02-01T22:38:30.559-0800][gc,start     ] GC(1) Pause Young (Concurrent Start) (Metadata GC Threshold)
[2021-02-01T22:38:30.559-0800][gc,task      ] GC(1) Using 8 workers of 8 for evacuation
[2021-02-01T22:38:30.567-0800][gc,phases    ] GC(1)   Pre Evacuate Collection Set: 0.2ms
[2021-02-01T22:38:30.567-0800][gc,phases    ] GC(1)   Merge Heap Roots: 0.1ms
[2021-02-01T22:38:30.567-0800][gc,phases    ] GC(1)   Evacuate Collection Set: 6.3ms
[2021-02-01T22:38:30.567-0800][gc,phases    ] GC(1)   Post Evacuate Collection Set: 1.2ms
[2021-02-01T22:38:30.567-0800][gc,phases    ] GC(1)   Other: 0.2ms
[2021-02-01T22:38:30.567-0800][gc,heap      ] GC(1) Eden regions: 23->0(49)
[2021-02-01T22:38:30.567-0800][gc,heap      ] GC(1) Survivor regions: 7->2(7)
[2021-02-01T22:38:30.567-0800][gc,heap      ] GC(1) Old regions: 0->7
[2021-02-01T22:38:30.567-0800][gc,heap      ] GC(1) Archive regions: 2->2
[2021-02-01T22:38:30.567-0800][gc,heap      ] GC(1) Humongous regions: 0->0
[2021-02-01T22:38:30.567-0800][gc,metaspace ] GC(1) Metaspace: 20613K(21248K)->20613K(21248K) NonClass: 18068K(18432K)->18068K(18432K) Class: 2545K(2816K)->2545K(2816K)
[2021-02-01T22:38:30.567-0800][gc           ] GC(1) Pause Young (Concurrent Start) (Metadata GC Threshold) 29M->8M(1024M) 8.099ms
[2021-02-01T22:38:30.567-0800][gc,cpu       ] GC(1) User=0.00s Sys=0.06s Real=0.01s
[2021-02-01T22:38:30.567-0800][gc           ] GC(2) Concurrent Cycle
[2021-02-01T22:38:30.567-0800][gc,marking   ] GC(2) Concurrent Clear Claimed Marks
[2021-02-01T22:38:30.567-0800][gc,marking   ] GC(2) Concurrent Clear Claimed Marks 0.030ms
[2021-02-01T22:38:30.567-0800][gc,marking   ] GC(2) Concurrent Scan Root Regions
[2021-02-01T22:38:30.570-0800][gc,marking   ] GC(2) Concurrent Scan Root Regions 2.546ms
[2021-02-01T22:38:30.570-0800][gc,marking   ] GC(2) Concurrent Mark (1.036s)
[2021-02-01T22:38:30.570-0800][gc,marking   ] GC(2) Concurrent Mark From Roots
[2021-02-01T22:38:30.570-0800][gc,task      ] GC(2) Using 2 workers of 2 for marking
[2021-02-01T22:38:30.571-0800][gc,marking   ] GC(2) Concurrent Mark From Roots 1.643ms
[2021-02-01T22:38:30.571-0800][gc,marking   ] GC(2) Concurrent Preclean
[2021-02-01T22:38:30.571-0800][gc,marking   ] GC(2) Concurrent Preclean 0.076ms
[2021-02-01T22:38:30.572-0800][gc,marking   ] GC(2) Concurrent Mark (1.036s, 1.038s) 1.769ms
[2021-02-01T22:38:30.572-0800][gc,start     ] GC(2) Pause Remark
[2021-02-01T22:38:30.574-0800][gc           ] GC(2) Pause Remark 8M->8M(1024M) 1.623ms
[2021-02-01T22:38:30.574-0800][gc,cpu       ] GC(2) User=0.00s Sys=0.01s Real=0.01s
[2021-02-01T22:38:30.574-0800][gc,marking   ] GC(2) Concurrent Rebuild Remembered Sets
[2021-02-01T22:38:30.576-0800][gc,marking   ] GC(2) Concurrent Rebuild Remembered Sets 2.638ms
[2021-02-01T22:38:30.577-0800][gc,start     ] GC(2) Pause Cleanup
[2021-02-01T22:38:30.577-0800][gc           ] GC(2) Pause Cleanup 8M->8M(1024M) 0.239ms
[2021-02-01T22:38:30.577-0800][gc,cpu       ] GC(2) User=0.00s Sys=0.00s Real=0.00s
[2021-02-01T22:38:30.577-0800][gc,marking   ] GC(2) Concurrent Cleanup for Next Mark
[2021-02-01T22:38:30.580-0800][gc,marking   ] GC(2) Concurrent Cleanup for Next Mark 2.338ms
[2021-02-01T22:38:30.580-0800][gc           ] GC(2) Concurrent Cycle 12.577ms
[2021-02-01T22:38:31.029-0800][gc,start     ] GC(3) Pause Young (Normal) (G1 Evacuation Pause)
[2021-02-01T22:38:31.029-0800][gc,task      ] GC(3) Using 8 workers of 8 for evacuation
[2021-02-01T22:38:31.034-0800][gc,phases    ] GC(3)   Pre Evacuate Collection Set: 0.3ms
[2021-02-01T22:38:31.034-0800][gc,phases    ] GC(3)   Merge Heap Roots: 0.1ms
[2021-02-01T22:38:31.034-0800][gc,phases    ] GC(3)   Evacuate Collection Set: 2.6ms
[2021-02-01T22:38:31.034-0800][gc,phases    ] GC(3)   Post Evacuate Collection Set: 1.1ms
[2021-02-01T22:38:31.034-0800][gc,phases    ] GC(3)   Other: 0.2ms
[2021-02-01T22:38:31.034-0800][gc,heap      ] GC(3) Eden regions: 49->0(46)
[2021-02-01T22:38:31.034-0800][gc,heap      ] GC(3) Survivor regions: 2->5(7)
[2021-02-01T22:38:31.034-0800][gc,heap      ] GC(3) Old regions: 7->7
[2021-02-01T22:38:31.034-0800][gc,heap      ] GC(3) Archive regions: 2->2
[2021-02-01T22:38:31.034-0800][gc,heap      ] GC(3) Humongous regions: 129->129
[2021-02-01T22:38:31.034-0800][gc,metaspace ] GC(3) Metaspace: 29696K(30976K)->29696K(30976K) NonClass: 26295K(27136K)->26295K(27136K) Class: 3400K(3840K)->3400K(3840K)
[2021-02-01T22:38:31.034-0800][gc           ] GC(3) Pause Young (Normal) (G1 Evacuation Pause) 186M->140M(1024M) 4.399ms
[2021-02-01T22:38:31.034-0800][gc,cpu       ] GC(3) User=0.02s Sys=0.00s Real=0.01s
[2021-02-01T22:38:31.248-0800][gc,start     ] GC(4) Pause Young (Concurrent Start) (Metadata GC Threshold)
[2021-02-01T22:38:31.248-0800][gc,task      ] GC(4) Using 8 workers of 8 for evacuation
[2021-02-01T22:38:31.255-0800][gc,phases    ] GC(4)   Pre Evacuate Collection Set: 0.3ms
[2021-02-01T22:38:31.255-0800][gc,phases    ] GC(4)   Merge Heap Roots: 0.2ms
[2021-02-01T22:38:31.255-0800][gc,phases    ] GC(4)   Evacuate Collection Set: 5.2ms
[2021-02-01T22:38:31.255-0800][gc,phases    ] GC(4)   Post Evacuate Collection Set: 0.8ms
[2021-02-01T22:38:31.255-0800][gc,phases    ] GC(4)   Other: 0.2ms
[2021-02-01T22:38:31.255-0800][gc,heap      ] GC(4) Eden regions: 25->0(49)
[2021-02-01T22:38:31.255-0800][gc,heap      ] GC(4) Survivor regions: 5->2(7)
[2021-02-01T22:38:31.255-0800][gc,heap      ] GC(4) Old regions: 7->11
[2021-02-01T22:38:31.255-0800][gc,heap      ] GC(4) Archive regions: 2->2
[2021-02-01T22:38:31.255-0800][gc,heap      ] GC(4) Humongous regions: 129->129
[2021-02-01T22:38:31.255-0800][gc,metaspace ] GC(4) Metaspace: 34651K(35840K)->34651K(35840K) NonClass: 30614K(31232K)->30614K(31232K) Class: 4036K(4608K)->4036K(4608K)
[2021-02-01T22:38:31.255-0800][gc           ] GC(4) Pause Young (Concurrent Start) (Metadata GC Threshold) 164M->141M(1024M) 6.681ms
[2021-02-01T22:38:31.255-0800][gc,cpu       ] GC(4) User=0.00s Sys=0.04s Real=0.01s
[2021-02-01T22:38:31.255-0800][gc           ] GC(5) Concurrent Cycle
[2021-02-01T22:38:31.255-0800][gc,marking   ] GC(5) Concurrent Clear Claimed Marks
[2021-02-01T22:38:31.255-0800][gc,marking   ] GC(5) Concurrent Clear Claimed Marks 0.088ms
[2021-02-01T22:38:31.255-0800][gc,marking   ] GC(5) Concurrent Scan Root Regions
[2021-02-01T22:38:31.258-0800][gc,marking   ] GC(5) Concurrent Scan Root Regions 2.863ms
[2021-02-01T22:38:31.258-0800][gc,marking   ] GC(5) Concurrent Mark (1.724s)
[2021-02-01T22:38:31.258-0800][gc,marking   ] GC(5) Concurrent Mark From Roots
[2021-02-01T22:38:31.258-0800][gc,task      ] GC(5) Using 2 workers of 2 for marking
[2021-02-01T22:38:31.265-0800][gc,marking   ] GC(5) Concurrent Mark From Roots 6.731ms
[2021-02-01T22:38:31.265-0800][gc,marking   ] GC(5) Concurrent Preclean
[2021-02-01T22:38:31.265-0800][gc,marking   ] GC(5) Concurrent Preclean 0.160ms
[2021-02-01T22:38:31.265-0800][gc,marking   ] GC(5) Concurrent Mark (1.724s, 1.731s) 6.968ms
[2021-02-01T22:38:31.265-0800][gc,start     ] GC(5) Pause Remark
[2021-02-01T22:38:31.267-0800][gc           ] GC(5) Pause Remark 142M->142M(1024M) 1.538ms
[2021-02-01T22:38:31.267-0800][gc,cpu       ] GC(5) User=0.01s Sys=0.01s Real=0.00s
[2021-02-01T22:38:31.267-0800][gc,marking   ] GC(5) Concurrent Rebuild Remembered Sets
[2021-02-01T22:38:31.273-0800][gc,marking   ] GC(5) Concurrent Rebuild Remembered Sets 6.013ms
[2021-02-01T22:38:31.273-0800][gc,start     ] GC(5) Pause Cleanup
[2021-02-01T22:38:31.274-0800][gc           ] GC(5) Pause Cleanup 143M->143M(1024M) 0.260ms
[2021-02-01T22:38:31.274-0800][gc,cpu       ] GC(5) User=0.00s Sys=0.00s Real=0.00s
[2021-02-01T22:38:31.274-0800][gc,marking   ] GC(5) Concurrent Cleanup for Next Mark
[2021-02-01T22:38:31.277-0800][gc,marking   ] GC(5) Concurrent Cleanup for Next Mark 3.309ms
[2021-02-01T22:38:31.277-0800][gc           ] GC(5) Concurrent Cycle 22.183ms
[2021-02-01T22:43:39.662-0800][gc,heap,exit ] Heap
[2021-02-01T22:43:39.662-0800][gc,heap,exit ]  garbage-first heap   total 1048576K, used 185251K [0x00000000c0000000, 0x0000000100000000)
[2021-02-01T22:43:39.662-0800][gc,heap,exit ]   region size 1024K, 42 young (43008K), 2 survivors (2048K)
[2021-02-01T22:43:39.662-0800][gc,heap,exit ]  Metaspace       used 38190K, capacity 39792K, committed 39936K, reserved 1083392K
[2021-02-01T22:43:39.662-0800][gc,heap,exit ]   class space    used 4600K, capacity 5334K, committed 5376K, reserved 1048576K
