[2021-01-31T10:57:15.027-0800][gc,heap] Heap region size: 1M
[2021-01-31T10:57:15.027-0800][gc,heap,coops] Heap address: 0x00000000c0000000, size: 1024 MB, Compressed Oops mode: 32-bit
[2021-01-31T10:57:15.033-0800][gc           ] Using G1
[2021-01-31T10:57:15.033-0800][gc,cds       ] Mark closed archive regions in map: [0x00000000fff00000, 0x00000000fff7eff8]
[2021-01-31T10:57:15.033-0800][gc,cds       ] Mark open archive regions in map: [0x00000000ffe00000, 0x00000000ffe51ff8]
[2021-01-31T10:57:15.048-0800][gc           ] Periodic GC disabled
[2021-01-31T10:57:15.779-0800][gc,start     ] GC(0) Pause Young (Normal) (G1 Evacuation Pause)
[2021-01-31T10:57:15.780-0800][gc,task      ] GC(0) Using 8 workers of 8 for evacuation
[2021-01-31T10:57:15.787-0800][gc,phases    ] GC(0)   Pre Evacuate Collection Set: 0.2ms
[2021-01-31T10:57:15.787-0800][gc,phases    ] GC(0)   Merge Heap Roots: 0.2ms
[2021-01-31T10:57:15.787-0800][gc,phases    ] GC(0)   Evacuate Collection Set: 6.0ms
[2021-01-31T10:57:15.787-0800][gc,phases    ] GC(0)   Post Evacuate Collection Set: 1.0ms
[2021-01-31T10:57:15.787-0800][gc,phases    ] GC(0)   Other: 1.4ms
[2021-01-31T10:57:15.787-0800][gc,heap      ] GC(0) Eden regions: 51->0(44)
[2021-01-31T10:57:15.787-0800][gc,heap      ] GC(0) Survivor regions: 0->7(7)
[2021-01-31T10:57:15.787-0800][gc,heap      ] GC(0) Old regions: 0->0
[2021-01-31T10:57:15.787-0800][gc,heap      ] GC(0) Archive regions: 2->2
[2021-01-31T10:57:15.787-0800][gc,heap      ] GC(0) Humongous regions: 0->0
[2021-01-31T10:57:15.787-0800][gc,metaspace ] GC(0) Metaspace: 15042K(15616K)->15042K(15616K) NonClass: 13155K(13568K)->13155K(13568K) Class: 1886K(2048K)->1886K(2048K)
[2021-01-31T10:57:15.787-0800][gc           ] GC(0) Pause Young (Normal) (G1 Evacuation Pause) 51M->6M(1024M) 8.827ms
[2021-01-31T10:57:15.787-0800][gc,cpu       ] GC(0) User=0.03s Sys=0.01s Real=0.01s
[2021-01-31T10:57:16.007-0800][gc,start     ] GC(1) Pause Young (Concurrent Start) (Metadata GC Threshold)
[2021-01-31T10:57:16.007-0800][gc,task      ] GC(1) Using 8 workers of 8 for evacuation
[2021-01-31T10:57:16.014-0800][gc,phases    ] GC(1)   Pre Evacuate Collection Set: 0.2ms
[2021-01-31T10:57:16.014-0800][gc,phases    ] GC(1)   Merge Heap Roots: 0.1ms
[2021-01-31T10:57:16.014-0800][gc,phases    ] GC(1)   Evacuate Collection Set: 5.9ms
[2021-01-31T10:57:16.014-0800][gc,phases    ] GC(1)   Post Evacuate Collection Set: 1.0ms
[2021-01-31T10:57:16.015-0800][gc,phases    ] GC(1)   Other: 0.2ms
[2021-01-31T10:57:16.015-0800][gc,heap      ] GC(1) Eden regions: 24->0(49)
[2021-01-31T10:57:16.015-0800][gc,heap      ] GC(1) Survivor regions: 7->2(7)
[2021-01-31T10:57:16.015-0800][gc,heap      ] GC(1) Old regions: 0->7
[2021-01-31T10:57:16.015-0800][gc,heap      ] GC(1) Archive regions: 2->2
[2021-01-31T10:57:16.015-0800][gc,heap      ] GC(1) Humongous regions: 0->0
[2021-01-31T10:57:16.015-0800][gc,metaspace ] GC(1) Metaspace: 20559K(21248K)->20559K(21248K) NonClass: 18018K(18432K)->18018K(18432K) Class: 2541K(2816K)->2541K(2816K)
[2021-01-31T10:57:16.015-0800][gc           ] GC(1) Pause Young (Concurrent Start) (Metadata GC Threshold) 30M->7M(1024M) 7.658ms
[2021-01-31T10:57:16.015-0800][gc,cpu       ] GC(1) User=0.05s Sys=0.01s Real=0.00s
[2021-01-31T10:57:16.015-0800][gc           ] GC(2) Concurrent Cycle
[2021-01-31T10:57:16.015-0800][gc,marking   ] GC(2) Concurrent Clear Claimed Marks
[2021-01-31T10:57:16.015-0800][gc,marking   ] GC(2) Concurrent Clear Claimed Marks 0.077ms
[2021-01-31T10:57:16.015-0800][gc,marking   ] GC(2) Concurrent Scan Root Regions
[2021-01-31T10:57:16.017-0800][gc,marking   ] GC(2) Concurrent Scan Root Regions 2.494ms
[2021-01-31T10:57:16.017-0800][gc,marking   ] GC(2) Concurrent Mark (0.993s)
[2021-01-31T10:57:16.017-0800][gc,marking   ] GC(2) Concurrent Mark From Roots
[2021-01-31T10:57:16.017-0800][gc,task      ] GC(2) Using 2 workers of 2 for marking
[2021-01-31T10:57:16.019-0800][gc,marking   ] GC(2) Concurrent Mark From Roots 1.230ms
[2021-01-31T10:57:16.019-0800][gc,marking   ] GC(2) Concurrent Preclean
[2021-01-31T10:57:16.019-0800][gc,marking   ] GC(2) Concurrent Preclean 0.080ms
[2021-01-31T10:57:16.019-0800][gc,marking   ] GC(2) Concurrent Mark (0.993s, 0.994s) 1.342ms
[2021-01-31T10:57:16.019-0800][gc,start     ] GC(2) Pause Remark
[2021-01-31T10:57:16.021-0800][gc           ] GC(2) Pause Remark 8M->8M(1024M) 1.417ms
[2021-01-31T10:57:16.021-0800][gc,cpu       ] GC(2) User=0.01s Sys=0.00s Real=0.00s
[2021-01-31T10:57:16.021-0800][gc,marking   ] GC(2) Concurrent Rebuild Remembered Sets
[2021-01-31T10:57:16.024-0800][gc,marking   ] GC(2) Concurrent Rebuild Remembered Sets 3.144ms
[2021-01-31T10:57:16.024-0800][gc,start     ] GC(2) Pause Cleanup
[2021-01-31T10:57:16.025-0800][gc           ] GC(2) Pause Cleanup 8M->8M(1024M) 0.239ms
[2021-01-31T10:57:16.025-0800][gc,cpu       ] GC(2) User=0.00s Sys=0.00s Real=0.00s
[2021-01-31T10:57:16.025-0800][gc,marking   ] GC(2) Concurrent Cleanup for Next Mark
[2021-01-31T10:57:16.027-0800][gc,marking   ] GC(2) Concurrent Cleanup for Next Mark 1.661ms
[2021-01-31T10:57:16.027-0800][gc           ] GC(2) Concurrent Cycle 11.967ms
[2021-01-31T10:57:17.039-0800][gc,start     ] GC(3) Pause Young (Normal) (G1 Evacuation Pause)
[2021-01-31T10:57:17.039-0800][gc,task      ] GC(3) Using 8 workers of 8 for evacuation
[2021-01-31T10:57:17.043-0800][gc,phases    ] GC(3)   Pre Evacuate Collection Set: 0.2ms
[2021-01-31T10:57:17.043-0800][gc,phases    ] GC(3)   Merge Heap Roots: 0.1ms
[2021-01-31T10:57:17.043-0800][gc,phases    ] GC(3)   Evacuate Collection Set: 2.3ms
[2021-01-31T10:57:17.043-0800][gc,phases    ] GC(3)   Post Evacuate Collection Set: 0.9ms
[2021-01-31T10:57:17.043-0800][gc,phases    ] GC(3)   Other: 0.1ms
[2021-01-31T10:57:17.043-0800][gc,heap      ] GC(3) Eden regions: 49->0(47)
[2021-01-31T10:57:17.043-0800][gc,heap      ] GC(3) Survivor regions: 2->4(7)
[2021-01-31T10:57:17.043-0800][gc,heap      ] GC(3) Old regions: 7->7
[2021-01-31T10:57:17.043-0800][gc,heap      ] GC(3) Archive regions: 2->2
[2021-01-31T10:57:17.043-0800][gc,heap      ] GC(3) Humongous regions: 129->129
[2021-01-31T10:57:17.043-0800][gc,metaspace ] GC(3) Metaspace: 28548K(29568K)->28548K(29568K) NonClass: 25239K(25856K)->25239K(25856K) Class: 3309K(3712K)->3309K(3712K)
[2021-01-31T10:57:17.043-0800][gc           ] GC(3) Pause Young (Normal) (G1 Evacuation Pause) 185M->139M(1024M) 3.701ms
[2021-01-31T10:57:17.043-0800][gc,cpu       ] GC(3) User=0.02s Sys=0.00s Real=0.00s
[2021-01-31T10:57:17.343-0800][gc,start     ] GC(4) Pause Young (Concurrent Start) (Metadata GC Threshold)
[2021-01-31T10:57:17.343-0800][gc,task      ] GC(4) Using 8 workers of 8 for evacuation
[2021-01-31T10:57:17.348-0800][gc,phases    ] GC(4)   Pre Evacuate Collection Set: 0.3ms
[2021-01-31T10:57:17.348-0800][gc,phases    ] GC(4)   Merge Heap Roots: 0.1ms
[2021-01-31T10:57:17.348-0800][gc,phases    ] GC(4)   Evacuate Collection Set: 4.3ms
[2021-01-31T10:57:17.348-0800][gc,phases    ] GC(4)   Post Evacuate Collection Set: 0.8ms
[2021-01-31T10:57:17.348-0800][gc,phases    ] GC(4)   Other: 0.2ms
[2021-01-31T10:57:17.349-0800][gc,heap      ] GC(4) Eden regions: 30->0(45)
[2021-01-31T10:57:17.349-0800][gc,heap      ] GC(4) Survivor regions: 4->6(7)
[2021-01-31T10:57:17.349-0800][gc,heap      ] GC(4) Old regions: 7->7
[2021-01-31T10:57:17.349-0800][gc,heap      ] GC(4) Archive regions: 2->2
[2021-01-31T10:57:17.349-0800][gc,heap      ] GC(4) Humongous regions: 129->129
[2021-01-31T10:57:17.349-0800][gc,metaspace ] GC(4) Metaspace: 34703K(35840K)->34703K(35840K) NonClass: 30746K(31360K)->30746K(31360K) Class: 3956K(4480K)->3956K(4480K)
[2021-01-31T10:57:17.349-0800][gc           ] GC(4) Pause Young (Concurrent Start) (Metadata GC Threshold) 169M->142M(1024M) 5.842ms
[2021-01-31T10:57:17.349-0800][gc,cpu       ] GC(4) User=0.04s Sys=0.00s Real=0.01s
[2021-01-31T10:57:17.349-0800][gc           ] GC(5) Concurrent Cycle
[2021-01-31T10:57:17.349-0800][gc,marking   ] GC(5) Concurrent Clear Claimed Marks
[2021-01-31T10:57:17.349-0800][gc,marking   ] GC(5) Concurrent Clear Claimed Marks 0.087ms
[2021-01-31T10:57:17.349-0800][gc,marking   ] GC(5) Concurrent Scan Root Regions
[2021-01-31T10:57:17.352-0800][gc,marking   ] GC(5) Concurrent Scan Root Regions 2.793ms
[2021-01-31T10:57:17.352-0800][gc,marking   ] GC(5) Concurrent Mark (2.327s)
[2021-01-31T10:57:17.352-0800][gc,marking   ] GC(5) Concurrent Mark From Roots
[2021-01-31T10:57:17.352-0800][gc,task      ] GC(5) Using 2 workers of 2 for marking
[2021-01-31T10:57:17.364-0800][gc,marking   ] GC(5) Concurrent Mark From Roots 12.698ms
[2021-01-31T10:57:17.364-0800][gc,marking   ] GC(5) Concurrent Preclean
[2021-01-31T10:57:17.364-0800][gc,marking   ] GC(5) Concurrent Preclean 0.171ms
[2021-01-31T10:57:17.365-0800][gc,marking   ] GC(5) Concurrent Mark (2.327s, 2.340s) 12.949ms
[2021-01-31T10:57:17.365-0800][gc,start     ] GC(5) Pause Remark
[2021-01-31T10:57:17.367-0800][gc           ] GC(5) Pause Remark 144M->144M(1024M) 2.128ms
[2021-01-31T10:57:17.367-0800][gc,cpu       ] GC(5) User=0.02s Sys=0.00s Real=0.01s
[2021-01-31T10:57:17.367-0800][gc,marking   ] GC(5) Concurrent Rebuild Remembered Sets
[2021-01-31T10:57:17.372-0800][gc,marking   ] GC(5) Concurrent Rebuild Remembered Sets 4.517ms
[2021-01-31T10:57:17.373-0800][gc,start     ] GC(5) Pause Cleanup
[2021-01-31T10:57:17.373-0800][gc           ] GC(5) Pause Cleanup 144M->144M(1024M) 0.370ms
[2021-01-31T10:57:17.373-0800][gc,cpu       ] GC(5) User=0.00s Sys=0.00s Real=0.00s
[2021-01-31T10:57:17.373-0800][gc,marking   ] GC(5) Concurrent Cleanup for Next Mark
[2021-01-31T10:57:17.378-0800][gc,marking   ] GC(5) Concurrent Cleanup for Next Mark 5.077ms
[2021-01-31T10:57:17.378-0800][gc           ] GC(5) Concurrent Cycle 29.660ms
[2021-01-31T10:58:50.722-0800][gc,start     ] GC(6) Pause Young (Concurrent Start) (G1 Evacuation Pause)
[2021-01-31T10:58:50.722-0800][gc,task      ] GC(6) Using 8 workers of 8 for evacuation
[2021-01-31T10:58:50.729-0800][gc,phases    ] GC(6)   Pre Evacuate Collection Set: 0.4ms
[2021-01-31T10:58:50.729-0800][gc,phases    ] GC(6)   Merge Heap Roots: 0.1ms
[2021-01-31T10:58:50.729-0800][gc,phases    ] GC(6)   Evacuate Collection Set: 5.3ms
[2021-01-31T10:58:50.729-0800][gc,phases    ] GC(6)   Post Evacuate Collection Set: 1.4ms
[2021-01-31T10:58:50.729-0800][gc,phases    ] GC(6)   Other: 0.2ms
[2021-01-31T10:58:50.729-0800][gc,heap      ] GC(6) Eden regions: 45->0(44)
[2021-01-31T10:58:50.729-0800][gc,heap      ] GC(6) Survivor regions: 6->7(7)
[2021-01-31T10:58:50.729-0800][gc,heap      ] GC(6) Old regions: 7->10
[2021-01-31T10:58:50.729-0800][gc,heap      ] GC(6) Archive regions: 2->2
[2021-01-31T10:58:50.729-0800][gc,heap      ] GC(6) Humongous regions: 255->129
[2021-01-31T10:58:50.729-0800][gc,metaspace ] GC(6) Metaspace: 40425K(42520K)->40425K(42520K) NonClass: 35538K(36608K)->35538K(36608K) Class: 4886K(5912K)->4886K(5912K)
[2021-01-31T10:58:50.729-0800][gc           ] GC(6) Pause Young (Concurrent Start) (G1 Evacuation Pause) 313M->145M(1024M) 7.386ms
[2021-01-31T10:58:50.729-0800][gc,cpu       ] GC(6) User=0.04s Sys=0.00s Real=0.01s
[2021-01-31T10:58:50.729-0800][gc           ] GC(7) Concurrent Cycle
[2021-01-31T10:58:50.729-0800][gc,marking   ] GC(7) Concurrent Clear Claimed Marks
[2021-01-31T10:58:50.729-0800][gc,marking   ] GC(7) Concurrent Clear Claimed Marks 0.144ms
[2021-01-31T10:58:50.729-0800][gc,marking   ] GC(7) Concurrent Scan Root Regions
[2021-01-31T10:58:50.732-0800][gc,marking   ] GC(7) Concurrent Scan Root Regions 2.567ms
[2021-01-31T10:58:50.732-0800][gc,marking   ] GC(7) Concurrent Mark (95.708s)
[2021-01-31T10:58:50.732-0800][gc,marking   ] GC(7) Concurrent Mark From Roots
[2021-01-31T10:58:50.732-0800][gc,task      ] GC(7) Using 2 workers of 2 for marking
[2021-01-31T10:58:50.737-0800][gc,marking   ] GC(7) Concurrent Mark From Roots 4.802ms
[2021-01-31T10:58:50.737-0800][gc,marking   ] GC(7) Concurrent Preclean
[2021-01-31T10:58:50.737-0800][gc,marking   ] GC(7) Concurrent Preclean 0.091ms
[2021-01-31T10:58:50.737-0800][gc,marking   ] GC(7) Concurrent Mark (95.708s, 95.712s) 4.923ms
[2021-01-31T10:58:50.737-0800][gc,start     ] GC(7) Pause Remark
[2021-01-31T10:58:50.740-0800][gc           ] GC(7) Pause Remark 145M->145M(1024M) 2.395ms
[2021-01-31T10:58:50.740-0800][gc,cpu       ] GC(7) User=0.01s Sys=0.00s Real=0.00s
[2021-01-31T10:58:50.740-0800][gc,marking   ] GC(7) Concurrent Rebuild Remembered Sets
[2021-01-31T10:58:50.743-0800][gc,marking   ] GC(7) Concurrent Rebuild Remembered Sets 3.539ms
[2021-01-31T10:58:50.744-0800][gc,start     ] GC(7) Pause Cleanup
[2021-01-31T10:58:50.744-0800][gc           ] GC(7) Pause Cleanup 145M->145M(1024M) 0.238ms
[2021-01-31T10:58:50.744-0800][gc,cpu       ] GC(7) User=0.01s Sys=0.00s Real=0.00s
[2021-01-31T10:58:50.744-0800][gc,marking   ] GC(7) Concurrent Cleanup for Next Mark
[2021-01-31T10:58:50.745-0800][gc,marking   ] GC(7) Concurrent Cleanup for Next Mark 0.764ms
[2021-01-31T10:58:50.745-0800][gc           ] GC(7) Concurrent Cycle 15.591ms
[2021-01-31T11:02:35.321-0800][gc,start     ] GC(8) Pause Young (Normal) (G1 Evacuation Pause)
[2021-01-31T11:02:35.321-0800][gc,task      ] GC(8) Using 8 workers of 8 for evacuation
[2021-01-31T11:02:35.340-0800][gc,phases    ] GC(8)   Pre Evacuate Collection Set: 0.9ms
[2021-01-31T11:02:35.340-0800][gc,phases    ] GC(8)   Merge Heap Roots: 0.6ms
[2021-01-31T11:02:35.340-0800][gc,phases    ] GC(8)   Evacuate Collection Set: 13.5ms
[2021-01-31T11:02:35.340-0800][gc,phases    ] GC(8)   Post Evacuate Collection Set: 4.1ms
[2021-01-31T11:02:35.340-0800][gc,phases    ] GC(8)   Other: 0.6ms
[2021-01-31T11:02:35.340-0800][gc,heap      ] GC(8) Eden regions: 44->0(49)
[2021-01-31T11:02:35.340-0800][gc,heap      ] GC(8) Survivor regions: 7->2(7)
[2021-01-31T11:02:35.340-0800][gc,heap      ] GC(8) Old regions: 10->14
[2021-01-31T11:02:35.341-0800][gc,heap      ] GC(8) Archive regions: 2->2
[2021-01-31T11:02:35.341-0800][gc,heap      ] GC(8) Humongous regions: 129->129
[2021-01-31T11:02:35.341-0800][gc,metaspace ] GC(8) Metaspace: 40545K(42776K)->40545K(42776K) NonClass: 35654K(36864K)->35654K(36864K) Class: 4890K(5912K)->4890K(5912K)
[2021-01-31T11:02:35.341-0800][gc           ] GC(8) Pause Young (Normal) (G1 Evacuation Pause) 189M->145M(1024M) 20.036ms
[2021-01-31T11:02:35.341-0800][gc,cpu       ] GC(8) User=0.11s Sys=0.00s Real=0.02s
