[2021-02-03T16:03:22.962-0800][gc,heap] Heap region size: 1M
[2021-02-03T16:03:22.962-0800][gc,heap,coops] Heap address: 0x00000000c0000000, size: 1024 MB, Compressed Oops mode: 32-bit
[2021-02-03T16:03:22.972-0800][gc           ] Using G1
[2021-02-03T16:03:22.972-0800][gc,cds       ] Mark closed archive regions in map: [0x00000000fff00000, 0x00000000fff7eff8]
[2021-02-03T16:03:22.972-0800][gc,cds       ] Mark open archive regions in map: [0x00000000ffe00000, 0x00000000ffe51ff8]
[2021-02-03T16:03:22.986-0800][gc           ] Periodic GC disabled
[2021-02-03T16:03:24.094-0800][gc,start     ] GC(0) Pause Young (Normal) (G1 Evacuation Pause)
[2021-02-03T16:03:24.095-0800][gc,task      ] GC(0) Using 8 workers of 8 for evacuation
[2021-02-03T16:03:24.104-0800][gc,phases    ] GC(0)   Pre Evacuate Collection Set: 0.2ms
[2021-02-03T16:03:24.104-0800][gc,phases    ] GC(0)   Merge Heap Roots: 0.2ms
[2021-02-03T16:03:24.104-0800][gc,phases    ] GC(0)   Evacuate Collection Set: 6.7ms
[2021-02-03T16:03:24.104-0800][gc,phases    ] GC(0)   Post Evacuate Collection Set: 1.0ms
[2021-02-03T16:03:24.104-0800][gc,phases    ] GC(0)   Other: 1.2ms
[2021-02-03T16:03:24.104-0800][gc,heap      ] GC(0) Eden regions: 51->0(44)
[2021-02-03T16:03:24.104-0800][gc,heap      ] GC(0) Survivor regions: 0->7(7)
[2021-02-03T16:03:24.104-0800][gc,heap      ] GC(0) Old regions: 0->0
[2021-02-03T16:03:24.104-0800][gc,heap      ] GC(0) Archive regions: 2->2
[2021-02-03T16:03:24.104-0800][gc,heap      ] GC(0) Humongous regions: 0->0
[2021-02-03T16:03:24.104-0800][gc,metaspace ] GC(0) Metaspace: 15044K(15616K)->15044K(15616K) NonClass: 13161K(13568K)->13161K(13568K) Class: 1882K(2048K)->1882K(2048K)
[2021-02-03T16:03:24.104-0800][gc           ] GC(0) Pause Young (Normal) (G1 Evacuation Pause) 51M->7M(1024M) 9.366ms
[2021-02-03T16:03:24.104-0800][gc,cpu       ] GC(0) User=0.00s Sys=0.05s Real=0.01s
[2021-02-03T16:03:24.477-0800][gc,start     ] GC(1) Pause Young (Concurrent Start) (Metadata GC Threshold)
[2021-02-03T16:03:24.477-0800][gc,task      ] GC(1) Using 8 workers of 8 for evacuation
[2021-02-03T16:03:24.488-0800][gc,phases    ] GC(1)   Pre Evacuate Collection Set: 0.2ms
[2021-02-03T16:03:24.488-0800][gc,phases    ] GC(1)   Merge Heap Roots: 0.2ms
[2021-02-03T16:03:24.488-0800][gc,phases    ] GC(1)   Evacuate Collection Set: 9.7ms
[2021-02-03T16:03:24.488-0800][gc,phases    ] GC(1)   Post Evacuate Collection Set: 1.0ms
[2021-02-03T16:03:24.488-0800][gc,phases    ] GC(1)   Other: 0.2ms
[2021-02-03T16:03:24.488-0800][gc,heap      ] GC(1) Eden regions: 24->0(49)
[2021-02-03T16:03:24.488-0800][gc,heap      ] GC(1) Survivor regions: 7->2(7)
[2021-02-03T16:03:24.488-0800][gc,heap      ] GC(1) Old regions: 0->7
[2021-02-03T16:03:24.488-0800][gc,heap      ] GC(1) Archive regions: 2->2
[2021-02-03T16:03:24.488-0800][gc,heap      ] GC(1) Humongous regions: 0->0
[2021-02-03T16:03:24.488-0800][gc,metaspace ] GC(1) Metaspace: 20672K(21248K)->20672K(21248K) NonClass: 18120K(18432K)->18120K(18432K) Class: 2552K(2816K)->2552K(2816K)
[2021-02-03T16:03:24.488-0800][gc           ] GC(1) Pause Young (Concurrent Start) (Metadata GC Threshold) 30M->8M(1024M) 11.390ms
[2021-02-03T16:03:24.488-0800][gc,cpu       ] GC(1) User=0.01s Sys=0.06s Real=0.01s
[2021-02-03T16:03:24.488-0800][gc           ] GC(2) Concurrent Cycle
[2021-02-03T16:03:24.488-0800][gc,marking   ] GC(2) Concurrent Clear Claimed Marks
[2021-02-03T16:03:24.488-0800][gc,marking   ] GC(2) Concurrent Clear Claimed Marks 0.047ms
[2021-02-03T16:03:24.488-0800][gc,marking   ] GC(2) Concurrent Scan Root Regions
[2021-02-03T16:03:24.491-0800][gc,marking   ] GC(2) Concurrent Scan Root Regions 2.578ms
[2021-02-03T16:03:24.491-0800][gc,marking   ] GC(2) Concurrent Mark (1.533s)
[2021-02-03T16:03:24.491-0800][gc,marking   ] GC(2) Concurrent Mark From Roots
[2021-02-03T16:03:24.491-0800][gc,task      ] GC(2) Using 2 workers of 2 for marking
[2021-02-03T16:03:24.493-0800][gc,marking   ] GC(2) Concurrent Mark From Roots 1.888ms
[2021-02-03T16:03:24.493-0800][gc,marking   ] GC(2) Concurrent Preclean
[2021-02-03T16:03:24.493-0800][gc,marking   ] GC(2) Concurrent Preclean 0.120ms
[2021-02-03T16:03:24.493-0800][gc,marking   ] GC(2) Concurrent Mark (1.533s, 1.535s) 2.082ms
[2021-02-03T16:03:24.493-0800][gc,start     ] GC(2) Pause Remark
[2021-02-03T16:03:24.496-0800][gc           ] GC(2) Pause Remark 8M->8M(1024M) 2.463ms
[2021-02-03T16:03:24.496-0800][gc,cpu       ] GC(2) User=0.01s Sys=0.01s Real=0.00s
[2021-02-03T16:03:24.496-0800][gc,marking   ] GC(2) Concurrent Rebuild Remembered Sets
[2021-02-03T16:03:24.501-0800][gc,marking   ] GC(2) Concurrent Rebuild Remembered Sets 4.662ms
[2021-02-03T16:03:24.502-0800][gc,start     ] GC(2) Pause Cleanup
[2021-02-03T16:03:24.502-0800][gc           ] GC(2) Pause Cleanup 8M->8M(1024M) 0.432ms
[2021-02-03T16:03:24.502-0800][gc,cpu       ] GC(2) User=0.00s Sys=0.00s Real=0.00s
[2021-02-03T16:03:24.502-0800][gc,marking   ] GC(2) Concurrent Cleanup for Next Mark
[2021-02-03T16:03:24.506-0800][gc,marking   ] GC(2) Concurrent Cleanup for Next Mark 3.114ms
[2021-02-03T16:03:24.506-0800][gc           ] GC(2) Concurrent Cycle 17.379ms
[2021-02-03T16:03:25.663-0800][gc,start     ] GC(3) Pause Young (Normal) (G1 Evacuation Pause)
[2021-02-03T16:03:25.663-0800][gc,task      ] GC(3) Using 8 workers of 8 for evacuation
[2021-02-03T16:03:25.668-0800][gc,phases    ] GC(3)   Pre Evacuate Collection Set: 0.3ms
[2021-02-03T16:03:25.668-0800][gc,phases    ] GC(3)   Merge Heap Roots: 0.2ms
[2021-02-03T16:03:25.668-0800][gc,phases    ] GC(3)   Evacuate Collection Set: 3.2ms
[2021-02-03T16:03:25.668-0800][gc,phases    ] GC(3)   Post Evacuate Collection Set: 1.1ms
[2021-02-03T16:03:25.668-0800][gc,phases    ] GC(3)   Other: 0.1ms
[2021-02-03T16:03:25.668-0800][gc,heap      ] GC(3) Eden regions: 49->0(47)
[2021-02-03T16:03:25.668-0800][gc,heap      ] GC(3) Survivor regions: 2->4(7)
[2021-02-03T16:03:25.668-0800][gc,heap      ] GC(3) Old regions: 7->7
[2021-02-03T16:03:25.668-0800][gc,heap      ] GC(3) Archive regions: 2->2
[2021-02-03T16:03:25.668-0800][gc,heap      ] GC(3) Humongous regions: 129->129
[2021-02-03T16:03:25.668-0800][gc,metaspace ] GC(3) Metaspace: 28754K(29824K)->28754K(29824K) NonClass: 25427K(26112K)->25427K(26112K) Class: 3326K(3712K)->3326K(3712K)
[2021-02-03T16:03:25.668-0800][gc           ] GC(3) Pause Young (Normal) (G1 Evacuation Pause) 186M->139M(1024M) 5.046ms
[2021-02-03T16:03:25.668-0800][gc,cpu       ] GC(3) User=0.03s Sys=0.01s Real=0.01s
[2021-02-03T16:03:26.078-0800][gc,start     ] GC(4) Pause Young (Concurrent Start) (Metadata GC Threshold)
[2021-02-03T16:03:26.078-0800][gc,task      ] GC(4) Using 8 workers of 8 for evacuation
[2021-02-03T16:03:26.085-0800][gc,phases    ] GC(4)   Pre Evacuate Collection Set: 0.3ms
[2021-02-03T16:03:26.085-0800][gc,phases    ] GC(4)   Merge Heap Roots: 0.2ms
[2021-02-03T16:03:26.085-0800][gc,phases    ] GC(4)   Evacuate Collection Set: 4.6ms
[2021-02-03T16:03:26.085-0800][gc,phases    ] GC(4)   Post Evacuate Collection Set: 1.4ms
[2021-02-03T16:03:26.085-0800][gc,phases    ] GC(4)   Other: 0.3ms
[2021-02-03T16:03:26.085-0800][gc,heap      ] GC(4) Eden regions: 29->0(45)
[2021-02-03T16:03:26.085-0800][gc,heap      ] GC(4) Survivor regions: 4->6(7)
[2021-02-03T16:03:26.085-0800][gc,heap      ] GC(4) Old regions: 7->7
[2021-02-03T16:03:26.085-0800][gc,heap      ] GC(4) Archive regions: 2->2
[2021-02-03T16:03:26.085-0800][gc,heap      ] GC(4) Humongous regions: 129->129
[2021-02-03T16:03:26.085-0800][gc,metaspace ] GC(4) Metaspace: 34628K(35840K)->34628K(35840K) NonClass: 30669K(31360K)->30669K(31360K) Class: 3958K(4480K)->3958K(4480K)
[2021-02-03T16:03:26.085-0800][gc           ] GC(4) Pause Young (Concurrent Start) (Metadata GC Threshold) 168M->142M(1024M) 6.748ms
[2021-02-03T16:03:26.085-0800][gc,cpu       ] GC(4) User=0.02s Sys=0.02s Real=0.00s
[2021-02-03T16:03:26.085-0800][gc           ] GC(5) Concurrent Cycle
[2021-02-03T16:03:26.085-0800][gc,marking   ] GC(5) Concurrent Clear Claimed Marks
[2021-02-03T16:03:26.086-0800][gc,marking   ] GC(5) Concurrent Clear Claimed Marks 0.180ms
[2021-02-03T16:03:26.086-0800][gc,marking   ] GC(5) Concurrent Scan Root Regions
[2021-02-03T16:03:26.090-0800][gc,marking   ] GC(5) Concurrent Scan Root Regions 4.047ms
[2021-02-03T16:03:26.090-0800][gc,marking   ] GC(5) Concurrent Mark (3.131s)
[2021-02-03T16:03:26.090-0800][gc,marking   ] GC(5) Concurrent Mark From Roots
[2021-02-03T16:03:26.090-0800][gc,task      ] GC(5) Using 2 workers of 2 for marking
[2021-02-03T16:03:26.102-0800][gc,marking   ] GC(5) Concurrent Mark From Roots 12.630ms
[2021-02-03T16:03:26.102-0800][gc,marking   ] GC(5) Concurrent Preclean
[2021-02-03T16:03:26.102-0800][gc,marking   ] GC(5) Concurrent Preclean 0.175ms
[2021-02-03T16:03:26.103-0800][gc,marking   ] GC(5) Concurrent Mark (3.131s, 3.144s) 12.885ms
[2021-02-03T16:03:26.103-0800][gc,start     ] GC(5) Pause Remark
[2021-02-03T16:03:26.106-0800][gc           ] GC(5) Pause Remark 144M->144M(1024M) 3.189ms
[2021-02-03T16:03:26.106-0800][gc,cpu       ] GC(5) User=0.02s Sys=0.01s Real=0.00s
[2021-02-03T16:03:26.106-0800][gc,marking   ] GC(5) Concurrent Rebuild Remembered Sets
[2021-02-03T16:03:26.112-0800][gc,marking   ] GC(5) Concurrent Rebuild Remembered Sets 5.513ms
[2021-02-03T16:03:26.113-0800][gc,start     ] GC(5) Pause Cleanup
[2021-02-03T16:03:26.113-0800][gc           ] GC(5) Pause Cleanup 144M->144M(1024M) 0.251ms
[2021-02-03T16:03:26.113-0800][gc,cpu       ] GC(5) User=0.00s Sys=0.00s Real=0.00s
[2021-02-03T16:03:26.113-0800][gc,marking   ] GC(5) Concurrent Cleanup for Next Mark
[2021-02-03T16:03:26.121-0800][gc,marking   ] GC(5) Concurrent Cleanup for Next Mark 7.881ms
[2021-02-03T16:03:26.121-0800][gc           ] GC(5) Concurrent Cycle 35.838ms
[2021-02-03T16:03:40.944-0800][gc,start     ] GC(6) Pause Young (Normal) (G1 Evacuation Pause)
[2021-02-03T16:03:40.944-0800][gc,task      ] GC(6) Using 8 workers of 8 for evacuation
[2021-02-03T16:03:40.952-0800][gc,phases    ] GC(6)   Pre Evacuate Collection Set: 0.3ms
[2021-02-03T16:03:40.952-0800][gc,phases    ] GC(6)   Merge Heap Roots: 0.2ms
[2021-02-03T16:03:40.952-0800][gc,phases    ] GC(6)   Evacuate Collection Set: 6.0ms
[2021-02-03T16:03:40.952-0800][gc,phases    ] GC(6)   Post Evacuate Collection Set: 1.4ms
[2021-02-03T16:03:40.952-0800][gc,phases    ] GC(6)   Other: 0.1ms
[2021-02-03T16:03:40.952-0800][gc,heap      ] GC(6) Eden regions: 45->0(46)
[2021-02-03T16:03:40.952-0800][gc,heap      ] GC(6) Survivor regions: 6->5(7)
[2021-02-03T16:03:40.952-0800][gc,heap      ] GC(6) Old regions: 7->10
[2021-02-03T16:03:40.952-0800][gc,heap      ] GC(6) Archive regions: 2->2
[2021-02-03T16:03:40.952-0800][gc,heap      ] GC(6) Humongous regions: 165->129
[2021-02-03T16:03:40.952-0800][gc,metaspace ] GC(6) Metaspace: 39690K(41600K)->39690K(41600K) NonClass: 34872K(35840K)->34872K(35840K) Class: 4817K(5760K)->4817K(5760K)
[2021-02-03T16:03:40.952-0800][gc           ] GC(6) Pause Young (Normal) (G1 Evacuation Pause) 223M->143M(1024M) 8.018ms
[2021-02-03T16:03:40.952-0800][gc,cpu       ] GC(6) User=0.05s Sys=0.00s Real=0.01s
[2021-02-03T16:04:28.384-0800][gc,start     ] GC(7) Pause Young (Normal) (G1 Evacuation Pause)
[2021-02-03T16:04:28.384-0800][gc,task      ] GC(7) Using 8 workers of 8 for evacuation
[2021-02-03T16:04:28.391-0800][gc,phases    ] GC(7)   Pre Evacuate Collection Set: 0.3ms
[2021-02-03T16:04:28.391-0800][gc,phases    ] GC(7)   Merge Heap Roots: 0.2ms
[2021-02-03T16:04:28.391-0800][gc,phases    ] GC(7)   Evacuate Collection Set: 5.1ms
[2021-02-03T16:04:28.391-0800][gc,phases    ] GC(7)   Post Evacuate Collection Set: 1.1ms
[2021-02-03T16:04:28.391-0800][gc,phases    ] GC(7)   Other: 0.1ms
[2021-02-03T16:04:28.391-0800][gc,heap      ] GC(7) Eden regions: 46->0(47)
[2021-02-03T16:04:28.391-0800][gc,heap      ] GC(7) Survivor regions: 5->4(7)
[2021-02-03T16:04:28.391-0800][gc,heap      ] GC(7) Old regions: 10->13
[2021-02-03T16:04:28.391-0800][gc,heap      ] GC(7) Archive regions: 2->2
[2021-02-03T16:04:28.391-0800][gc,heap      ] GC(7) Humongous regions: 129->129
[2021-02-03T16:04:28.391-0800][gc,metaspace ] GC(7) Metaspace: 41086K(43264K)->41086K(43264K) NonClass: 36174K(37376K)->36174K(37376K) Class: 4912K(5888K)->4912K(5888K)
[2021-02-03T16:04:28.391-0800][gc           ] GC(7) Pause Young (Normal) (G1 Evacuation Pause) 189M->145M(1024M) 6.989ms
[2021-02-03T16:04:28.391-0800][gc,cpu       ] GC(7) User=0.04s Sys=0.00s Real=0.01s
[2021-02-03T16:04:30.948-0800][gc,start     ] GC(8) Pause Young (Normal) (G1 Evacuation Pause)
[2021-02-03T16:04:30.948-0800][gc,task      ] GC(8) Using 8 workers of 8 for evacuation
[2021-02-03T16:04:30.952-0800][gc,phases    ] GC(8)   Pre Evacuate Collection Set: 0.2ms
[2021-02-03T16:04:30.952-0800][gc,phases    ] GC(8)   Merge Heap Roots: 0.2ms
[2021-02-03T16:04:30.952-0800][gc,phases    ] GC(8)   Evacuate Collection Set: 3.0ms
[2021-02-03T16:04:30.952-0800][gc,phases    ] GC(8)   Post Evacuate Collection Set: 1.0ms
[2021-02-03T16:04:30.952-0800][gc,phases    ] GC(8)   Other: 0.1ms
[2021-02-03T16:04:30.952-0800][gc,heap      ] GC(8) Eden regions: 47->0(64)
[2021-02-03T16:04:30.952-0800][gc,heap      ] GC(8) Survivor regions: 4->4(7)
[2021-02-03T16:04:30.952-0800][gc,heap      ] GC(8) Old regions: 13->13
[2021-02-03T16:04:30.952-0800][gc,heap      ] GC(8) Archive regions: 2->2
[2021-02-03T16:04:30.952-0800][gc,heap      ] GC(8) Humongous regions: 129->129
[2021-02-03T16:04:30.952-0800][gc,metaspace ] GC(8) Metaspace: 41087K(43264K)->41087K(43264K) NonClass: 36175K(37376K)->36175K(37376K) Class: 4912K(5888K)->4912K(5888K)
[2021-02-03T16:04:30.952-0800][gc           ] GC(8) Pause Young (Normal) (G1 Evacuation Pause) 192M->145M(1024M) 4.567ms
[2021-02-03T16:04:30.952-0800][gc,cpu       ] GC(8) User=0.03s Sys=0.00s Real=0.01s
[2021-02-03T16:04:34.981-0800][gc,start     ] GC(9) Pause Young (Normal) (G1 Evacuation Pause)
[2021-02-03T16:04:34.981-0800][gc,task      ] GC(9) Using 8 workers of 8 for evacuation
[2021-02-03T16:04:34.989-0800][gc,phases    ] GC(9)   Pre Evacuate Collection Set: 0.4ms
[2021-02-03T16:04:34.989-0800][gc,phases    ] GC(9)   Merge Heap Roots: 0.2ms
[2021-02-03T16:04:34.989-0800][gc,phases    ] GC(9)   Evacuate Collection Set: 5.9ms
[2021-02-03T16:04:34.989-0800][gc,phases    ] GC(9)   Post Evacuate Collection Set: 1.1ms
[2021-02-03T16:04:34.989-0800][gc,phases    ] GC(9)   Other: 0.2ms
[2021-02-03T16:04:34.989-0800][gc,heap      ] GC(9) Eden regions: 64->0(213)
[2021-02-03T16:04:34.989-0800][gc,heap      ] GC(9) Survivor regions: 4->4(9)
[2021-02-03T16:04:34.989-0800][gc,heap      ] GC(9) Old regions: 13->13
[2021-02-03T16:04:34.989-0800][gc,heap      ] GC(9) Archive regions: 2->2
[2021-02-03T16:04:34.989-0800][gc,heap      ] GC(9) Humongous regions: 129->129
[2021-02-03T16:04:34.989-0800][gc,metaspace ] GC(9) Metaspace: 41097K(43264K)->41097K(43264K) NonClass: 36185K(37376K)->36185K(37376K) Class: 4912K(5888K)->4912K(5888K)
[2021-02-03T16:04:34.989-0800][gc           ] GC(9) Pause Young (Normal) (G1 Evacuation Pause) 209M->145M(1024M) 7.856ms
[2021-02-03T16:04:34.989-0800][gc,cpu       ] GC(9) User=0.03s Sys=0.01s Real=0.01s
[2021-02-03T16:04:58.339-0800][gc,start     ] GC(10) Pause Young (Normal) (G1 Evacuation Pause)
[2021-02-03T16:04:58.339-0800][gc,task      ] GC(10) Using 8 workers of 8 for evacuation
[2021-02-03T16:04:58.345-0800][gc,phases    ] GC(10)   Pre Evacuate Collection Set: 0.3ms
[2021-02-03T16:04:58.345-0800][gc,phases    ] GC(10)   Merge Heap Roots: 0.2ms
[2021-02-03T16:04:58.345-0800][gc,phases    ] GC(10)   Evacuate Collection Set: 4.5ms
[2021-02-03T16:04:58.345-0800][gc,phases    ] GC(10)   Post Evacuate Collection Set: 1.3ms
[2021-02-03T16:04:58.345-0800][gc,phases    ] GC(10)   Other: 0.2ms
[2021-02-03T16:04:58.345-0800][gc,heap      ] GC(10) Eden regions: 213->0(326)
[2021-02-03T16:04:58.345-0800][gc,heap      ] GC(10) Survivor regions: 4->4(28)
[2021-02-03T16:04:58.345-0800][gc,heap      ] GC(10) Old regions: 13->13
[2021-02-03T16:04:58.345-0800][gc,heap      ] GC(10) Archive regions: 2->2
[2021-02-03T16:04:58.345-0800][gc,heap      ] GC(10) Humongous regions: 129->129
[2021-02-03T16:04:58.345-0800][gc,metaspace ] GC(10) Metaspace: 41223K(43520K)->41223K(43520K) NonClass: 36298K(37632K)->36298K(37632K) Class: 4925K(5888K)->4925K(5888K)
[2021-02-03T16:04:58.345-0800][gc           ] GC(10) Pause Young (Normal) (G1 Evacuation Pause) 358M->145M(1024M) 6.604ms
[2021-02-03T16:04:58.345-0800][gc,cpu       ] GC(10) User=0.03s Sys=0.01s Real=0.00s
[2021-02-03T16:06:06.161-0800][gc,start     ] GC(11) Pause Young (Normal) (G1 Evacuation Pause)
[2021-02-03T16:06:06.161-0800][gc,task      ] GC(11) Using 8 workers of 8 for evacuation
[2021-02-03T16:06:06.168-0800][gc,phases    ] GC(11)   Pre Evacuate Collection Set: 0.2ms
[2021-02-03T16:06:06.168-0800][gc,phases    ] GC(11)   Merge Heap Roots: 0.2ms
[2021-02-03T16:06:06.168-0800][gc,phases    ] GC(11)   Evacuate Collection Set: 4.7ms
[2021-02-03T16:06:06.168-0800][gc,phases    ] GC(11)   Post Evacuate Collection Set: 1.3ms
[2021-02-03T16:06:06.168-0800][gc,phases    ] GC(11)   Other: 0.2ms
[2021-02-03T16:06:06.168-0800][gc,heap      ] GC(11) Eden regions: 326->0(599)
[2021-02-03T16:06:06.168-0800][gc,heap      ] GC(11) Survivor regions: 4->4(42)
[2021-02-03T16:06:06.168-0800][gc,heap      ] GC(11) Old regions: 13->13
[2021-02-03T16:06:06.168-0800][gc,heap      ] GC(11) Archive regions: 2->2
[2021-02-03T16:06:06.168-0800][gc,heap      ] GC(11) Humongous regions: 129->129
[2021-02-03T16:06:06.168-0800][gc,metaspace ] GC(11) Metaspace: 41333K(43520K)->41333K(43520K) NonClass: 36404K(37632K)->36404K(37632K) Class: 4929K(5888K)->4929K(5888K)
[2021-02-03T16:06:06.168-0800][gc           ] GC(11) Pause Young (Normal) (G1 Evacuation Pause) 471M->145M(1024M) 6.710ms
[2021-02-03T16:06:06.168-0800][gc,cpu       ] GC(11) User=0.03s Sys=0.01s Real=0.00s
[2021-02-03T16:08:28.840-0800][gc,start     ] GC(12) Pause Young (Normal) (G1 Evacuation Pause)
[2021-02-03T16:08:28.840-0800][gc,task      ] GC(12) Using 8 workers of 8 for evacuation
[2021-02-03T16:08:28.847-0800][gc,phases    ] GC(12)   Pre Evacuate Collection Set: 0.2ms
[2021-02-03T16:08:28.847-0800][gc,phases    ] GC(12)   Merge Heap Roots: 0.2ms
[2021-02-03T16:08:28.847-0800][gc,phases    ] GC(12)   Evacuate Collection Set: 4.8ms
[2021-02-03T16:08:28.847-0800][gc,phases    ] GC(12)   Post Evacuate Collection Set: 1.3ms
[2021-02-03T16:08:28.847-0800][gc,phases    ] GC(12)   Other: 0.2ms
[2021-02-03T16:08:28.847-0800][gc,heap      ] GC(12) Eden regions: 599->0(610)
[2021-02-03T16:08:28.847-0800][gc,heap      ] GC(12) Survivor regions: 4->4(76)
[2021-02-03T16:08:28.847-0800][gc,heap      ] GC(12) Old regions: 13->13
[2021-02-03T16:08:28.847-0800][gc,heap      ] GC(12) Archive regions: 2->2
[2021-02-03T16:08:28.847-0800][gc,heap      ] GC(12) Humongous regions: 129->129
[2021-02-03T16:08:28.847-0800][gc,metaspace ] GC(12) Metaspace: 41451K(43776K)->41451K(43776K) NonClass: 36512K(37888K)->36512K(37888K) Class: 4939K(5888K)->4939K(5888K)
[2021-02-03T16:08:28.847-0800][gc           ] GC(12) Pause Young (Normal) (G1 Evacuation Pause) 744M->145M(1024M) 6.852ms
[2021-02-03T16:08:28.847-0800][gc,cpu       ] GC(12) User=0.03s Sys=0.02s Real=0.00s
[2021-02-03T16:11:59.043-0800][gc,start     ] GC(13) Pause Young (Normal) (G1 Evacuation Pause)
[2021-02-03T16:11:59.043-0800][gc,task      ] GC(13) Using 8 workers of 8 for evacuation
[2021-02-03T16:11:59.050-0800][gc,phases    ] GC(13)   Pre Evacuate Collection Set: 0.2ms
[2021-02-03T16:11:59.050-0800][gc,phases    ] GC(13)   Merge Heap Roots: 0.2ms
[2021-02-03T16:11:59.050-0800][gc,phases    ] GC(13)   Evacuate Collection Set: 5.8ms
[2021-02-03T16:11:59.050-0800][gc,phases    ] GC(13)   Post Evacuate Collection Set: 1.4ms
[2021-02-03T16:11:59.050-0800][gc,phases    ] GC(13)   Other: 0.2ms
[2021-02-03T16:11:59.050-0800][gc,heap      ] GC(13) Eden regions: 610->0(610)
[2021-02-03T16:11:59.050-0800][gc,heap      ] GC(13) Survivor regions: 4->4(77)
[2021-02-03T16:11:59.050-0800][gc,heap      ] GC(13) Old regions: 13->13
[2021-02-03T16:11:59.050-0800][gc,heap      ] GC(13) Archive regions: 2->2
[2021-02-03T16:11:59.050-0800][gc,heap      ] GC(13) Humongous regions: 129->129
[2021-02-03T16:11:59.050-0800][gc,metaspace ] GC(13) Metaspace: 41524K(43776K)->41524K(43776K) NonClass: 36584K(37888K)->36584K(37888K) Class: 4939K(5888K)->4939K(5888K)
[2021-02-03T16:11:59.051-0800][gc           ] GC(13) Pause Young (Normal) (G1 Evacuation Pause) 755M->145M(1024M) 7.959ms
[2021-02-03T16:11:59.051-0800][gc,cpu       ] GC(13) User=0.03s Sys=0.00s Real=0.01s
[2021-02-03T20:03:51.525-0800][gc,start     ] GC(14) Pause Young (Normal) (G1 Evacuation Pause)
[2021-02-03T20:03:51.525-0800][gc,task      ] GC(14) Using 8 workers of 8 for evacuation
[2021-02-03T20:03:51.530-0800][gc,phases    ] GC(14)   Pre Evacuate Collection Set: 0.2ms
[2021-02-03T20:03:51.530-0800][gc,phases    ] GC(14)   Merge Heap Roots: 0.2ms
[2021-02-03T20:03:51.530-0800][gc,phases    ] GC(14)   Evacuate Collection Set: 3.4ms
[2021-02-03T20:03:51.530-0800][gc,phases    ] GC(14)   Post Evacuate Collection Set: 1.4ms
[2021-02-03T20:03:51.530-0800][gc,phases    ] GC(14)   Other: 0.2ms
[2021-02-03T20:03:51.530-0800][gc,heap      ] GC(14) Eden regions: 610->0(609)
[2021-02-03T20:03:51.530-0800][gc,heap      ] GC(14) Survivor regions: 4->5(77)
[2021-02-03T20:03:51.530-0800][gc,heap      ] GC(14) Old regions: 13->13
[2021-02-03T20:03:51.530-0800][gc,heap      ] GC(14) Archive regions: 2->2
[2021-02-03T20:03:51.530-0800][gc,heap      ] GC(14) Humongous regions: 129->129
[2021-02-03T20:03:51.530-0800][gc,metaspace ] GC(14) Metaspace: 42245K(44672K)->42245K(44672K) NonClass: 37227K(38656K)->37227K(38656K) Class: 5018K(6016K)->5018K(6016K)
[2021-02-03T20:03:51.530-0800][gc           ] GC(14) Pause Young (Normal) (G1 Evacuation Pause) 755M->146M(1024M) 5.454ms
[2021-02-03T20:03:51.530-0800][gc,cpu       ] GC(14) User=0.01s Sys=0.01s Real=0.00s
[2021-02-03T20:26:53.022-0800][gc,start     ] GC(15) Pause Young (Normal) (G1 Evacuation Pause)
[2021-02-03T20:26:53.022-0800][gc,task      ] GC(15) Using 8 workers of 8 for evacuation
[2021-02-03T20:26:53.027-0800][gc,phases    ] GC(15)   Pre Evacuate Collection Set: 0.2ms
[2021-02-03T20:26:53.027-0800][gc,phases    ] GC(15)   Merge Heap Roots: 0.2ms
[2021-02-03T20:26:53.027-0800][gc,phases    ] GC(15)   Evacuate Collection Set: 3.3ms
[2021-02-03T20:26:53.027-0800][gc,phases    ] GC(15)   Post Evacuate Collection Set: 1.5ms
[2021-02-03T20:26:53.027-0800][gc,phases    ] GC(15)   Other: 0.2ms
[2021-02-03T20:26:53.027-0800][gc,heap      ] GC(15) Eden regions: 609->0(609)
[2021-02-03T20:26:53.027-0800][gc,heap      ] GC(15) Survivor regions: 5->5(77)
[2021-02-03T20:26:53.027-0800][gc,heap      ] GC(15) Old regions: 13->13
[2021-02-03T20:26:53.027-0800][gc,heap      ] GC(15) Archive regions: 2->2
[2021-02-03T20:26:53.027-0800][gc,heap      ] GC(15) Humongous regions: 129->129
[2021-02-03T20:26:53.027-0800][gc,metaspace ] GC(15) Metaspace: 42389K(44672K)->42389K(44672K) NonClass: 37371K(38656K)->37371K(38656K) Class: 5018K(6016K)->5018K(6016K)
[2021-02-03T20:26:53.027-0800][gc           ] GC(15) Pause Young (Normal) (G1 Evacuation Pause) 755M->146M(1024M) 5.460ms
[2021-02-03T20:26:53.027-0800][gc,cpu       ] GC(15) User=0.03s Sys=0.00s Real=0.01s
[2021-02-03T20:28:54.431-0800][gc,start     ] GC(16) Pause Young (Normal) (G1 Evacuation Pause)
[2021-02-03T20:28:54.432-0800][gc,task      ] GC(16) Using 8 workers of 8 for evacuation
[2021-02-03T20:28:54.437-0800][gc,phases    ] GC(16)   Pre Evacuate Collection Set: 0.2ms
[2021-02-03T20:28:54.437-0800][gc,phases    ] GC(16)   Merge Heap Roots: 0.2ms
[2021-02-03T20:28:54.437-0800][gc,phases    ] GC(16)   Evacuate Collection Set: 3.0ms
[2021-02-03T20:28:54.437-0800][gc,phases    ] GC(16)   Post Evacuate Collection Set: 1.6ms
[2021-02-03T20:28:54.437-0800][gc,phases    ] GC(16)   Other: 0.2ms
[2021-02-03T20:28:54.437-0800][gc,heap      ] GC(16) Eden regions: 609->0(609)
[2021-02-03T20:28:54.437-0800][gc,heap      ] GC(16) Survivor regions: 5->5(77)
[2021-02-03T20:28:54.437-0800][gc,heap      ] GC(16) Old regions: 13->13
[2021-02-03T20:28:54.437-0800][gc,heap      ] GC(16) Archive regions: 2->2
[2021-02-03T20:28:54.437-0800][gc,heap      ] GC(16) Humongous regions: 129->129
[2021-02-03T20:28:54.437-0800][gc,metaspace ] GC(16) Metaspace: 42404K(44672K)->42404K(44672K) NonClass: 37385K(38656K)->37385K(38656K) Class: 5018K(6016K)->5018K(6016K)
[2021-02-03T20:28:54.437-0800][gc           ] GC(16) Pause Young (Normal) (G1 Evacuation Pause) 755M->146M(1024M) 5.219ms
[2021-02-03T20:28:54.437-0800][gc,cpu       ] GC(16) User=0.03s Sys=0.00s Real=0.01s
[2021-02-03T20:59:51.525-0800][gc,start     ] GC(17) Pause Young (Normal) (G1 Evacuation Pause)
[2021-02-03T20:59:51.525-0800][gc,task      ] GC(17) Using 8 workers of 8 for evacuation
[2021-02-03T20:59:51.569-0800][gc,mmu       ] GC(17) MMU target violated: 21.0ms (20.0ms/21.0ms)
[2021-02-03T20:59:51.570-0800][gc,phases    ] GC(17)   Pre Evacuate Collection Set: 1.8ms
[2021-02-03T20:59:51.573-0800][gc,phases    ] GC(17)   Merge Heap Roots: 0.6ms
[2021-02-03T20:59:51.573-0800][gc,phases    ] GC(17)   Evacuate Collection Set: 34.0ms
[2021-02-03T20:59:51.573-0800][gc,phases    ] GC(17)   Post Evacuate Collection Set: 7.5ms
[2021-02-03T20:59:51.573-0800][gc,phases    ] GC(17)   Other: 1.6ms
[2021-02-03T20:59:51.573-0800][gc,heap      ] GC(17) Eden regions: 609->0(55)
[2021-02-03T20:59:51.573-0800][gc,heap      ] GC(17) Survivor regions: 5->6(77)
[2021-02-03T20:59:51.573-0800][gc,heap      ] GC(17) Old regions: 13->13
[2021-02-03T20:59:51.573-0800][gc,heap      ] GC(17) Archive regions: 2->2
[2021-02-03T20:59:51.573-0800][gc,heap      ] GC(17) Humongous regions: 129->129
[2021-02-03T20:59:51.573-0800][gc,metaspace ] GC(17) Metaspace: 42529K(44928K)->42529K(44928K) NonClass: 37494K(38912K)->37494K(38912K) Class: 5035K(6016K)->5035K(6016K)
[2021-02-03T20:59:51.573-0800][gc           ] GC(17) Pause Young (Normal) (G1 Evacuation Pause) 755M->147M(1024M) 48.685ms
[2021-02-03T20:59:51.573-0800][gc,cpu       ] GC(17) User=0.30s Sys=0.00s Real=0.05s
[2021-02-03T21:29:20.480-0800][gc,start     ] GC(18) Pause Young (Normal) (G1 Evacuation Pause)
[2021-02-03T21:29:20.480-0800][gc,task      ] GC(18) Using 8 workers of 8 for evacuation
[2021-02-03T21:29:20.495-0800][gc,phases    ] GC(18)   Pre Evacuate Collection Set: 0.3ms
[2021-02-03T21:29:20.495-0800][gc,phases    ] GC(18)   Merge Heap Roots: 0.5ms
[2021-02-03T21:29:20.495-0800][gc,phases    ] GC(18)   Evacuate Collection Set: 10.8ms
[2021-02-03T21:29:20.495-0800][gc,phases    ] GC(18)   Post Evacuate Collection Set: 2.9ms
[2021-02-03T21:29:20.495-0800][gc,phases    ] GC(18)   Other: 0.5ms
[2021-02-03T21:29:20.495-0800][gc,heap      ] GC(18) Eden regions: 54->0(85)
[2021-02-03T21:29:20.495-0800][gc,heap      ] GC(18) Survivor regions: 6->5(8)
[2021-02-03T21:29:20.495-0800][gc,heap      ] GC(18) Old regions: 13->14
[2021-02-03T21:29:20.495-0800][gc,heap      ] GC(18) Archive regions: 2->2
[2021-02-03T21:29:20.495-0800][gc,heap      ] GC(18) Humongous regions: 129->129
[2021-02-03T21:29:20.495-0800][gc,metaspace ] GC(18) Metaspace: 42600K(44928K)->42600K(44928K) NonClass: 37565K(38912K)->37565K(38912K) Class: 5035K(6016K)->5035K(6016K)
[2021-02-03T21:29:20.495-0800][gc           ] GC(18) Pause Young (Normal) (G1 Evacuation Pause) 201M->147M(1024M) 14.994ms
[2021-02-03T21:29:20.495-0800][gc,cpu       ] GC(18) User=0.09s Sys=0.00s Real=0.02s
[2021-02-03T22:18:18.218-0800][gc,start     ] GC(19) Pause Young (Normal) (G1 Evacuation Pause)
[2021-02-03T22:18:18.219-0800][gc,task      ] GC(19) Using 8 workers of 8 for evacuation
[2021-02-03T22:18:18.228-0800][gc,phases    ] GC(19)   Pre Evacuate Collection Set: 0.2ms
[2021-02-03T22:18:18.228-0800][gc,phases    ] GC(19)   Merge Heap Roots: 0.5ms
[2021-02-03T22:18:18.228-0800][gc,phases    ] GC(19)   Evacuate Collection Set: 6.8ms
[2021-02-03T22:18:18.228-0800][gc,phases    ] GC(19)   Post Evacuate Collection Set: 2.1ms
[2021-02-03T22:18:18.228-0800][gc,phases    ] GC(19)   Other: 0.2ms
[2021-02-03T22:18:18.228-0800][gc,heap      ] GC(19) Eden regions: 85->0(148)
[2021-02-03T22:18:18.228-0800][gc,heap      ] GC(19) Survivor regions: 5->4(12)
[2021-02-03T22:18:18.228-0800][gc,heap      ] GC(19) Old regions: 14->14
[2021-02-03T22:18:18.228-0800][gc,heap      ] GC(19) Archive regions: 2->2
[2021-02-03T22:18:18.228-0800][gc,heap      ] GC(19) Humongous regions: 129->129
[2021-02-03T22:18:18.228-0800][gc,metaspace ] GC(19) Metaspace: 42650K(44928K)->42650K(44928K) NonClass: 37615K(38912K)->37615K(38912K) Class: 5035K(6016K)->5035K(6016K)
[2021-02-03T22:18:18.228-0800][gc           ] GC(19) Pause Young (Normal) (G1 Evacuation Pause) 232M->147M(1024M) 9.909ms
[2021-02-03T22:18:18.228-0800][gc,cpu       ] GC(19) User=0.05s Sys=0.00s Real=0.01s
[2021-02-03T23:44:10.162-0800][gc,start     ] GC(20) Pause Young (Normal) (G1 Evacuation Pause)
[2021-02-03T23:44:10.162-0800][gc,task      ] GC(20) Using 8 workers of 8 for evacuation
[2021-02-03T23:44:10.172-0800][gc,phases    ] GC(20)   Pre Evacuate Collection Set: 0.5ms
[2021-02-03T23:44:10.172-0800][gc,phases    ] GC(20)   Merge Heap Roots: 0.5ms
[2021-02-03T23:44:10.172-0800][gc,phases    ] GC(20)   Evacuate Collection Set: 6.4ms
[2021-02-03T23:44:10.172-0800][gc,phases    ] GC(20)   Post Evacuate Collection Set: 2.4ms
[2021-02-03T23:44:10.172-0800][gc,phases    ] GC(20)   Other: 0.2ms
[2021-02-03T23:44:10.172-0800][gc,heap      ] GC(20) Eden regions: 148->0(195)
[2021-02-03T23:44:10.172-0800][gc,heap      ] GC(20) Survivor regions: 4->4(19)
[2021-02-03T23:44:10.172-0800][gc,heap      ] GC(20) Old regions: 14->14
[2021-02-03T23:44:10.172-0800][gc,heap      ] GC(20) Archive regions: 2->2
[2021-02-03T23:44:10.172-0800][gc,heap      ] GC(20) Humongous regions: 129->129
[2021-02-03T23:44:10.172-0800][gc,metaspace ] GC(20) Metaspace: 42668K(45184K)->42668K(45184K) NonClass: 37632K(39168K)->37632K(39168K) Class: 5035K(6016K)->5035K(6016K)
[2021-02-03T23:44:10.172-0800][gc           ] GC(20) Pause Young (Normal) (G1 Evacuation Pause) 295M->147M(1024M) 10.078ms
[2021-02-03T23:44:10.172-0800][gc,cpu       ] GC(20) User=0.05s Sys=0.00s Real=0.01s
[2021-02-04T01:39:14.356-0800][gc,start     ] GC(21) Pause Young (Normal) (G1 Evacuation Pause)
[2021-02-04T01:39:14.356-0800][gc,task      ] GC(21) Using 8 workers of 8 for evacuation
[2021-02-04T01:39:14.367-0800][gc,phases    ] GC(21)   Pre Evacuate Collection Set: 0.3ms
[2021-02-04T01:39:14.367-0800][gc,phases    ] GC(21)   Merge Heap Roots: 0.2ms
[2021-02-04T01:39:14.367-0800][gc,phases    ] GC(21)   Evacuate Collection Set: 7.3ms
[2021-02-04T01:39:14.367-0800][gc,phases    ] GC(21)   Post Evacuate Collection Set: 2.5ms
[2021-02-04T01:39:14.367-0800][gc,phases    ] GC(21)   Other: 0.2ms
[2021-02-04T01:39:14.367-0800][gc,heap      ] GC(21) Eden regions: 195->0(229)
[2021-02-04T01:39:14.367-0800][gc,heap      ] GC(21) Survivor regions: 4->5(25)
[2021-02-04T01:39:14.367-0800][gc,heap      ] GC(21) Old regions: 14->14
[2021-02-04T01:39:14.367-0800][gc,heap      ] GC(21) Archive regions: 2->2
[2021-02-04T01:39:14.367-0800][gc,heap      ] GC(21) Humongous regions: 129->129
[2021-02-04T01:39:14.367-0800][gc,metaspace ] GC(21) Metaspace: 42707K(45184K)->42707K(45184K) NonClass: 37671K(39168K)->37671K(39168K) Class: 5035K(6016K)->5035K(6016K)
[2021-02-04T01:39:14.367-0800][gc           ] GC(21) Pause Young (Normal) (G1 Evacuation Pause) 342M->147M(1024M) 10.617ms
[2021-02-04T01:39:14.367-0800][gc,cpu       ] GC(21) User=0.04s Sys=0.02s Real=0.01s
[2021-02-04T02:26:52.634-0800][gc,start     ] GC(22) Pause Young (Normal) (G1 Evacuation Pause)
[2021-02-04T02:26:52.634-0800][gc,task      ] GC(22) Using 8 workers of 8 for evacuation
[2021-02-04T02:26:52.641-0800][gc,phases    ] GC(22)   Pre Evacuate Collection Set: 0.2ms
[2021-02-04T02:26:52.641-0800][gc,phases    ] GC(22)   Merge Heap Roots: 0.1ms
[2021-02-04T02:26:52.641-0800][gc,phases    ] GC(22)   Evacuate Collection Set: 4.8ms
[2021-02-04T02:26:52.641-0800][gc,phases    ] GC(22)   Post Evacuate Collection Set: 1.5ms
[2021-02-04T02:26:52.641-0800][gc,phases    ] GC(22)   Other: 0.1ms
[2021-02-04T02:26:52.641-0800][gc,heap      ] GC(22) Eden regions: 229->0(398)
[2021-02-04T02:26:52.641-0800][gc,heap      ] GC(22) Survivor regions: 5->4(30)
[2021-02-04T02:26:52.641-0800][gc,heap      ] GC(22) Old regions: 14->14
[2021-02-04T02:26:52.641-0800][gc,heap      ] GC(22) Archive regions: 2->2
[2021-02-04T02:26:52.641-0800][gc,heap      ] GC(22) Humongous regions: 129->129
[2021-02-04T02:26:52.641-0800][gc,metaspace ] GC(22) Metaspace: 42733K(45184K)->42733K(45184K) NonClass: 37697K(39168K)->37697K(39168K) Class: 5035K(6016K)->5035K(6016K)
[2021-02-04T02:26:52.641-0800][gc           ] GC(22) Pause Young (Normal) (G1 Evacuation Pause) 376M->146M(1024M) 6.904ms
[2021-02-04T02:26:52.641-0800][gc,cpu       ] GC(22) User=0.03s Sys=0.01s Real=0.00s
[2021-02-04T02:29:13.745-0800][gc,start     ] GC(23) Pause Young (Normal) (G1 Evacuation Pause)
[2021-02-04T02:29:13.745-0800][gc,task      ] GC(23) Using 8 workers of 8 for evacuation
[2021-02-04T02:29:13.752-0800][gc,phases    ] GC(23)   Pre Evacuate Collection Set: 0.3ms
[2021-02-04T02:29:13.752-0800][gc,phases    ] GC(23)   Merge Heap Roots: 0.2ms
[2021-02-04T02:29:13.752-0800][gc,phases    ] GC(23)   Evacuate Collection Set: 4.7ms
[2021-02-04T02:29:13.752-0800][gc,phases    ] GC(23)   Post Evacuate Collection Set: 1.6ms
[2021-02-04T02:29:13.752-0800][gc,phases    ] GC(23)   Other: 0.2ms
[2021-02-04T02:29:13.752-0800][gc,heap      ] GC(23) Eden regions: 398->0(565)
[2021-02-04T02:29:13.752-0800][gc,heap      ] GC(23) Survivor regions: 4->4(51)
[2021-02-04T02:29:13.752-0800][gc,heap      ] GC(23) Old regions: 14->14
[2021-02-04T02:29:13.752-0800][gc,heap      ] GC(23) Archive regions: 2->2
[2021-02-04T02:29:13.752-0800][gc,heap      ] GC(23) Humongous regions: 129->129
[2021-02-04T02:29:13.752-0800][gc,metaspace ] GC(23) Metaspace: 42735K(45184K)->42735K(45184K) NonClass: 37698K(39168K)->37698K(39168K) Class: 5036K(6016K)->5036K(6016K)
[2021-02-04T02:29:13.752-0800][gc           ] GC(23) Pause Young (Normal) (G1 Evacuation Pause) 544M->146M(1024M) 7.201ms
[2021-02-04T02:29:13.752-0800][gc,cpu       ] GC(23) User=0.03s Sys=0.02s Real=0.00s
[2021-02-04T02:30:49.214-0800][gc,heap,exit ] Heap
[2021-02-04T02:30:49.214-0800][gc,heap,exit ]  garbage-first heap   total 1048576K, used 554979K [0x00000000c0000000, 0x0000000100000000)
[2021-02-04T02:30:49.214-0800][gc,heap,exit ]   region size 1024K, 400 young (409600K), 4 survivors (4096K)
[2021-02-04T02:30:49.214-0800][gc,heap,exit ]  Metaspace       used 43223K, capacity 45587K, committed 45696K, reserved 1089536K
[2021-02-04T02:30:49.214-0800][gc,heap,exit ]   class space    used 5175K, capacity 6189K, committed 6272K, reserved 1048576K
