[2021-02-07T19:24:32.161-0800][gc,heap] Heap region size: 1M
[2021-02-07T19:24:32.161-0800][gc,heap,coops] Heap address: 0x00000000c0000000, size: 1024 MB, Compressed Oops mode: 32-bit
[2021-02-07T19:24:32.169-0800][gc           ] Using G1
[2021-02-07T19:24:32.169-0800][gc,cds       ] Mark closed archive regions in map: [0x00000000fff00000, 0x00000000fff7eff8]
[2021-02-07T19:24:32.169-0800][gc,cds       ] Mark open archive regions in map: [0x00000000ffe00000, 0x00000000ffe51ff8]
[2021-02-07T19:24:32.185-0800][gc           ] Periodic GC disabled
[2021-02-07T19:24:33.096-0800][gc,start     ] GC(0) Pause Young (Normal) (G1 Evacuation Pause)
[2021-02-07T19:24:33.097-0800][gc,task      ] GC(0) Using 8 workers of 8 for evacuation
[2021-02-07T19:24:33.104-0800][gc,phases    ] GC(0)   Pre Evacuate Collection Set: 0.2ms
[2021-02-07T19:24:33.104-0800][gc,phases    ] GC(0)   Merge Heap Roots: 0.2ms
[2021-02-07T19:24:33.104-0800][gc,phases    ] GC(0)   Evacuate Collection Set: 4.5ms
[2021-02-07T19:24:33.104-0800][gc,phases    ] GC(0)   Post Evacuate Collection Set: 1.2ms
[2021-02-07T19:24:33.104-0800][gc,phases    ] GC(0)   Other: 1.4ms
[2021-02-07T19:24:33.104-0800][gc,heap      ] GC(0) Eden regions: 51->0(44)
[2021-02-07T19:24:33.104-0800][gc,heap      ] GC(0) Survivor regions: 0->7(7)
[2021-02-07T19:24:33.104-0800][gc,heap      ] GC(0) Old regions: 0->0
[2021-02-07T19:24:33.104-0800][gc,heap      ] GC(0) Archive regions: 2->2
[2021-02-07T19:24:33.104-0800][gc,heap      ] GC(0) Humongous regions: 0->0
[2021-02-07T19:24:33.104-0800][gc,metaspace ] GC(0) Metaspace: 15048K(15616K)->15048K(15616K) NonClass: 13163K(13568K)->13163K(13568K) Class: 1885K(2048K)->1885K(2048K)
[2021-02-07T19:24:33.104-0800][gc           ] GC(0) Pause Young (Normal) (G1 Evacuation Pause) 51M->7M(1024M) 7.643ms
[2021-02-07T19:24:33.104-0800][gc,cpu       ] GC(0) User=0.04s Sys=0.00s Real=0.00s
[2021-02-07T19:24:33.466-0800][gc,start     ] GC(1) Pause Young (Concurrent Start) (Metadata GC Threshold)
[2021-02-07T19:24:33.466-0800][gc,task      ] GC(1) Using 8 workers of 8 for evacuation
[2021-02-07T19:24:33.475-0800][gc,phases    ] GC(1)   Pre Evacuate Collection Set: 0.3ms
[2021-02-07T19:24:33.475-0800][gc,phases    ] GC(1)   Merge Heap Roots: 0.1ms
[2021-02-07T19:24:33.475-0800][gc,phases    ] GC(1)   Evacuate Collection Set: 7.5ms
[2021-02-07T19:24:33.475-0800][gc,phases    ] GC(1)   Post Evacuate Collection Set: 0.9ms
[2021-02-07T19:24:33.475-0800][gc,phases    ] GC(1)   Other: 0.2ms
[2021-02-07T19:24:33.475-0800][gc,heap      ] GC(1) Eden regions: 23->0(49)
[2021-02-07T19:24:33.475-0800][gc,heap      ] GC(1) Survivor regions: 7->2(7)
[2021-02-07T19:24:33.475-0800][gc,heap      ] GC(1) Old regions: 0->7
[2021-02-07T19:24:33.475-0800][gc,heap      ] GC(1) Archive regions: 2->2
[2021-02-07T19:24:33.475-0800][gc,heap      ] GC(1) Humongous regions: 0->0
[2021-02-07T19:24:33.475-0800][gc,metaspace ] GC(1) Metaspace: 20717K(21296K)->20717K(21296K) NonClass: 18152K(18480K)->18152K(18480K) Class: 2564K(2816K)->2564K(2816K)
[2021-02-07T19:24:33.475-0800][gc           ] GC(1) Pause Young (Concurrent Start) (Metadata GC Threshold) 30M->7M(1024M) 9.108ms
[2021-02-07T19:24:33.475-0800][gc,cpu       ] GC(1) User=0.04s Sys=0.02s Real=0.01s
[2021-02-07T19:24:33.475-0800][gc           ] GC(2) Concurrent Cycle
[2021-02-07T19:24:33.475-0800][gc,marking   ] GC(2) Concurrent Clear Claimed Marks
[2021-02-07T19:24:33.475-0800][gc,marking   ] GC(2) Concurrent Clear Claimed Marks 0.044ms
[2021-02-07T19:24:33.475-0800][gc,marking   ] GC(2) Concurrent Scan Root Regions
[2021-02-07T19:24:33.478-0800][gc,marking   ] GC(2) Concurrent Scan Root Regions 2.857ms
[2021-02-07T19:24:33.478-0800][gc,marking   ] GC(2) Concurrent Mark (1.321s)
[2021-02-07T19:24:33.478-0800][gc,marking   ] GC(2) Concurrent Mark From Roots
[2021-02-07T19:24:33.478-0800][gc,task      ] GC(2) Using 2 workers of 2 for marking
[2021-02-07T19:24:33.479-0800][gc,marking   ] GC(2) Concurrent Mark From Roots 1.403ms
[2021-02-07T19:24:33.479-0800][gc,marking   ] GC(2) Concurrent Preclean
[2021-02-07T19:24:33.479-0800][gc,marking   ] GC(2) Concurrent Preclean 0.097ms
[2021-02-07T19:24:33.479-0800][gc,marking   ] GC(2) Concurrent Mark (1.321s, 1.322s) 1.542ms
[2021-02-07T19:24:33.480-0800][gc,start     ] GC(2) Pause Remark
[2021-02-07T19:24:33.481-0800][gc           ] GC(2) Pause Remark 8M->8M(1024M) 1.622ms
[2021-02-07T19:24:33.481-0800][gc,cpu       ] GC(2) User=0.00s Sys=0.00s Real=0.00s
[2021-02-07T19:24:33.481-0800][gc,marking   ] GC(2) Concurrent Rebuild Remembered Sets
[2021-02-07T19:24:33.484-0800][gc,marking   ] GC(2) Concurrent Rebuild Remembered Sets 2.370ms
[2021-02-07T19:24:33.485-0800][gc,start     ] GC(2) Pause Cleanup
[2021-02-07T19:24:33.485-0800][gc           ] GC(2) Pause Cleanup 8M->8M(1024M) 0.277ms
[2021-02-07T19:24:33.485-0800][gc,cpu       ] GC(2) User=0.00s Sys=0.00s Real=0.00s
[2021-02-07T19:24:33.485-0800][gc,marking   ] GC(2) Concurrent Cleanup for Next Mark
[2021-02-07T19:24:33.487-0800][gc,marking   ] GC(2) Concurrent Cleanup for Next Mark 1.624ms
[2021-02-07T19:24:33.487-0800][gc           ] GC(2) Concurrent Cycle 11.842ms
[2021-02-07T19:24:34.559-0800][gc,start     ] GC(3) Pause Young (Normal) (G1 Evacuation Pause)
[2021-02-07T19:24:34.559-0800][gc,task      ] GC(3) Using 8 workers of 8 for evacuation
[2021-02-07T19:24:34.564-0800][gc,phases    ] GC(3)   Pre Evacuate Collection Set: 0.2ms
[2021-02-07T19:24:34.564-0800][gc,phases    ] GC(3)   Merge Heap Roots: 0.1ms
[2021-02-07T19:24:34.564-0800][gc,phases    ] GC(3)   Evacuate Collection Set: 2.6ms
[2021-02-07T19:24:34.564-0800][gc,phases    ] GC(3)   Post Evacuate Collection Set: 1.2ms
[2021-02-07T19:24:34.564-0800][gc,phases    ] GC(3)   Other: 0.1ms
[2021-02-07T19:24:34.564-0800][gc,heap      ] GC(3) Eden regions: 49->0(47)
[2021-02-07T19:24:34.564-0800][gc,heap      ] GC(3) Survivor regions: 2->4(7)
[2021-02-07T19:24:34.564-0800][gc,heap      ] GC(3) Old regions: 7->7
[2021-02-07T19:24:34.564-0800][gc,heap      ] GC(3) Archive regions: 2->2
[2021-02-07T19:24:34.564-0800][gc,heap      ] GC(3) Humongous regions: 129->129
[2021-02-07T19:24:34.564-0800][gc,metaspace ] GC(3) Metaspace: 28797K(29824K)->28797K(29824K) NonClass: 25469K(26112K)->25469K(26112K) Class: 3327K(3712K)->3327K(3712K)
[2021-02-07T19:24:34.564-0800][gc           ] GC(3) Pause Young (Normal) (G1 Evacuation Pause) 185M->139M(1024M) 4.295ms
[2021-02-07T19:24:34.564-0800][gc,cpu       ] GC(3) User=0.02s Sys=0.00s Real=0.00s
[2021-02-07T19:24:34.925-0800][gc,start     ] GC(4) Pause Young (Concurrent Start) (Metadata GC Threshold)
[2021-02-07T19:24:34.925-0800][gc,task      ] GC(4) Using 8 workers of 8 for evacuation
[2021-02-07T19:24:34.931-0800][gc,phases    ] GC(4)   Pre Evacuate Collection Set: 0.3ms
[2021-02-07T19:24:34.931-0800][gc,phases    ] GC(4)   Merge Heap Roots: 0.2ms
[2021-02-07T19:24:34.931-0800][gc,phases    ] GC(4)   Evacuate Collection Set: 5.0ms
[2021-02-07T19:24:34.931-0800][gc,phases    ] GC(4)   Post Evacuate Collection Set: 0.9ms
[2021-02-07T19:24:34.931-0800][gc,phases    ] GC(4)   Other: 0.2ms
[2021-02-07T19:24:34.931-0800][gc,heap      ] GC(4) Eden regions: 29->0(45)
[2021-02-07T19:24:34.931-0800][gc,heap      ] GC(4) Survivor regions: 4->6(7)
[2021-02-07T19:24:34.931-0800][gc,heap      ] GC(4) Old regions: 7->7
[2021-02-07T19:24:34.931-0800][gc,heap      ] GC(4) Archive regions: 2->2
[2021-02-07T19:24:34.931-0800][gc,heap      ] GC(4) Humongous regions: 129->129
[2021-02-07T19:24:34.931-0800][gc,metaspace ] GC(4) Metaspace: 34725K(35920K)->34725K(35920K) NonClass: 30756K(31440K)->30756K(31440K) Class: 3968K(4480K)->3968K(4480K)
[2021-02-07T19:24:34.931-0800][gc           ] GC(4) Pause Young (Concurrent Start) (Metadata GC Threshold) 168M->142M(1024M) 6.600ms
[2021-02-07T19:24:34.931-0800][gc,cpu       ] GC(4) User=0.03s Sys=0.00s Real=0.00s
[2021-02-07T19:24:34.931-0800][gc           ] GC(5) Concurrent Cycle
[2021-02-07T19:24:34.931-0800][gc,marking   ] GC(5) Concurrent Clear Claimed Marks
[2021-02-07T19:24:34.931-0800][gc,marking   ] GC(5) Concurrent Clear Claimed Marks 0.077ms
[2021-02-07T19:24:34.931-0800][gc,marking   ] GC(5) Concurrent Scan Root Regions
[2021-02-07T19:24:34.935-0800][gc,marking   ] GC(5) Concurrent Scan Root Regions 3.589ms
[2021-02-07T19:24:34.935-0800][gc,marking   ] GC(5) Concurrent Mark (2.778s)
[2021-02-07T19:24:34.935-0800][gc,marking   ] GC(5) Concurrent Mark From Roots
[2021-02-07T19:24:34.935-0800][gc,task      ] GC(5) Using 2 workers of 2 for marking
[2021-02-07T19:24:34.967-0800][gc,marking   ] GC(5) Concurrent Mark From Roots 32.406ms
[2021-02-07T19:24:34.967-0800][gc,marking   ] GC(5) Concurrent Preclean
[2021-02-07T19:24:34.968-0800][gc,marking   ] GC(5) Concurrent Preclean 0.223ms
[2021-02-07T19:24:34.968-0800][gc,marking   ] GC(5) Concurrent Mark (2.778s, 2.811s) 32.802ms
[2021-02-07T19:24:34.968-0800][gc,start     ] GC(5) Pause Remark
[2021-02-07T19:24:34.990-0800][gc,mmu       ] GC(5) MMU target violated: 21.0ms (20.0ms/21.0ms)
[2021-02-07T19:24:34.990-0800][gc           ] GC(5) Pause Remark 144M->144M(1024M) 21.424ms
[2021-02-07T19:24:34.990-0800][gc,cpu       ] GC(5) User=0.06s Sys=0.00s Real=0.02s
[2021-02-07T19:24:34.990-0800][gc,marking   ] GC(5) Concurrent Rebuild Remembered Sets
[2021-02-07T19:24:34.996-0800][gc,marking   ] GC(5) Concurrent Rebuild Remembered Sets 5.399ms
[2021-02-07T19:24:35.000-0800][gc,start     ] GC(5) Pause Cleanup
[2021-02-07T19:24:35.001-0800][gc           ] GC(5) Pause Cleanup 144M->144M(1024M) 0.413ms
[2021-02-07T19:24:35.001-0800][gc,cpu       ] GC(5) User=0.00s Sys=0.00s Real=0.00s
[2021-02-07T19:24:35.001-0800][gc,marking   ] GC(5) Concurrent Cleanup for Next Mark
[2021-02-07T19:24:35.009-0800][gc,marking   ] GC(5) Concurrent Cleanup for Next Mark 8.408ms
[2021-02-07T19:24:35.010-0800][gc           ] GC(5) Concurrent Cycle 78.283ms
[2021-02-07T19:24:35.785-0800][gc,start     ] GC(6) Pause Young (Concurrent Start) (G1 Evacuation Pause)
[2021-02-07T19:24:35.785-0800][gc,task      ] GC(6) Using 8 workers of 8 for evacuation
[2021-02-07T19:24:35.794-0800][gc,phases    ] GC(6)   Pre Evacuate Collection Set: 0.3ms
[2021-02-07T19:24:35.794-0800][gc,phases    ] GC(6)   Merge Heap Roots: 0.1ms
[2021-02-07T19:24:35.794-0800][gc,phases    ] GC(6)   Evacuate Collection Set: 6.2ms
[2021-02-07T19:24:35.794-0800][gc,phases    ] GC(6)   Post Evacuate Collection Set: 1.5ms
[2021-02-07T19:24:35.794-0800][gc,phases    ] GC(6)   Other: 0.2ms
[2021-02-07T19:24:35.794-0800][gc,heap      ] GC(6) Eden regions: 45->0(47)
[2021-02-07T19:24:35.794-0800][gc,heap      ] GC(6) Survivor regions: 6->4(7)
[2021-02-07T19:24:35.794-0800][gc,heap      ] GC(6) Old regions: 7->10
[2021-02-07T19:24:35.794-0800][gc,heap      ] GC(6) Archive regions: 2->2
[2021-02-07T19:24:35.794-0800][gc,heap      ] GC(6) Humongous regions: 213->135
[2021-02-07T19:24:35.794-0800][gc,metaspace ] GC(6) Metaspace: 37319K(38812K)->37319K(38812K) NonClass: 32902K(33692K)->32902K(33692K) Class: 4416K(5120K)->4416K(5120K)
[2021-02-07T19:24:35.794-0800][gc           ] GC(6) Pause Young (Concurrent Start) (G1 Evacuation Pause) 271M->148M(1024M) 8.512ms
[2021-02-07T19:24:35.794-0800][gc,cpu       ] GC(6) User=0.02s Sys=0.00s Real=0.00s
[2021-02-07T19:24:35.794-0800][gc           ] GC(7) Concurrent Cycle
[2021-02-07T19:24:35.794-0800][gc,marking   ] GC(7) Concurrent Clear Claimed Marks
[2021-02-07T19:24:35.794-0800][gc,marking   ] GC(7) Concurrent Clear Claimed Marks 0.120ms
[2021-02-07T19:24:35.794-0800][gc,marking   ] GC(7) Concurrent Scan Root Regions
[2021-02-07T19:24:35.803-0800][gc,marking   ] GC(7) Concurrent Scan Root Regions 8.357ms
[2021-02-07T19:24:35.803-0800][gc,marking   ] GC(7) Concurrent Mark (3.645s)
[2021-02-07T19:24:35.803-0800][gc,marking   ] GC(7) Concurrent Mark From Roots
[2021-02-07T19:24:35.803-0800][gc,task      ] GC(7) Using 2 workers of 2 for marking
[2021-02-07T19:24:35.818-0800][gc,marking   ] GC(7) Concurrent Mark From Roots 15.127ms
[2021-02-07T19:24:35.818-0800][gc,marking   ] GC(7) Concurrent Preclean
[2021-02-07T19:24:35.818-0800][gc,marking   ] GC(7) Concurrent Preclean 0.201ms
[2021-02-07T19:24:35.818-0800][gc,marking   ] GC(7) Concurrent Mark (3.645s, 3.661s) 15.385ms
[2021-02-07T19:24:35.818-0800][gc,start     ] GC(7) Pause Remark
[2021-02-07T19:24:35.821-0800][gc           ] GC(7) Pause Remark 156M->156M(1024M) 2.322ms
[2021-02-07T19:24:35.821-0800][gc,cpu       ] GC(7) User=0.01s Sys=0.00s Real=0.00s
[2021-02-07T19:24:35.821-0800][gc,marking   ] GC(7) Concurrent Rebuild Remembered Sets
[2021-02-07T19:24:35.828-0800][gc,marking   ] GC(7) Concurrent Rebuild Remembered Sets 7.144ms
[2021-02-07T19:24:35.829-0800][gc,start     ] GC(7) Pause Cleanup
[2021-02-07T19:24:35.829-0800][gc           ] GC(7) Pause Cleanup 161M->161M(1024M) 0.249ms
[2021-02-07T19:24:35.829-0800][gc,cpu       ] GC(7) User=0.00s Sys=0.00s Real=0.00s
[2021-02-07T19:24:35.829-0800][gc,marking   ] GC(7) Concurrent Cleanup for Next Mark
[2021-02-07T19:24:35.830-0800][gc,marking   ] GC(7) Concurrent Cleanup for Next Mark 0.913ms
[2021-02-07T19:24:35.830-0800][gc           ] GC(7) Concurrent Cycle 35.921ms
[2021-02-07T19:25:39.506-0800][gc,heap,exit ] Heap
[2021-02-07T19:25:39.506-0800][gc,heap,exit ]  garbage-first heap   total 1048576K, used 205728K [0x00000000c0000000, 0x0000000100000000)
[2021-02-07T19:25:39.506-0800][gc,heap,exit ]   region size 1024K, 45 young (46080K), 4 survivors (4096K)
[2021-02-07T19:25:39.506-0800][gc,heap,exit ]  Metaspace       used 38587K, capacity 40243K, committed 40476K, reserved 1085440K
[2021-02-07T19:25:39.506-0800][gc,heap,exit ]   class space    used 4687K, capacity 5454K, committed 5504K, reserved 1048576K
