[2021-02-04T02:36:52.206-0800][gc,heap] Heap region size: 1M
[2021-02-04T02:36:52.206-0800][gc,heap,coops] Heap address: 0x00000000c0000000, size: 1024 MB, Compressed Oops mode: 32-bit
[2021-02-04T02:36:52.213-0800][gc           ] Using G1
[2021-02-04T02:36:52.213-0800][gc,cds       ] Mark closed archive regions in map: [0x00000000fff00000, 0x00000000fff7eff8]
[2021-02-04T02:36:52.213-0800][gc,cds       ] Mark open archive regions in map: [0x00000000ffe00000, 0x00000000ffe51ff8]
[2021-02-04T02:36:52.226-0800][gc           ] Periodic GC disabled
[2021-02-04T02:36:53.030-0800][gc,start     ] GC(0) Pause Young (Normal) (G1 Evacuation Pause)
[2021-02-04T02:36:53.031-0800][gc,task      ] GC(0) Using 8 workers of 8 for evacuation
[2021-02-04T02:36:53.038-0800][gc,phases    ] GC(0)   Pre Evacuate Collection Set: 0.2ms
[2021-02-04T02:36:53.038-0800][gc,phases    ] GC(0)   Merge Heap Roots: 0.2ms
[2021-02-04T02:36:53.038-0800][gc,phases    ] GC(0)   Evacuate Collection Set: 5.7ms
[2021-02-04T02:36:53.038-0800][gc,phases    ] GC(0)   Post Evacuate Collection Set: 0.9ms
[2021-02-04T02:36:53.038-0800][gc,phases    ] GC(0)   Other: 1.4ms
[2021-02-04T02:36:53.038-0800][gc,heap      ] GC(0) Eden regions: 51->0(44)
[2021-02-04T02:36:53.038-0800][gc,heap      ] GC(0) Survivor regions: 0->7(7)
[2021-02-04T02:36:53.038-0800][gc,heap      ] GC(0) Old regions: 0->0
[2021-02-04T02:36:53.038-0800][gc,heap      ] GC(0) Archive regions: 2->2
[2021-02-04T02:36:53.039-0800][gc,heap      ] GC(0) Humongous regions: 0->0
[2021-02-04T02:36:53.039-0800][gc,metaspace ] GC(0) Metaspace: 15045K(15616K)->15045K(15616K) NonClass: 13159K(13568K)->13159K(13568K) Class: 1885K(2048K)->1885K(2048K)
[2021-02-04T02:36:53.039-0800][gc           ] GC(0) Pause Young (Normal) (G1 Evacuation Pause) 51M->6M(1024M) 8.526ms
[2021-02-04T02:36:53.039-0800][gc,cpu       ] GC(0) User=0.05s Sys=0.01s Real=0.01s
[2021-02-04T02:36:53.272-0800][gc,start     ] GC(1) Pause Young (Concurrent Start) (Metadata GC Threshold)
[2021-02-04T02:36:53.272-0800][gc,task      ] GC(1) Using 8 workers of 8 for evacuation
[2021-02-04T02:36:53.282-0800][gc,phases    ] GC(1)   Pre Evacuate Collection Set: 0.2ms
[2021-02-04T02:36:53.282-0800][gc,phases    ] GC(1)   Merge Heap Roots: 0.1ms
[2021-02-04T02:36:53.282-0800][gc,phases    ] GC(1)   Evacuate Collection Set: 7.9ms
[2021-02-04T02:36:53.282-0800][gc,phases    ] GC(1)   Post Evacuate Collection Set: 1.2ms
[2021-02-04T02:36:53.282-0800][gc,phases    ] GC(1)   Other: 0.2ms
[2021-02-04T02:36:53.282-0800][gc,heap      ] GC(1) Eden regions: 24->0(50)
[2021-02-04T02:36:53.282-0800][gc,heap      ] GC(1) Survivor regions: 7->1(7)
[2021-02-04T02:36:53.282-0800][gc,heap      ] GC(1) Old regions: 0->7
[2021-02-04T02:36:53.282-0800][gc,heap      ] GC(1) Archive regions: 2->2
[2021-02-04T02:36:53.282-0800][gc,heap      ] GC(1) Humongous regions: 0->0
[2021-02-04T02:36:53.282-0800][gc,metaspace ] GC(1) Metaspace: 20562K(21248K)->20562K(21248K) NonClass: 18020K(18432K)->18020K(18432K) Class: 2541K(2816K)->2541K(2816K)
[2021-02-04T02:36:53.282-0800][gc           ] GC(1) Pause Young (Concurrent Start) (Metadata GC Threshold) 30M->7M(1024M) 9.658ms
[2021-02-04T02:36:53.282-0800][gc,cpu       ] GC(1) User=0.03s Sys=0.03s Real=0.01s
[2021-02-04T02:36:53.282-0800][gc           ] GC(2) Concurrent Cycle
[2021-02-04T02:36:53.282-0800][gc,marking   ] GC(2) Concurrent Clear Claimed Marks
[2021-02-04T02:36:53.282-0800][gc,marking   ] GC(2) Concurrent Clear Claimed Marks 0.109ms
[2021-02-04T02:36:53.282-0800][gc,marking   ] GC(2) Concurrent Scan Root Regions
[2021-02-04T02:36:53.284-0800][gc,marking   ] GC(2) Concurrent Scan Root Regions 2.426ms
[2021-02-04T02:36:53.284-0800][gc,marking   ] GC(2) Concurrent Mark (1.081s)
[2021-02-04T02:36:53.284-0800][gc,marking   ] GC(2) Concurrent Mark From Roots
[2021-02-04T02:36:53.284-0800][gc,task      ] GC(2) Using 2 workers of 2 for marking
[2021-02-04T02:36:53.286-0800][gc,marking   ] GC(2) Concurrent Mark From Roots 1.219ms
[2021-02-04T02:36:53.286-0800][gc,marking   ] GC(2) Concurrent Preclean
[2021-02-04T02:36:53.286-0800][gc,marking   ] GC(2) Concurrent Preclean 0.106ms
[2021-02-04T02:36:53.286-0800][gc,marking   ] GC(2) Concurrent Mark (1.081s, 1.082s) 1.365ms
[2021-02-04T02:36:53.286-0800][gc,start     ] GC(2) Pause Remark
[2021-02-04T02:36:53.288-0800][gc           ] GC(2) Pause Remark 8M->8M(1024M) 1.597ms
[2021-02-04T02:36:53.288-0800][gc,cpu       ] GC(2) User=0.01s Sys=0.00s Real=0.00s
[2021-02-04T02:36:53.288-0800][gc,marking   ] GC(2) Concurrent Rebuild Remembered Sets
[2021-02-04T02:36:53.290-0800][gc,marking   ] GC(2) Concurrent Rebuild Remembered Sets 1.851ms
[2021-02-04T02:36:53.290-0800][gc,start     ] GC(2) Pause Cleanup
[2021-02-04T02:36:53.291-0800][gc           ] GC(2) Pause Cleanup 8M->8M(1024M) 0.296ms
[2021-02-04T02:36:53.291-0800][gc,cpu       ] GC(2) User=0.01s Sys=0.00s Real=0.00s
[2021-02-04T02:36:53.291-0800][gc,marking   ] GC(2) Concurrent Cleanup for Next Mark
[2021-02-04T02:36:53.293-0800][gc,marking   ] GC(2) Concurrent Cleanup for Next Mark 2.096ms
[2021-02-04T02:36:53.293-0800][gc           ] GC(2) Concurrent Cycle 11.234ms
[2021-02-04T02:36:54.327-0800][gc,start     ] GC(3) Pause Young (Normal) (G1 Evacuation Pause)
[2021-02-04T02:36:54.327-0800][gc,task      ] GC(3) Using 8 workers of 8 for evacuation
[2021-02-04T02:36:54.333-0800][gc,phases    ] GC(3)   Pre Evacuate Collection Set: 0.4ms
[2021-02-04T02:36:54.333-0800][gc,phases    ] GC(3)   Merge Heap Roots: 0.3ms
[2021-02-04T02:36:54.333-0800][gc,phases    ] GC(3)   Evacuate Collection Set: 3.9ms
[2021-02-04T02:36:54.333-0800][gc,phases    ] GC(3)   Post Evacuate Collection Set: 0.9ms
[2021-02-04T02:36:54.333-0800][gc,phases    ] GC(3)   Other: 0.2ms
[2021-02-04T02:36:54.333-0800][gc,heap      ] GC(3) Eden regions: 50->0(47)
[2021-02-04T02:36:54.333-0800][gc,heap      ] GC(3) Survivor regions: 1->4(7)
[2021-02-04T02:36:54.333-0800][gc,heap      ] GC(3) Old regions: 7->7
[2021-02-04T02:36:54.333-0800][gc,heap      ] GC(3) Archive regions: 2->2
[2021-02-04T02:36:54.333-0800][gc,heap      ] GC(3) Humongous regions: 129->129
[2021-02-04T02:36:54.333-0800][gc,metaspace ] GC(3) Metaspace: 28921K(29824K)->28921K(29824K) NonClass: 25574K(26112K)->25574K(26112K) Class: 3347K(3712K)->3347K(3712K)
[2021-02-04T02:36:54.333-0800][gc           ] GC(3) Pause Young (Normal) (G1 Evacuation Pause) 186M->139M(1024M) 5.771ms
[2021-02-04T02:36:54.333-0800][gc,cpu       ] GC(3) User=0.02s Sys=0.00s Real=0.00s
[2021-02-04T02:36:54.636-0800][gc,start     ] GC(4) Pause Young (Concurrent Start) (Metadata GC Threshold)
[2021-02-04T02:36:54.636-0800][gc,task      ] GC(4) Using 8 workers of 8 for evacuation
[2021-02-04T02:36:54.641-0800][gc,phases    ] GC(4)   Pre Evacuate Collection Set: 0.3ms
[2021-02-04T02:36:54.641-0800][gc,phases    ] GC(4)   Merge Heap Roots: 0.1ms
[2021-02-04T02:36:54.641-0800][gc,phases    ] GC(4)   Evacuate Collection Set: 3.9ms
[2021-02-04T02:36:54.641-0800][gc,phases    ] GC(4)   Post Evacuate Collection Set: 1.0ms
[2021-02-04T02:36:54.641-0800][gc,phases    ] GC(4)   Other: 0.2ms
[2021-02-04T02:36:54.642-0800][gc,heap      ] GC(4) Eden regions: 28->0(45)
[2021-02-04T02:36:54.642-0800][gc,heap      ] GC(4) Survivor regions: 4->6(7)
[2021-02-04T02:36:54.642-0800][gc,heap      ] GC(4) Old regions: 7->7
[2021-02-04T02:36:54.642-0800][gc,heap      ] GC(4) Archive regions: 2->2
[2021-02-04T02:36:54.642-0800][gc,heap      ] GC(4) Humongous regions: 129->129
[2021-02-04T02:36:54.642-0800][gc,metaspace ] GC(4) Metaspace: 34726K(35840K)->34726K(35840K) NonClass: 30766K(31360K)->30766K(31360K) Class: 3960K(4480K)->3960K(4480K)
[2021-02-04T02:36:54.642-0800][gc           ] GC(4) Pause Young (Concurrent Start) (Metadata GC Threshold) 167M->142M(1024M) 5.534ms
[2021-02-04T02:36:54.642-0800][gc,cpu       ] GC(4) User=0.03s Sys=0.00s Real=0.00s
[2021-02-04T02:36:54.642-0800][gc           ] GC(5) Concurrent Cycle
[2021-02-04T02:36:54.642-0800][gc,marking   ] GC(5) Concurrent Clear Claimed Marks
[2021-02-04T02:36:54.642-0800][gc,marking   ] GC(5) Concurrent Clear Claimed Marks 0.070ms
[2021-02-04T02:36:54.642-0800][gc,marking   ] GC(5) Concurrent Scan Root Regions
[2021-02-04T02:36:54.645-0800][gc,marking   ] GC(5) Concurrent Scan Root Regions 3.008ms
[2021-02-04T02:36:54.645-0800][gc,marking   ] GC(5) Concurrent Mark (2.441s)
[2021-02-04T02:36:54.645-0800][gc,marking   ] GC(5) Concurrent Mark From Roots
[2021-02-04T02:36:54.645-0800][gc,task      ] GC(5) Using 2 workers of 2 for marking
[2021-02-04T02:36:54.655-0800][gc,marking   ] GC(5) Concurrent Mark From Roots 9.744ms
[2021-02-04T02:36:54.655-0800][gc,marking   ] GC(5) Concurrent Preclean
[2021-02-04T02:36:54.655-0800][gc,marking   ] GC(5) Concurrent Preclean 0.159ms
[2021-02-04T02:36:54.655-0800][gc,marking   ] GC(5) Concurrent Mark (2.441s, 2.451s) 9.976ms
[2021-02-04T02:36:54.655-0800][gc,start     ] GC(5) Pause Remark
[2021-02-04T02:36:54.658-0800][gc           ] GC(5) Pause Remark 143M->143M(1024M) 2.449ms
[2021-02-04T02:36:54.658-0800][gc,cpu       ] GC(5) User=0.01s Sys=0.00s Real=0.00s
[2021-02-04T02:36:54.658-0800][gc,marking   ] GC(5) Concurrent Rebuild Remembered Sets
[2021-02-04T02:36:54.663-0800][gc,marking   ] GC(5) Concurrent Rebuild Remembered Sets 5.624ms
[2021-02-04T02:36:54.664-0800][gc,start     ] GC(5) Pause Cleanup
[2021-02-04T02:36:54.664-0800][gc           ] GC(5) Pause Cleanup 144M->144M(1024M) 0.259ms
[2021-02-04T02:36:54.664-0800][gc,cpu       ] GC(5) User=0.00s Sys=0.00s Real=0.00s
[2021-02-04T02:36:54.664-0800][gc,marking   ] GC(5) Concurrent Cleanup for Next Mark
[2021-02-04T02:36:54.669-0800][gc,marking   ] GC(5) Concurrent Cleanup for Next Mark 4.639ms
[2021-02-04T02:36:54.669-0800][gc           ] GC(5) Concurrent Cycle 27.530ms
[2021-02-04T02:37:55.391-0800][gc,start     ] GC(6) Pause Young (Normal) (G1 Evacuation Pause)
[2021-02-04T02:37:55.391-0800][gc,task      ] GC(6) Using 8 workers of 8 for evacuation
[2021-02-04T02:37:55.397-0800][gc,phases    ] GC(6)   Pre Evacuate Collection Set: 0.3ms
[2021-02-04T02:37:55.397-0800][gc,phases    ] GC(6)   Merge Heap Roots: 0.1ms
[2021-02-04T02:37:55.397-0800][gc,phases    ] GC(6)   Evacuate Collection Set: 4.9ms
[2021-02-04T02:37:55.397-0800][gc,phases    ] GC(6)   Post Evacuate Collection Set: 1.0ms
[2021-02-04T02:37:55.397-0800][gc,phases    ] GC(6)   Other: 0.1ms
[2021-02-04T02:37:55.397-0800][gc,heap      ] GC(6) Eden regions: 45->0(47)
[2021-02-04T02:37:55.397-0800][gc,heap      ] GC(6) Survivor regions: 6->4(7)
[2021-02-04T02:37:55.397-0800][gc,heap      ] GC(6) Old regions: 7->10
[2021-02-04T02:37:55.397-0800][gc,heap      ] GC(6) Archive regions: 2->2
[2021-02-04T02:37:55.398-0800][gc,heap      ] GC(6) Humongous regions: 195->129
[2021-02-04T02:37:55.398-0800][gc,metaspace ] GC(6) Metaspace: 39242K(41164K)->39242K(41164K) NonClass: 34540K(35584K)->34540K(35584K) Class: 4701K(5580K)->4701K(5580K)
[2021-02-04T02:37:55.398-0800][gc           ] GC(6) Pause Young (Normal) (G1 Evacuation Pause) 253M->143M(1024M) 6.555ms
[2021-02-04T02:37:55.398-0800][gc,cpu       ] GC(6) User=0.04s Sys=0.00s Real=0.01s
[2021-02-04T02:37:57.515-0800][gc,start     ] GC(7) Pause Young (Normal) (G1 Evacuation Pause)
[2021-02-04T02:37:57.515-0800][gc,task      ] GC(7) Using 8 workers of 8 for evacuation
[2021-02-04T02:37:57.521-0800][gc,phases    ] GC(7)   Pre Evacuate Collection Set: 0.2ms
[2021-02-04T02:37:57.521-0800][gc,phases    ] GC(7)   Merge Heap Roots: 0.1ms
[2021-02-04T02:37:57.521-0800][gc,phases    ] GC(7)   Evacuate Collection Set: 3.9ms
[2021-02-04T02:37:57.521-0800][gc,phases    ] GC(7)   Post Evacuate Collection Set: 1.1ms
[2021-02-04T02:37:57.521-0800][gc,phases    ] GC(7)   Other: 0.2ms
[2021-02-04T02:37:57.521-0800][gc,heap      ] GC(7) Eden regions: 47->0(47)
[2021-02-04T02:37:57.521-0800][gc,heap      ] GC(7) Survivor regions: 4->4(7)
[2021-02-04T02:37:57.521-0800][gc,heap      ] GC(7) Old regions: 10->13
[2021-02-04T02:37:57.521-0800][gc,heap      ] GC(7) Archive regions: 2->2
[2021-02-04T02:37:57.521-0800][gc,heap      ] GC(7) Humongous regions: 129->129
[2021-02-04T02:37:57.521-0800][gc,metaspace ] GC(7) Metaspace: 40581K(42700K)->40581K(42700K) NonClass: 35729K(36864K)->35729K(36864K) Class: 4852K(5836K)->4852K(5836K)
[2021-02-04T02:37:57.521-0800][gc           ] GC(7) Pause Young (Normal) (G1 Evacuation Pause) 190M->145M(1024M) 5.508ms
[2021-02-04T02:37:57.521-0800][gc,cpu       ] GC(7) User=0.03s Sys=0.01s Real=0.00s
[2021-02-04T02:38:00.141-0800][gc,start     ] GC(8) Pause Young (Normal) (G1 Evacuation Pause)
[2021-02-04T02:38:00.141-0800][gc,task      ] GC(8) Using 8 workers of 8 for evacuation
[2021-02-04T02:38:00.146-0800][gc,phases    ] GC(8)   Pre Evacuate Collection Set: 0.2ms
[2021-02-04T02:38:00.146-0800][gc,phases    ] GC(8)   Merge Heap Roots: 0.2ms
[2021-02-04T02:38:00.146-0800][gc,phases    ] GC(8)   Evacuate Collection Set: 2.9ms
[2021-02-04T02:38:00.146-0800][gc,phases    ] GC(8)   Post Evacuate Collection Set: 1.1ms
[2021-02-04T02:38:00.146-0800][gc,phases    ] GC(8)   Other: 0.2ms
[2021-02-04T02:38:00.146-0800][gc,heap      ] GC(8) Eden regions: 47->0(68)
[2021-02-04T02:38:00.146-0800][gc,heap      ] GC(8) Survivor regions: 4->3(7)
[2021-02-04T02:38:00.146-0800][gc,heap      ] GC(8) Old regions: 13->13
[2021-02-04T02:38:00.146-0800][gc,heap      ] GC(8) Archive regions: 2->2
[2021-02-04T02:38:00.146-0800][gc,heap      ] GC(8) Humongous regions: 129->129
[2021-02-04T02:38:00.146-0800][gc,metaspace ] GC(8) Metaspace: 40581K(42700K)->40581K(42700K) NonClass: 35729K(36864K)->35729K(36864K) Class: 4852K(5836K)->4852K(5836K)
[2021-02-04T02:38:00.146-0800][gc           ] GC(8) Pause Young (Normal) (G1 Evacuation Pause) 192M->145M(1024M) 4.692ms
[2021-02-04T02:38:00.146-0800][gc,cpu       ] GC(8) User=0.02s Sys=0.00s Real=0.01s
[2021-02-04T02:38:04.182-0800][gc,start     ] GC(9) Pause Young (Normal) (G1 Evacuation Pause)
[2021-02-04T02:38:04.182-0800][gc,task      ] GC(9) Using 8 workers of 8 for evacuation
[2021-02-04T02:38:04.188-0800][gc,phases    ] GC(9)   Pre Evacuate Collection Set: 0.2ms
[2021-02-04T02:38:04.188-0800][gc,phases    ] GC(9)   Merge Heap Roots: 0.2ms
[2021-02-04T02:38:04.188-0800][gc,phases    ] GC(9)   Evacuate Collection Set: 5.0ms
[2021-02-04T02:38:04.188-0800][gc,phases    ] GC(9)   Post Evacuate Collection Set: 0.9ms
[2021-02-04T02:38:04.188-0800][gc,phases    ] GC(9)   Other: 0.1ms
[2021-02-04T02:38:04.188-0800][gc,heap      ] GC(9) Eden regions: 68->0(195)
[2021-02-04T02:38:04.188-0800][gc,heap      ] GC(9) Survivor regions: 3->4(9)
[2021-02-04T02:38:04.188-0800][gc,heap      ] GC(9) Old regions: 13->13
[2021-02-04T02:38:04.188-0800][gc,heap      ] GC(9) Archive regions: 2->2
[2021-02-04T02:38:04.188-0800][gc,heap      ] GC(9) Humongous regions: 129->129
[2021-02-04T02:38:04.188-0800][gc,metaspace ] GC(9) Metaspace: 40585K(42700K)->40585K(42700K) NonClass: 35732K(36864K)->35732K(36864K) Class: 4852K(5836K)->4852K(5836K)
[2021-02-04T02:38:04.188-0800][gc           ] GC(9) Pause Young (Normal) (G1 Evacuation Pause) 213M->145M(1024M) 6.566ms
[2021-02-04T02:38:04.188-0800][gc,cpu       ] GC(9) User=0.00s Sys=0.04s Real=0.01s
[2021-02-04T02:38:20.830-0800][gc,start     ] GC(10) Pause Young (Normal) (G1 Evacuation Pause)
[2021-02-04T02:38:20.830-0800][gc,task      ] GC(10) Using 8 workers of 8 for evacuation
[2021-02-04T02:38:20.835-0800][gc,phases    ] GC(10)   Pre Evacuate Collection Set: 0.2ms
[2021-02-04T02:38:20.835-0800][gc,phases    ] GC(10)   Merge Heap Roots: 0.2ms
[2021-02-04T02:38:20.835-0800][gc,phases    ] GC(10)   Evacuate Collection Set: 3.9ms
[2021-02-04T02:38:20.835-0800][gc,phases    ] GC(10)   Post Evacuate Collection Set: 0.9ms
[2021-02-04T02:38:20.835-0800][gc,phases    ] GC(10)   Other: 0.2ms
[2021-02-04T02:38:20.835-0800][gc,heap      ] GC(10) Eden regions: 195->0(291)
[2021-02-04T02:38:20.835-0800][gc,heap      ] GC(10) Survivor regions: 4->4(25)
[2021-02-04T02:38:20.835-0800][gc,heap      ] GC(10) Old regions: 13->13
[2021-02-04T02:38:20.835-0800][gc,heap      ] GC(10) Archive regions: 2->2
[2021-02-04T02:38:20.835-0800][gc,heap      ] GC(10) Humongous regions: 129->129
[2021-02-04T02:38:20.835-0800][gc,metaspace ] GC(10) Metaspace: 40801K(42956K)->40801K(42956K) NonClass: 35949K(37120K)->35949K(37120K) Class: 4852K(5836K)->4852K(5836K)
[2021-02-04T02:38:20.835-0800][gc           ] GC(10) Pause Young (Normal) (G1 Evacuation Pause) 340M->145M(1024M) 5.443ms
[2021-02-04T02:38:20.835-0800][gc,cpu       ] GC(10) User=0.02s Sys=0.00s Real=0.01s
[2021-02-04T02:39:33.505-0800][gc,start     ] GC(11) Pause Young (Normal) (G1 Evacuation Pause)
[2021-02-04T02:39:33.505-0800][gc,task      ] GC(11) Using 8 workers of 8 for evacuation
[2021-02-04T02:39:33.511-0800][gc,phases    ] GC(11)   Pre Evacuate Collection Set: 0.2ms
[2021-02-04T02:39:33.511-0800][gc,phases    ] GC(11)   Merge Heap Roots: 0.1ms
[2021-02-04T02:39:33.511-0800][gc,phases    ] GC(11)   Evacuate Collection Set: 4.1ms
[2021-02-04T02:39:33.511-0800][gc,phases    ] GC(11)   Post Evacuate Collection Set: 1.1ms
[2021-02-04T02:39:33.511-0800][gc,phases    ] GC(11)   Other: 0.2ms
[2021-02-04T02:39:33.511-0800][gc,heap      ] GC(11) Eden regions: 291->0(588)
[2021-02-04T02:39:33.511-0800][gc,heap      ] GC(11) Survivor regions: 4->4(37)
[2021-02-04T02:39:33.511-0800][gc,heap      ] GC(11) Old regions: 13->13
[2021-02-04T02:39:33.511-0800][gc,heap      ] GC(11) Archive regions: 2->2
[2021-02-04T02:39:33.511-0800][gc,heap      ] GC(11) Humongous regions: 129->129
[2021-02-04T02:39:33.511-0800][gc,metaspace ] GC(11) Metaspace: 40903K(43212K)->40903K(43212K) NonClass: 36051K(37376K)->36051K(37376K) Class: 4852K(5836K)->4852K(5836K)
[2021-02-04T02:39:33.511-0800][gc           ] GC(11) Pause Young (Normal) (G1 Evacuation Pause) 436M->145M(1024M) 5.647ms
[2021-02-04T02:39:33.511-0800][gc,cpu       ] GC(11) User=0.02s Sys=0.01s Real=0.00s
[2021-02-04T03:11:31.852-0800][gc,start     ] GC(12) Pause Young (Normal) (G1 Evacuation Pause)
[2021-02-04T03:11:31.852-0800][gc,task      ] GC(12) Using 8 workers of 8 for evacuation
[2021-02-04T03:11:31.857-0800][gc,phases    ] GC(12)   Pre Evacuate Collection Set: 0.2ms
[2021-02-04T03:11:31.857-0800][gc,phases    ] GC(12)   Merge Heap Roots: 0.2ms
[2021-02-04T03:11:31.857-0800][gc,phases    ] GC(12)   Evacuate Collection Set: 3.6ms
[2021-02-04T03:11:31.857-0800][gc,phases    ] GC(12)   Post Evacuate Collection Set: 1.1ms
[2021-02-04T03:11:31.857-0800][gc,phases    ] GC(12)   Other: 0.2ms
[2021-02-04T03:11:31.857-0800][gc,heap      ] GC(12) Eden regions: 588->0(610)
[2021-02-04T03:11:31.857-0800][gc,heap      ] GC(12) Survivor regions: 4->4(74)
[2021-02-04T03:11:31.857-0800][gc,heap      ] GC(12) Old regions: 13->13
[2021-02-04T03:11:31.857-0800][gc,heap      ] GC(12) Archive regions: 2->2
[2021-02-04T03:11:31.857-0800][gc,heap      ] GC(12) Humongous regions: 129->129
[2021-02-04T03:11:31.857-0800][gc,metaspace ] GC(12) Metaspace: 41626K(43852K)->41626K(43852K) NonClass: 36688K(37888K)->36688K(37888K) Class: 4937K(5964K)->4937K(5964K)
[2021-02-04T03:11:31.857-0800][gc           ] GC(12) Pause Young (Normal) (G1 Evacuation Pause) 733M->145M(1024M) 5.393ms
[2021-02-04T03:11:31.857-0800][gc,cpu       ] GC(12) User=0.03s Sys=0.00s Real=0.01s
[2021-02-04T03:12:53.232-0800][gc,start     ] GC(13) Pause Young (Normal) (G1 Evacuation Pause)
[2021-02-04T03:12:53.232-0800][gc,task      ] GC(13) Using 8 workers of 8 for evacuation
[2021-02-04T03:12:53.239-0800][gc,phases    ] GC(13)   Pre Evacuate Collection Set: 0.2ms
[2021-02-04T03:12:53.239-0800][gc,phases    ] GC(13)   Merge Heap Roots: 0.1ms
[2021-02-04T03:12:53.239-0800][gc,phases    ] GC(13)   Evacuate Collection Set: 5.4ms
[2021-02-04T03:12:53.239-0800][gc,phases    ] GC(13)   Post Evacuate Collection Set: 1.6ms
[2021-02-04T03:12:53.239-0800][gc,phases    ] GC(13)   Other: 0.2ms
[2021-02-04T03:12:53.239-0800][gc,heap      ] GC(13) Eden regions: 610->0(610)
[2021-02-04T03:12:53.239-0800][gc,heap      ] GC(13) Survivor regions: 4->4(77)
[2021-02-04T03:12:53.239-0800][gc,heap      ] GC(13) Old regions: 13->13
[2021-02-04T03:12:53.239-0800][gc,heap      ] GC(13) Archive regions: 2->2
[2021-02-04T03:12:53.239-0800][gc,heap      ] GC(13) Humongous regions: 129->129
[2021-02-04T03:12:53.239-0800][gc,metaspace ] GC(13) Metaspace: 41692K(43852K)->41692K(43852K) NonClass: 36747K(37888K)->36747K(37888K) Class: 4945K(5964K)->4945K(5964K)
[2021-02-04T03:12:53.240-0800][gc           ] GC(13) Pause Young (Normal) (G1 Evacuation Pause) 755M->146M(1024M) 7.571ms
[2021-02-04T03:12:53.240-0800][gc,cpu       ] GC(13) User=0.00s Sys=0.04s Real=0.01s
[2021-02-04T03:41:06.671-0800][gc,start     ] GC(14) Pause Young (Normal) (G1 Evacuation Pause)
[2021-02-04T03:41:06.671-0800][gc,task      ] GC(14) Using 8 workers of 8 for evacuation
[2021-02-04T03:41:06.698-0800][gc,mmu       ] GC(14) MMU target violated: 21.0ms (20.0ms/21.0ms)
[2021-02-04T03:41:06.698-0800][gc,phases    ] GC(14)   Pre Evacuate Collection Set: 1.4ms
[2021-02-04T03:41:06.698-0800][gc,phases    ] GC(14)   Merge Heap Roots: 1.1ms
[2021-02-04T03:41:06.698-0800][gc,phases    ] GC(14)   Evacuate Collection Set: 17.9ms
[2021-02-04T03:41:06.698-0800][gc,phases    ] GC(14)   Post Evacuate Collection Set: 6.1ms
[2021-02-04T03:41:06.698-0800][gc,phases    ] GC(14)   Other: 0.7ms
[2021-02-04T03:41:06.698-0800][gc,heap      ] GC(14) Eden regions: 610->0(609)
[2021-02-04T03:41:06.698-0800][gc,heap      ] GC(14) Survivor regions: 4->5(77)
[2021-02-04T03:41:06.698-0800][gc,heap      ] GC(14) Old regions: 13->13
[2021-02-04T03:41:06.698-0800][gc,heap      ] GC(14) Archive regions: 2->2
[2021-02-04T03:41:06.698-0800][gc,heap      ] GC(14) Humongous regions: 129->129
[2021-02-04T03:41:06.698-0800][gc,metaspace ] GC(14) Metaspace: 42076K(44364K)->42076K(44364K) NonClass: 37115K(38400K)->37115K(38400K) Class: 4960K(5964K)->4960K(5964K)
[2021-02-04T03:41:06.698-0800][gc           ] GC(14) Pause Young (Normal) (G1 Evacuation Pause) 756M->146M(1024M) 27.485ms
[2021-02-04T03:41:06.698-0800][gc,cpu       ] GC(14) User=0.13s Sys=0.02s Real=0.03s
[2021-02-04T04:12:29.725-0800][gc,start     ] GC(15) Pause Young (Normal) (G1 Evacuation Pause)
[2021-02-04T04:12:29.725-0800][gc,task      ] GC(15) Using 8 workers of 8 for evacuation
[2021-02-04T04:12:29.737-0800][gc,phases    ] GC(15)   Pre Evacuate Collection Set: 0.4ms
[2021-02-04T04:12:29.737-0800][gc,phases    ] GC(15)   Merge Heap Roots: 0.4ms
[2021-02-04T04:12:29.737-0800][gc,phases    ] GC(15)   Evacuate Collection Set: 7.6ms
[2021-02-04T04:12:29.737-0800][gc,phases    ] GC(15)   Post Evacuate Collection Set: 3.3ms
[2021-02-04T04:12:29.737-0800][gc,phases    ] GC(15)   Other: 0.3ms
[2021-02-04T04:12:29.737-0800][gc,heap      ] GC(15) Eden regions: 609->0(609)
[2021-02-04T04:12:29.737-0800][gc,heap      ] GC(15) Survivor regions: 5->5(77)
[2021-02-04T04:12:29.737-0800][gc,heap      ] GC(15) Old regions: 13->13
[2021-02-04T04:12:29.737-0800][gc,heap      ] GC(15) Archive regions: 2->2
[2021-02-04T04:12:29.737-0800][gc,heap      ] GC(15) Humongous regions: 129->129
[2021-02-04T04:12:29.737-0800][gc,metaspace ] GC(15) Metaspace: 42122K(44364K)->42122K(44364K) NonClass: 37161K(38400K)->37161K(38400K) Class: 4960K(5964K)->4960K(5964K)
[2021-02-04T04:12:29.737-0800][gc           ] GC(15) Pause Young (Normal) (G1 Evacuation Pause) 755M->146M(1024M) 12.069ms
[2021-02-04T04:12:29.737-0800][gc,cpu       ] GC(15) User=0.03s Sys=0.04s Real=0.01s
[2021-02-04T13:41:09.769-0800][gc,start     ] GC(16) Pause Young (Normal) (G1 Evacuation Pause)
[2021-02-04T13:41:09.769-0800][gc,task      ] GC(16) Using 8 workers of 8 for evacuation
[2021-02-04T13:41:09.790-0800][gc,mmu       ] GC(16) MMU target violated: 21.0ms (20.0ms/21.0ms)
[2021-02-04T13:41:09.790-0800][gc,phases    ] GC(16)   Pre Evacuate Collection Set: 0.8ms
[2021-02-04T13:41:09.790-0800][gc,phases    ] GC(16)   Merge Heap Roots: 0.6ms
[2021-02-04T13:41:09.790-0800][gc,phases    ] GC(16)   Evacuate Collection Set: 16.0ms
[2021-02-04T13:41:09.790-0800][gc,phases    ] GC(16)   Post Evacuate Collection Set: 3.7ms
[2021-02-04T13:41:09.790-0800][gc,phases    ] GC(16)   Other: 0.6ms
[2021-02-04T13:41:09.790-0800][gc,heap      ] GC(16) Eden regions: 609->0(608)
[2021-02-04T13:41:09.790-0800][gc,heap      ] GC(16) Survivor regions: 5->6(77)
[2021-02-04T13:41:09.790-0800][gc,heap      ] GC(16) Old regions: 13->13
[2021-02-04T13:41:09.790-0800][gc,heap      ] GC(16) Archive regions: 2->2
[2021-02-04T13:41:09.790-0800][gc,heap      ] GC(16) Humongous regions: 129->129
[2021-02-04T13:41:09.790-0800][gc,metaspace ] GC(16) Metaspace: 42566K(44876K)->42566K(44876K) NonClass: 37570K(38912K)->37570K(38912K) Class: 4996K(5964K)->4996K(5964K)
[2021-02-04T13:41:09.790-0800][gc           ] GC(16) Pause Young (Normal) (G1 Evacuation Pause) 755M->147M(1024M) 21.705ms
[2021-02-04T13:41:09.790-0800][gc,cpu       ] GC(16) User=0.12s Sys=0.00s Real=0.02s
[2021-02-04T13:57:22.156-0800][gc,start     ] GC(17) Pause Young (Normal) (G1 Evacuation Pause)
[2021-02-04T13:57:22.156-0800][gc,task      ] GC(17) Using 8 workers of 8 for evacuation
[2021-02-04T13:57:22.181-0800][gc,mmu       ] GC(17) MMU target violated: 21.0ms (20.0ms/21.0ms)
[2021-02-04T13:57:22.181-0800][gc,phases    ] GC(17)   Pre Evacuate Collection Set: 0.8ms
[2021-02-04T13:57:22.181-0800][gc,phases    ] GC(17)   Merge Heap Roots: 0.7ms
[2021-02-04T13:57:22.181-0800][gc,phases    ] GC(17)   Evacuate Collection Set: 15.3ms
[2021-02-04T13:57:22.181-0800][gc,phases    ] GC(17)   Post Evacuate Collection Set: 7.6ms
[2021-02-04T13:57:22.182-0800][gc,phases    ] GC(17)   Other: 0.8ms
[2021-02-04T13:57:22.182-0800][gc,heap      ] GC(17) Eden regions: 608->0(545)
[2021-02-04T13:57:22.182-0800][gc,heap      ] GC(17) Survivor regions: 6->6(77)
[2021-02-04T13:57:22.182-0800][gc,heap      ] GC(17) Old regions: 13->13
[2021-02-04T13:57:22.182-0800][gc,heap      ] GC(17) Archive regions: 2->2
[2021-02-04T13:57:22.182-0800][gc,heap      ] GC(17) Humongous regions: 129->129
[2021-02-04T13:57:22.182-0800][gc,metaspace ] GC(17) Metaspace: 42639K(44876K)->42639K(44876K) NonClass: 37642K(38912K)->37642K(38912K) Class: 4997K(5964K)->4997K(5964K)
[2021-02-04T13:57:22.182-0800][gc           ] GC(17) Pause Young (Normal) (G1 Evacuation Pause) 755M->147M(1024M) 25.526ms
[2021-02-04T13:57:22.182-0800][gc,cpu       ] GC(17) User=0.13s Sys=0.02s Real=0.02s
[2021-02-04T21:07:54.050-0800][gc,start     ] GC(18) Pause Young (Normal) (G1 Evacuation Pause)
[2021-02-04T21:07:54.050-0800][gc,task      ] GC(18) Using 8 workers of 8 for evacuation
[2021-02-04T21:07:54.056-0800][gc,phases    ] GC(18)   Pre Evacuate Collection Set: 0.2ms
[2021-02-04T21:07:54.056-0800][gc,phases    ] GC(18)   Merge Heap Roots: 0.2ms
[2021-02-04T21:07:54.056-0800][gc,phases    ] GC(18)   Evacuate Collection Set: 3.8ms
[2021-02-04T21:07:54.056-0800][gc,phases    ] GC(18)   Post Evacuate Collection Set: 1.7ms
[2021-02-04T21:07:54.056-0800][gc,phases    ] GC(18)   Other: 0.2ms
[2021-02-04T21:07:54.056-0800][gc,heap      ] GC(18) Eden regions: 545->0(608)
[2021-02-04T21:07:54.056-0800][gc,heap      ] GC(18) Survivor regions: 6->6(69)
[2021-02-04T21:07:54.056-0800][gc,heap      ] GC(18) Old regions: 13->13
[2021-02-04T21:07:54.056-0800][gc,heap      ] GC(18) Archive regions: 2->2
[2021-02-04T21:07:54.056-0800][gc,heap      ] GC(18) Humongous regions: 129->129
[2021-02-04T21:07:54.056-0800][gc,metaspace ] GC(18) Metaspace: 42692K(45132K)->42692K(45132K) NonClass: 37695K(39168K)->37695K(39168K) Class: 4997K(5964K)->4997K(5964K)
[2021-02-04T21:07:54.056-0800][gc           ] GC(18) Pause Young (Normal) (G1 Evacuation Pause) 692M->147M(1024M) 6.064ms
[2021-02-04T21:07:54.057-0800][gc,cpu       ] GC(18) User=0.02s Sys=0.01s Real=0.00s
[2021-02-04T21:21:43.104-0800][gc,start     ] GC(19) Pause Young (Normal) (G1 Evacuation Pause)
[2021-02-04T21:21:43.104-0800][gc,task      ] GC(19) Using 8 workers of 8 for evacuation
[2021-02-04T21:21:43.110-0800][gc,phases    ] GC(19)   Pre Evacuate Collection Set: 0.2ms
[2021-02-04T21:21:43.110-0800][gc,phases    ] GC(19)   Merge Heap Roots: 0.1ms
[2021-02-04T21:21:43.110-0800][gc,phases    ] GC(19)   Evacuate Collection Set: 3.6ms
[2021-02-04T21:21:43.110-0800][gc,phases    ] GC(19)   Post Evacuate Collection Set: 1.5ms
[2021-02-04T21:21:43.110-0800][gc,phases    ] GC(19)   Other: 0.2ms
[2021-02-04T21:21:43.110-0800][gc,heap      ] GC(19) Eden regions: 608->0(608)
[2021-02-04T21:21:43.110-0800][gc,heap      ] GC(19) Survivor regions: 6->6(77)
[2021-02-04T21:21:43.110-0800][gc,heap      ] GC(19) Old regions: 13->13
[2021-02-04T21:21:43.110-0800][gc,heap      ] GC(19) Archive regions: 2->2
[2021-02-04T21:21:43.110-0800][gc,heap      ] GC(19) Humongous regions: 129->129
[2021-02-04T21:21:43.110-0800][gc,metaspace ] GC(19) Metaspace: 42696K(45132K)->42696K(45132K) NonClass: 37699K(39168K)->37699K(39168K) Class: 4997K(5964K)->4997K(5964K)
[2021-02-04T21:21:43.110-0800][gc           ] GC(19) Pause Young (Normal) (G1 Evacuation Pause) 755M->147M(1024M) 5.777ms
[2021-02-04T21:21:43.110-0800][gc,cpu       ] GC(19) User=0.01s Sys=0.02s Real=0.00s
[2021-02-05T22:16:26.079-0800][gc,heap,exit ] Heap
[2021-02-05T22:16:26.079-0800][gc,heap,exit ]  garbage-first heap   total 1048576K, used 492816K [0x00000000c0000000, 0x0000000100000000)
[2021-02-05T22:16:26.079-0800][gc,heap,exit ]   region size 1024K, 342 young (350208K), 6 survivors (6144K)
[2021-02-05T22:16:26.079-0800][gc,heap,exit ]  Metaspace       used 43379K, capacity 45743K, committed 45900K, reserved 1089536K
[2021-02-05T22:16:26.079-0800][gc,heap,exit ]   class space    used 5169K, capacity 6179K, committed 6220K, reserved 1048576K
