[2021-01-31T12:22:52.202-0800][gc,heap] Heap region size: 1M
[2021-01-31T12:22:52.202-0800][gc,heap,coops] Heap address: 0x00000000e0000000, size: 512 MB, Compressed Oops mode: 32-bit
[2021-01-31T12:22:52.206-0800][gc           ] Using G1
[2021-01-31T12:22:52.206-0800][gc,cds       ] Mark closed archive regions in map: [0x00000000fff00000, 0x00000000fff7eff8]
[2021-01-31T12:22:52.206-0800][gc,cds       ] Mark open archive regions in map: [0x00000000ffe00000, 0x00000000ffe51ff8]
[2021-01-31T12:22:52.220-0800][gc           ] Periodic GC disabled
[2021-01-31T12:22:52.541-0800][gc,heap,exit ] Heap
[2021-01-31T12:22:52.541-0800][gc,heap,exit ]  garbage-first heap   total 524288K, used 18244K [0x00000000e0000000, 0x0000000100000000)
[2021-01-31T12:22:52.541-0800][gc,heap,exit ]   region size 1024K, 18 young (18432K), 0 survivors (0K)
[2021-01-31T12:22:52.541-0800][gc,heap,exit ]  Metaspace       used 6587K, capacity 6889K, committed 7040K, reserved 1056768K
[2021-01-31T12:22:52.541-0800][gc,heap,exit ]   class space    used 754K, capacity 875K, committed 896K, reserved 1048576K
