[2021-02-07T19:18:52.425-0800][gc,heap] Heap region size: 1M
[2021-02-07T19:18:52.425-0800][gc,heap,coops] Heap address: 0x00000000e0000000, size: 512 MB, Compressed Oops mode: 32-bit
[2021-02-07T19:18:52.431-0800][gc           ] Using G1
[2021-02-07T19:18:52.431-0800][gc,cds       ] Mark closed archive regions in map: [0x00000000fff00000, 0x00000000fff7eff8]
[2021-02-07T19:18:52.431-0800][gc,cds       ] Mark open archive regions in map: [0x00000000ffe00000, 0x00000000ffe51ff8]
[2021-02-07T19:18:52.446-0800][gc           ] Periodic GC disabled
[2021-02-07T19:18:53.649-0800][gc,start     ] GC(0) Pause Young (Normal) (G1 Evacuation Pause)
[2021-02-07T19:18:53.651-0800][gc,task      ] GC(0) Using 8 workers of 8 for evacuation
[2021-02-07T19:18:53.663-0800][gc,phases    ] GC(0)   Pre Evacuate Collection Set: 0.3ms
[2021-02-07T19:18:53.664-0800][gc,phases    ] GC(0)   Merge Heap Roots: 0.3ms
[2021-02-07T19:18:53.664-0800][gc,phases    ] GC(0)   Evacuate Collection Set: 9.3ms
[2021-02-07T19:18:53.664-0800][gc,phases    ] GC(0)   Post Evacuate Collection Set: 2.0ms
[2021-02-07T19:18:53.664-0800][gc,phases    ] GC(0)   Other: 2.9ms
[2021-02-07T19:18:53.664-0800][gc,heap      ] GC(0) Eden regions: 25->0(21)
[2021-02-07T19:18:53.664-0800][gc,heap      ] GC(0) Survivor regions: 0->4(4)
[2021-02-07T19:18:53.664-0800][gc,heap      ] GC(0) Old regions: 0->2
[2021-02-07T19:18:53.664-0800][gc,heap      ] GC(0) Archive regions: 2->2
[2021-02-07T19:18:53.664-0800][gc,heap      ] GC(0) Humongous regions: 0->0
[2021-02-07T19:18:53.664-0800][gc,metaspace ] GC(0) Metaspace: 7413K(7936K)->7413K(7936K) NonClass: 6574K(6912K)->6574K(6912K) Class: 839K(1024K)->839K(1024K)
[2021-02-07T19:18:53.664-0800][gc           ] GC(0) Pause Young (Normal) (G1 Evacuation Pause) 25M->6M(512M) 14.978ms
[2021-02-07T19:18:53.664-0800][gc,cpu       ] GC(0) User=0.00s Sys=0.07s Real=0.01s
[2021-02-07T19:19:04.239-0800][gc,heap,exit ] Heap
[2021-02-07T19:19:04.239-0800][gc,heap,exit ]  garbage-first heap   total 524288K, used 8219K [0x00000000e0000000, 0x0000000100000000)
[2021-02-07T19:19:04.239-0800][gc,heap,exit ]   region size 1024K, 7 young (7168K), 4 survivors (4096K)
[2021-02-07T19:19:04.239-0800][gc,heap,exit ]  Metaspace       used 7499K, capacity 7730K, committed 7936K, reserved 1056768K
[2021-02-07T19:19:04.239-0800][gc,heap,exit ]   class space    used 844K, capacity 942K, committed 1024K, reserved 1048576K
