[2021-02-01T22:37:43.549-0800][gc,heap] Heap region size: 1M
[2021-02-01T22:37:43.549-0800][gc,heap,coops] Heap address: 0x00000000e0000000, size: 512 MB, Compressed Oops mode: 32-bit
[2021-02-01T22:37:43.553-0800][gc           ] Using G1
[2021-02-01T22:37:43.553-0800][gc,cds       ] Mark closed archive regions in map: [0x00000000fff00000, 0x00000000fff7eff8]
[2021-02-01T22:37:43.553-0800][gc,cds       ] Mark open archive regions in map: [0x00000000ffe00000, 0x00000000ffe51ff8]
[2021-02-01T22:37:43.567-0800][gc           ] Periodic GC disabled
[2021-02-01T22:37:44.179-0800][gc,start     ] GC(0) Pause Young (Normal) (G1 Evacuation Pause)
[2021-02-01T22:37:44.180-0800][gc,task      ] GC(0) Using 8 workers of 8 for evacuation
[2021-02-01T22:37:44.202-0800][gc,mmu       ] GC(0) MMU target violated: 21.0ms (20.0ms/21.0ms)
[2021-02-01T22:37:44.202-0800][gc,phases    ] GC(0)   Pre Evacuate Collection Set: 0.1ms
[2021-02-01T22:37:44.202-0800][gc,phases    ] GC(0)   Merge Heap Roots: 0.2ms
[2021-02-01T22:37:44.202-0800][gc,phases    ] GC(0)   Evacuate Collection Set: 20.6ms
[2021-02-01T22:37:44.202-0800][gc,phases    ] GC(0)   Post Evacuate Collection Set: 1.0ms
[2021-02-01T22:37:44.202-0800][gc,phases    ] GC(0)   Other: 1.9ms
[2021-02-01T22:37:44.202-0800][gc,heap      ] GC(0) Eden regions: 25->0(21)
[2021-02-01T22:37:44.202-0800][gc,heap      ] GC(0) Survivor regions: 0->4(4)
[2021-02-01T22:37:44.202-0800][gc,heap      ] GC(0) Old regions: 0->2
[2021-02-01T22:37:44.202-0800][gc,heap      ] GC(0) Archive regions: 2->2
[2021-02-01T22:37:44.202-0800][gc,heap      ] GC(0) Humongous regions: 0->0
[2021-02-01T22:37:44.202-0800][gc,metaspace ] GC(0) Metaspace: 7468K(7936K)->7468K(7936K) NonClass: 6626K(6912K)->6626K(6912K) Class: 842K(1024K)->842K(1024K)
[2021-02-01T22:37:44.202-0800][gc           ] GC(0) Pause Young (Normal) (G1 Evacuation Pause) 25M->6M(512M) 23.846ms
[2021-02-01T22:37:44.202-0800][gc,cpu       ] GC(0) User=0.02s Sys=0.12s Real=0.02s
[2021-02-01T22:37:51.511-0800][gc,heap,exit ] Heap
[2021-02-01T22:37:51.511-0800][gc,heap,exit ]  garbage-first heap   total 524288K, used 7283K [0x00000000e0000000, 0x0000000100000000)
[2021-02-01T22:37:51.511-0800][gc,heap,exit ]   region size 1024K, 6 young (6144K), 4 survivors (4096K)
[2021-02-01T22:37:51.511-0800][gc,heap,exit ]  Metaspace       used 7509K, capacity 7729K, committed 7936K, reserved 1056768K
[2021-02-01T22:37:51.511-0800][gc,heap,exit ]   class space    used 844K, capacity 942K, committed 1024K, reserved 1048576K
