[2021-02-01T22:38:19.472-0800][gc,heap] Heap region size: 1M
[2021-02-01T22:38:19.472-0800][gc,heap,coops] Heap address: 0x00000000e0000000, size: 512 MB, Compressed Oops mode: 32-bit
[2021-02-01T22:38:19.476-0800][gc           ] Using G1
[2021-02-01T22:38:19.476-0800][gc,cds       ] Mark closed archive regions in map: [0x00000000fff00000, 0x00000000fff7eff8]
[2021-02-01T22:38:19.476-0800][gc,cds       ] Mark open archive regions in map: [0x00000000ffe00000, 0x00000000ffe51ff8]
[2021-02-01T22:38:19.489-0800][gc           ] Periodic GC disabled
[2021-02-01T22:38:30.216-0800][gc,start     ] GC(0) Pause Young (Normal) (G1 Evacuation Pause)
[2021-02-01T22:38:30.218-0800][gc,task      ] GC(0) Using 8 workers of 8 for evacuation
[2021-02-01T22:38:30.225-0800][gc,phases    ] GC(0)   Pre Evacuate Collection Set: 0.2ms
[2021-02-01T22:38:30.225-0800][gc,phases    ] GC(0)   Merge Heap Roots: 0.2ms
[2021-02-01T22:38:30.225-0800][gc,phases    ] GC(0)   Evacuate Collection Set: 5.3ms
[2021-02-01T22:38:30.225-0800][gc,phases    ] GC(0)   Post Evacuate Collection Set: 1.2ms
[2021-02-01T22:38:30.225-0800][gc,phases    ] GC(0)   Other: 2.3ms
[2021-02-01T22:38:30.225-0800][gc,heap      ] GC(0) Eden regions: 25->0(21)
[2021-02-01T22:38:30.225-0800][gc,heap      ] GC(0) Survivor regions: 0->4(4)
[2021-02-01T22:38:30.225-0800][gc,heap      ] GC(0) Old regions: 0->2
[2021-02-01T22:38:30.225-0800][gc,heap      ] GC(0) Archive regions: 2->2
[2021-02-01T22:38:30.225-0800][gc,heap      ] GC(0) Humongous regions: 0->0
[2021-02-01T22:38:30.225-0800][gc,metaspace ] GC(0) Metaspace: 7413K(7936K)->7413K(7936K) NonClass: 6576K(6912K)->6576K(6912K) Class: 837K(1024K)->837K(1024K)
[2021-02-01T22:38:30.225-0800][gc           ] GC(0) Pause Young (Normal) (G1 Evacuation Pause) 25M->6M(512M) 9.267ms
[2021-02-01T22:38:30.225-0800][gc,cpu       ] GC(0) User=0.00s Sys=0.05s Real=0.01s
[2021-02-01T22:43:40.712-0800][gc,heap,exit ] Heap
[2021-02-01T22:43:40.712-0800][gc,heap,exit ]  garbage-first heap   total 524288K, used 11342K [0x00000000e0000000, 0x0000000100000000)
[2021-02-01T22:43:40.712-0800][gc,heap,exit ]   region size 1024K, 10 young (10240K), 4 survivors (4096K)
[2021-02-01T22:43:40.712-0800][gc,heap,exit ]  Metaspace       used 7892K, capacity 8146K, committed 8448K, reserved 1056768K
[2021-02-01T22:43:40.712-0800][gc,heap,exit ]   class space    used 866K, capacity 974K, committed 1024K, reserved 1048576K
