[2021-02-01T22:44:08.395-0800][gc,heap] Heap region size: 1M
[2021-02-01T22:44:08.395-0800][gc,heap,coops] Heap address: 0x00000000e0000000, size: 512 MB, Compressed Oops mode: 32-bit
[2021-02-01T22:44:08.399-0800][gc           ] Using G1
[2021-02-01T22:44:08.399-0800][gc,cds       ] Mark closed archive regions in map: [0x00000000fff00000, 0x00000000fff7eff8]
[2021-02-01T22:44:08.399-0800][gc,cds       ] Mark open archive regions in map: [0x00000000ffe00000, 0x00000000ffe51ff8]
[2021-02-01T22:44:08.413-0800][gc           ] Periodic GC disabled
[2021-02-01T22:44:13.303-0800][gc,start     ] GC(0) Pause Young (Normal) (G1 Evacuation Pause)
[2021-02-01T22:44:13.305-0800][gc,task      ] GC(0) Using 8 workers of 8 for evacuation
[2021-02-01T22:44:13.312-0800][gc,phases    ] GC(0)   Pre Evacuate Collection Set: 0.1ms
[2021-02-01T22:44:13.312-0800][gc,phases    ] GC(0)   Merge Heap Roots: 0.2ms
[2021-02-01T22:44:13.312-0800][gc,phases    ] GC(0)   Evacuate Collection Set: 5.7ms
[2021-02-01T22:44:13.312-0800][gc,phases    ] GC(0)   Post Evacuate Collection Set: 0.9ms
[2021-02-01T22:44:13.312-0800][gc,phases    ] GC(0)   Other: 1.5ms
[2021-02-01T22:44:13.312-0800][gc,heap      ] GC(0) Eden regions: 25->0(21)
[2021-02-01T22:44:13.312-0800][gc,heap      ] GC(0) Survivor regions: 0->4(4)
[2021-02-01T22:44:13.312-0800][gc,heap      ] GC(0) Old regions: 0->2
[2021-02-01T22:44:13.312-0800][gc,heap      ] GC(0) Archive regions: 2->2
[2021-02-01T22:44:13.312-0800][gc,heap      ] GC(0) Humongous regions: 0->0
[2021-02-01T22:44:13.312-0800][gc,metaspace ] GC(0) Metaspace: 7436K(7936K)->7436K(7936K) NonClass: 6588K(6912K)->6588K(6912K) Class: 848K(1024K)->848K(1024K)
[2021-02-01T22:44:13.312-0800][gc           ] GC(0) Pause Young (Normal) (G1 Evacuation Pause) 25M->5M(512M) 8.520ms
[2021-02-01T22:44:13.312-0800][gc,cpu       ] GC(0) User=0.05s Sys=0.01s Real=0.00s
[2021-02-03T16:03:19.381-0800][gc,heap,exit ] Heap
[2021-02-03T16:03:19.381-0800][gc,heap,exit ]  garbage-first heap   total 524288K, used 26578K [0x00000000e0000000, 0x0000000100000000)
[2021-02-03T16:03:19.381-0800][gc,heap,exit ]   region size 1024K, 25 young (25600K), 4 survivors (4096K)
[2021-02-03T16:03:19.381-0800][gc,heap,exit ]  Metaspace       used 8185K, capacity 8466K, committed 8704K, reserved 1056768K
[2021-02-03T16:03:19.381-0800][gc,heap,exit ]   class space    used 867K, capacity 974K, committed 1024K, reserved 1048576K
