[2021-02-03T16:03:21.327-0800][gc,heap] Heap region size: 1M
[2021-02-03T16:03:21.327-0800][gc,heap,coops] Heap address: 0x00000000e0000000, size: 512 MB, Compressed Oops mode: 32-bit
[2021-02-03T16:03:21.332-0800][gc           ] Using G1
[2021-02-03T16:03:21.332-0800][gc,cds       ] Mark closed archive regions in map: [0x00000000fff00000, 0x00000000fff7eff8]
[2021-02-03T16:03:21.332-0800][gc,cds       ] Mark open archive regions in map: [0x00000000ffe00000, 0x00000000ffe51ff8]
[2021-02-03T16:03:21.348-0800][gc           ] Periodic GC disabled
[2021-02-03T16:03:22.787-0800][gc,start     ] GC(0) Pause Young (Normal) (G1 Evacuation Pause)
[2021-02-03T16:03:22.788-0800][gc,task      ] GC(0) Using 8 workers of 8 for evacuation
[2021-02-03T16:03:22.794-0800][gc,phases    ] GC(0)   Pre Evacuate Collection Set: 0.2ms
[2021-02-03T16:03:22.795-0800][gc,phases    ] GC(0)   Merge Heap Roots: 0.2ms
[2021-02-03T16:03:22.795-0800][gc,phases    ] GC(0)   Evacuate Collection Set: 5.2ms
[2021-02-03T16:03:22.795-0800][gc,phases    ] GC(0)   Post Evacuate Collection Set: 1.1ms
[2021-02-03T16:03:22.795-0800][gc,phases    ] GC(0)   Other: 1.2ms
[2021-02-03T16:03:22.795-0800][gc,heap      ] GC(0) Eden regions: 25->0(21)
[2021-02-03T16:03:22.795-0800][gc,heap      ] GC(0) Survivor regions: 0->4(4)
[2021-02-03T16:03:22.795-0800][gc,heap      ] GC(0) Old regions: 0->2
[2021-02-03T16:03:22.795-0800][gc,heap      ] GC(0) Archive regions: 2->2
[2021-02-03T16:03:22.795-0800][gc,heap      ] GC(0) Humongous regions: 0->0
[2021-02-03T16:03:22.795-0800][gc,metaspace ] GC(0) Metaspace: 7284K(7936K)->7284K(7936K) NonClass: 6459K(6912K)->6459K(6912K) Class: 825K(1024K)->825K(1024K)
[2021-02-03T16:03:22.795-0800][gc           ] GC(0) Pause Young (Normal) (G1 Evacuation Pause) 25M->6M(512M) 8.139ms
[2021-02-03T16:03:22.795-0800][gc,cpu       ] GC(0) User=0.04s Sys=0.00s Real=0.01s
[2021-02-04T02:30:50.785-0800][gc,start     ] GC(1) Pause Young (Normal) (G1 Evacuation Pause)
[2021-02-04T02:30:50.786-0800][gc,task      ] GC(1) Using 8 workers of 8 for evacuation
[2021-02-04T02:30:50.797-0800][gc,phases    ] GC(1)   Pre Evacuate Collection Set: 1.2ms
[2021-02-04T02:30:50.797-0800][gc,phases    ] GC(1)   Merge Heap Roots: 0.3ms
[2021-02-04T02:30:50.797-0800][gc,phases    ] GC(1)   Evacuate Collection Set: 8.3ms
[2021-02-04T02:30:50.797-0800][gc,phases    ] GC(1)   Post Evacuate Collection Set: 1.5ms
[2021-02-04T02:30:50.797-0800][gc,phases    ] GC(1)   Other: 0.5ms
[2021-02-04T02:30:50.797-0800][gc,heap      ] GC(1) Eden regions: 21->0(24)
[2021-02-04T02:30:50.797-0800][gc,heap      ] GC(1) Survivor regions: 4->1(4)
[2021-02-04T02:30:50.797-0800][gc,heap      ] GC(1) Old regions: 2->6
[2021-02-04T02:30:50.797-0800][gc,heap      ] GC(1) Archive regions: 2->2
[2021-02-04T02:30:50.797-0800][gc,heap      ] GC(1) Humongous regions: 0->0
[2021-02-04T02:30:50.797-0800][gc,metaspace ] GC(1) Metaspace: 8186K(8704K)->8186K(8704K) NonClass: 7319K(7680K)->7319K(7680K) Class: 867K(1024K)->867K(1024K)
[2021-02-04T02:30:50.797-0800][gc           ] GC(1) Pause Young (Normal) (G1 Evacuation Pause) 27M->6M(512M) 12.008ms
[2021-02-04T02:30:50.797-0800][gc,cpu       ] GC(1) User=0.05s Sys=0.03s Real=0.01s
[2021-02-04T02:30:50.800-0800][gc,heap,exit ] Heap
[2021-02-04T02:30:50.800-0800][gc,heap,exit ]  garbage-first heap   total 524288K, used 6632K [0x00000000e0000000, 0x0000000100000000)
[2021-02-04T02:30:50.800-0800][gc,heap,exit ]   region size 1024K, 2 young (2048K), 1 survivors (1024K)
[2021-02-04T02:30:50.800-0800][gc,heap,exit ]  Metaspace       used 8187K, capacity 8466K, committed 8704K, reserved 1056768K
[2021-02-04T02:30:50.800-0800][gc,heap,exit ]   class space    used 867K, capacity 974K, committed 1024K, reserved 1048576K
